[0.034s] Invoking command in '/home/user/aerial_robotics/tello_ros2_humble_driver/build/tello_driver': CMAKE_PREFIX_PATH=/home/user/aerial_robotics/tello_ros2_humble_driver/install/tello_msgs:/home/user/aerial_robotics/tello_ros2_humble_driver/install/ros2_shared:/home/user/aerial_robotics/tello_ros2_humble_driver/install/tello_gazebo:/home/user/aerial_robotics/tello_ros2_humble_driver/install/tello_driver:/home/user/aerial_robotics/tello_ros2_humble_driver/install/tello_description:/opt/ros/humble LD_LIBRARY_PATH=/home/user/aerial_robotics/tello_ros2_humble_driver/install/tello_msgs/lib:/home/user/aerial_robotics/tello_ros2_humble_driver/install/tello_gazebo/lib:/home/user/aerial_robotics/tello_ros2_humble_driver/install/tello_driver/lib:/usr/lib/x86_64-linux-gnu/gazebo-11/plugins:/opt/ros/humble/opt/rviz_ogre_vendor/lib:/opt/ros/humble/lib/x86_64-linux-gnu:/opt/ros/humble/lib /usr/bin/cmake --build /home/user/aerial_robotics/tello_ros2_humble_driver/build/tello_driver -- -j16 -l16
[0.055s] [35m[1mConsolidate compiler generated dependencies of target tello_joy_node[0m
[0.055s] [35m[1mConsolidate compiler generated dependencies of target tello_emulator[0m
[0.056s] [35m[1mConsolidate compiler generated dependencies of target tello_joy_main[0m
[0.059s] [35m[1mConsolidate compiler generated dependencies of target tello_driver_main[0m
[0.060s] [35m[1mConsolidate compiler generated dependencies of target tello_driver_node[0m
[0.065s] [  9%] Built target tello_joy_node
[0.065s] [ 18%] Built target tello_emulator
[0.066s] [ 31%] Built target tello_joy_main
[0.078s] [ 63%] Built target tello_driver_node
[0.079s] [100%] Built target tello_driver_main
[0.093s] Invoked command in '/home/user/aerial_robotics/tello_ros2_humble_driver/build/tello_driver' returned '0': CMAKE_PREFIX_PATH=/home/user/aerial_robotics/tello_ros2_humble_driver/install/tello_msgs:/home/user/aerial_robotics/tello_ros2_humble_driver/install/ros2_shared:/home/user/aerial_robotics/tello_ros2_humble_driver/install/tello_gazebo:/home/user/aerial_robotics/tello_ros2_humble_driver/install/tello_driver:/home/user/aerial_robotics/tello_ros2_humble_driver/install/tello_description:/opt/ros/humble LD_LIBRARY_PATH=/home/user/aerial_robotics/tello_ros2_humble_driver/install/tello_msgs/lib:/home/user/aerial_robotics/tello_ros2_humble_driver/install/tello_gazebo/lib:/home/user/aerial_robotics/tello_ros2_humble_driver/install/tello_driver/lib:/usr/lib/x86_64-linux-gnu/gazebo-11/plugins:/opt/ros/humble/opt/rviz_ogre_vendor/lib:/opt/ros/humble/lib/x86_64-linux-gnu:/opt/ros/humble/lib /usr/bin/cmake --build /home/user/aerial_robotics/tello_ros2_humble_driver/build/tello_driver -- -j16 -l16
[0.093s] Invoking command in '/home/user/aerial_robotics/tello_ros2_humble_driver/build/tello_driver': CMAKE_PREFIX_PATH=/home/user/aerial_robotics/tello_ros2_humble_driver/install/tello_msgs:/home/user/aerial_robotics/tello_ros2_humble_driver/install/ros2_shared:/home/user/aerial_robotics/tello_ros2_humble_driver/install/tello_gazebo:/home/user/aerial_robotics/tello_ros2_humble_driver/install/tello_driver:/home/user/aerial_robotics/tello_ros2_humble_driver/install/tello_description:/opt/ros/humble LD_LIBRARY_PATH=/home/user/aerial_robotics/tello_ros2_humble_driver/install/tello_msgs/lib:/home/user/aerial_robotics/tello_ros2_humble_driver/install/tello_gazebo/lib:/home/user/aerial_robotics/tello_ros2_humble_driver/install/tello_driver/lib:/usr/lib/x86_64-linux-gnu/gazebo-11/plugins:/opt/ros/humble/opt/rviz_ogre_vendor/lib:/opt/ros/humble/lib/x86_64-linux-gnu:/opt/ros/humble/lib /usr/bin/cmake --install /home/user/aerial_robotics/tello_ros2_humble_driver/build/tello_driver
[0.097s] -- Install configuration: ""
[0.098s] -- Execute custom install script
[0.098s] -- Up-to-date symlink: /home/user/aerial_robotics/tello_ros2_humble_driver/install/tello_driver/share/tello_driver/environment/library_path.sh
[0.098s] -- Up-to-date symlink: /home/user/aerial_robotics/tello_ros2_humble_driver/install/tello_driver/share/tello_driver/environment/library_path.dsv
[0.098s] -- Up-to-date symlink: /home/user/aerial_robotics/tello_ros2_humble_driver/install/tello_driver/lib/libtello_driver_node.so
[0.098s] -- Up-to-date symlink: /home/user/aerial_robotics/tello_ros2_humble_driver/install/tello_driver/lib/libtello_joy_node.so
[0.098s] -- Up-to-date symlink: /home/user/aerial_robotics/tello_ros2_humble_driver/install/tello_driver/lib/tello_driver/tello_driver_main
[0.098s] -- Up-to-date symlink: /home/user/aerial_robotics/tello_ros2_humble_driver/install/tello_driver/lib/tello_driver/tello_joy_main
[0.098s] -- Up-to-date symlink: /home/user/aerial_robotics/tello_ros2_humble_driver/install/tello_driver/lib/tello_driver/tello_emulator
[0.098s] -- Up-to-date symlink: /home/user/aerial_robotics/tello_ros2_humble_driver/install/tello_driver/share/tello_driver/cfg/camera_info.yaml
[0.098s] -- Up-to-date symlink: /home/user/aerial_robotics/tello_ros2_humble_driver/install/tello_driver/share/tello_driver/launch/emulator_launch.py
[0.098s] -- Up-to-date symlink: /home/user/aerial_robotics/tello_ros2_humble_driver/install/tello_driver/share/tello_driver/launch/emulators_launch.py
[0.098s] -- Up-to-date symlink: /home/user/aerial_robotics/tello_ros2_humble_driver/install/tello_driver/share/tello_driver/launch/teleop_launch.py
[0.099s] -- Up-to-date symlink: /home/user/aerial_robotics/tello_ros2_humble_driver/install/tello_driver/share/ament_index/resource_index/package_run_dependencies/tello_driver
[0.099s] -- Up-to-date symlink: /home/user/aerial_robotics/tello_ros2_humble_driver/install/tello_driver/share/ament_index/resource_index/parent_prefix_path/tello_driver
[0.099s] -- Up-to-date symlink: /home/user/aerial_robotics/tello_ros2_humble_driver/install/tello_driver/share/tello_driver/environment/ament_prefix_path.sh
[0.099s] -- Up-to-date symlink: /home/user/aerial_robotics/tello_ros2_humble_driver/install/tello_driver/share/tello_driver/environment/ament_prefix_path.dsv
[0.099s] -- Up-to-date symlink: /home/user/aerial_robotics/tello_ros2_humble_driver/install/tello_driver/share/tello_driver/environment/path.sh
[0.099s] -- Up-to-date symlink: /home/user/aerial_robotics/tello_ros2_humble_driver/install/tello_driver/share/tello_driver/environment/path.dsv
[0.099s] -- Up-to-date symlink: /home/user/aerial_robotics/tello_ros2_humble_driver/install/tello_driver/share/tello_driver/local_setup.bash
[0.099s] -- Up-to-date symlink: /home/user/aerial_robotics/tello_ros2_humble_driver/install/tello_driver/share/tello_driver/local_setup.sh
[0.099s] -- Up-to-date symlink: /home/user/aerial_robotics/tello_ros2_humble_driver/install/tello_driver/share/tello_driver/local_setup.zsh
[0.099s] -- Up-to-date symlink: /home/user/aerial_robotics/tello_ros2_humble_driver/install/tello_driver/share/tello_driver/local_setup.dsv
[0.099s] -- Symlinking: /home/user/aerial_robotics/tello_ros2_humble_driver/install/tello_driver/share/tello_driver/package.dsv
[0.104s] -- Up-to-date symlink: /home/user/aerial_robotics/tello_ros2_humble_driver/install/tello_driver/share/ament_index/resource_index/packages/tello_driver
[0.104s] -- Up-to-date symlink: /home/user/aerial_robotics/tello_ros2_humble_driver/install/tello_driver/share/ament_index/resource_index/rclcpp_components/tello_driver
[0.104s] -- Up-to-date symlink: /home/user/aerial_robotics/tello_ros2_humble_driver/install/tello_driver/share/tello_driver/cmake/tello_driverConfig.cmake
[0.104s] -- Up-to-date symlink: /home/user/aerial_robotics/tello_ros2_humble_driver/install/tello_driver/share/tello_driver/cmake/tello_driverConfig-version.cmake
[0.104s] -- Up-to-date symlink: /home/user/aerial_robotics/tello_ros2_humble_driver/install/tello_driver/share/tello_driver/package.xml
[0.105s] Invoked command in '/home/user/aerial_robotics/tello_ros2_humble_driver/build/tello_driver' returned '0': CMAKE_PREFIX_PATH=/home/user/aerial_robotics/tello_ros2_humble_driver/install/tello_msgs:/home/user/aerial_robotics/tello_ros2_humble_driver/install/ros2_shared:/home/user/aerial_robotics/tello_ros2_humble_driver/install/tello_gazebo:/home/user/aerial_robotics/tello_ros2_humble_driver/install/tello_driver:/home/user/aerial_robotics/tello_ros2_humble_driver/install/tello_description:/opt/ros/humble LD_LIBRARY_PATH=/home/user/aerial_robotics/tello_ros2_humble_driver/install/tello_msgs/lib:/home/user/aerial_robotics/tello_ros2_humble_driver/install/tello_gazebo/lib:/home/user/aerial_robotics/tello_ros2_humble_driver/install/tello_driver/lib:/usr/lib/x86_64-linux-gnu/gazebo-11/plugins:/opt/ros/humble/opt/rviz_ogre_vendor/lib:/opt/ros/humble/lib/x86_64-linux-gnu:/opt/ros/humble/lib /usr/bin/cmake --install /home/user/aerial_robotics/tello_ros2_humble_driver/build/tello_driver
