-- The C compiler identification is GNU 11.4.0
-- The CXX compiler identification is GNU 11.4.0
-- Detecting C compiler ABI info
-- Detecting C compiler ABI info - done
-- Check for working C compiler: /usr/bin/cc - skipped
-- Detecting C compile features
-- Detecting C compile features - done
-- Detecting CXX compiler ABI info
-- Detecting CXX compiler ABI info - done
-- Check for working CXX compiler: /usr/bin/c++ - skipped
-- Detecting CXX compile features
-- Detecting CXX compile features - done
-- Found ament_cmake: 1.3.14 (/opt/ros/humble/share/ament_cmake/cmake)
-- Found Python3: /usr/bin/python3 (found version "3.10.12") found components: Interpreter 
-- Override CMake install command with custom implementation using symlinks instead of copying resources
-- Found camera_calibration_parsers: 3.1.12 (/opt/ros/humble/share/camera_calibration_parsers/cmake)
-- Found rosidl_generator_c: 3.1.8 (/opt/ros/humble/share/rosidl_generator_c/cmake)
-- Found rosidl_adapter: 3.1.8 (/opt/ros/humble/share/rosidl_adapter/cmake)
-- Found rosidl_generator_cpp: 3.1.8 (/opt/ros/humble/share/rosidl_generator_cpp/cmake)
-- Using all available rosidl_typesupport_c: rosidl_typesupport_fastrtps_c;rosidl_typesupport_introspection_c
-- Using all available rosidl_typesupport_cpp: rosidl_typesupport_fastrtps_cpp;rosidl_typesupport_introspection_cpp
-- Found rmw_implementation_cmake: 6.1.2 (/opt/ros/humble/share/rmw_implementation_cmake/cmake)
-- Found rmw_fastrtps_cpp: 6.2.10 (/opt/ros/humble/share/rmw_fastrtps_cpp/cmake)
-- Found OpenSSL: /usr/lib/x86_64-linux-gnu/libcrypto.so (found version "3.0.2")  
-- Found FastRTPS: /opt/ros/humble/include  
-- Using RMW implementation 'rmw_fastrtps_cpp' as default
-- Looking for pthread.h
-- Looking for pthread.h - found
-- Performing Test CMAKE_HAVE_LIBC_PTHREAD
-- Performing Test CMAKE_HAVE_LIBC_PTHREAD - Success
-- Found Threads: TRUE  
-- Found class_loader: 2.2.0 (/opt/ros/humble/share/class_loader/cmake)
-- Found cv_bridge: 3.2.1 (/opt/ros/humble/share/cv_bridge/cmake)
-- Found OpenCV: /usr (found version "4.5.4") 
-- Found rclcpp_components: 16.0.18 (/opt/ros/humble/share/rclcpp_components/cmake)
-- Found ros2_shared: 0.1.0 (/home/user/aerial_robotics/tello_ros2_humble_driver/install/ros2_shared/share/ros2_shared/cmake)
-- Found tello_msgs: 0.1.0 (/home/user/aerial_robotics/tello_ros2_humble_driver/install/tello_msgs/share/tello_msgs/cmake)
-- Configuring done
-- Generating done
-- Build files have been written to: /home/user/aerial_robotics/tello_ros2_humble_driver/build/tello_driver
[  4%] [32mBuilding CXX object CMakeFiles/tello_joy_node.dir/src/tello_joy_node.cpp.o[0m
[ 13%] [32mBuilding CXX object CMakeFiles/tello_driver_node.dir/src/tello_socket.cpp.o[0m
[ 13%] [32mBuilding CXX object CMakeFiles/tello_emulator.dir/src/tello_emulator.cpp.o[0m
[ 18%] [32mBuilding CXX object CMakeFiles/tello_driver_main.dir/src/tello_driver_node.cpp.o[0m
[ 22%] [32mBuilding CXX object CMakeFiles/tello_joy_main.dir/src/tello_joy_main.cpp.o[0m
[ 27%] [32mBuilding CXX object CMakeFiles/tello_driver_node.dir/h264decoder/h264decoder.cpp.o[0m
[ 31%] [32mBuilding CXX object CMakeFiles/tello_driver_main.dir/src/video_socket.cpp.o[0m
[ 45%] [32mBuilding CXX object CMakeFiles/tello_driver_node.dir/src/command_socket.cpp.o[0m
[ 45%] [32mBuilding CXX object CMakeFiles/tello_driver_main.dir/src/tello_driver_main.cpp.o[0m
[ 45%] [32mBuilding CXX object CMakeFiles/tello_driver_main.dir/src/state_socket.cpp.o[0m
[ 54%] [32mBuilding CXX object CMakeFiles/tello_driver_node.dir/src/state_socket.cpp.o[0m
[ 54%] [32mBuilding CXX object CMakeFiles/tello_driver_main.dir/src/command_socket.cpp.o[0m
[ 63%] [32mBuilding CXX object CMakeFiles/tello_driver_node.dir/src/video_socket.cpp.o[0m
[ 68%] [32mBuilding CXX object CMakeFiles/tello_driver_main.dir/src/tello_socket.cpp.o[0m
[ 68%] [32mBuilding CXX object CMakeFiles/tello_driver_node.dir/src/tello_driver_node.cpp.o[0m
[ 72%] [32mBuilding CXX object CMakeFiles/tello_joy_main.dir/src/tello_joy_node.cpp.o[0m
[ 77%] [32mBuilding CXX object CMakeFiles/tello_driver_main.dir/h264decoder/h264decoder.cpp.o[0m
[ 81%] [32m[1mLinking CXX executable tello_emulator[0m
[ 81%] Built target tello_emulator
[ 86%] [32m[1mLinking CXX executable tello_joy_main[0m
[ 90%] [32m[1mLinking CXX shared library libtello_joy_node.so[0m
[ 90%] Built target tello_joy_main
[ 90%] Built target tello_joy_node
[ 95%] [32m[1mLinking CXX executable tello_driver_main[0m
[100%] [32m[1mLinking CXX shared library libtello_driver_node.so[0m
[100%] Built target tello_driver_node
[100%] Built target tello_driver_main
-- Install configuration: ""
-- Execute custom install script
-- Symlinking: /home/user/aerial_robotics/tello_ros2_humble_driver/install/tello_driver/share/tello_driver/environment/library_path.sh
-- Symlinking: /home/user/aerial_robotics/tello_ros2_humble_driver/install/tello_driver/share/tello_driver/environment/library_path.dsv
-- Symlinking: /home/user/aerial_robotics/tello_ros2_humble_driver/install/tello_driver/lib/libtello_driver_node.so
-- Symlinking: /home/user/aerial_robotics/tello_ros2_humble_driver/install/tello_driver/lib/libtello_joy_node.so
-- Symlinking: /home/user/aerial_robotics/tello_ros2_humble_driver/install/tello_driver/lib/tello_driver/tello_driver_main
-- Symlinking: /home/user/aerial_robotics/tello_ros2_humble_driver/install/tello_driver/lib/tello_driver/tello_joy_main
-- Symlinking: /home/user/aerial_robotics/tello_ros2_humble_driver/install/tello_driver/lib/tello_driver/tello_emulator
-- Symlinking: /home/user/aerial_robotics/tello_ros2_humble_driver/install/tello_driver/share/tello_driver/cfg/camera_info.yaml
-- Symlinking: /home/user/aerial_robotics/tello_ros2_humble_driver/install/tello_driver/share/tello_driver/launch/emulator_launch.py
-- Symlinking: /home/user/aerial_robotics/tello_ros2_humble_driver/install/tello_driver/share/tello_driver/launch/emulators_launch.py
-- Symlinking: /home/user/aerial_robotics/tello_ros2_humble_driver/install/tello_driver/share/tello_driver/launch/teleop_launch.py
-- Symlinking: /home/user/aerial_robotics/tello_ros2_humble_driver/install/tello_driver/share/ament_index/resource_index/package_run_dependencies/tello_driver
-- Symlinking: /home/user/aerial_robotics/tello_ros2_humble_driver/install/tello_driver/share/ament_index/resource_index/parent_prefix_path/tello_driver
-- Symlinking: /home/user/aerial_robotics/tello_ros2_humble_driver/install/tello_driver/share/tello_driver/environment/ament_prefix_path.sh
-- Symlinking: /home/user/aerial_robotics/tello_ros2_humble_driver/install/tello_driver/share/tello_driver/environment/ament_prefix_path.dsv
-- Symlinking: /home/user/aerial_robotics/tello_ros2_humble_driver/install/tello_driver/share/tello_driver/environment/path.sh
-- Symlinking: /home/user/aerial_robotics/tello_ros2_humble_driver/install/tello_driver/share/tello_driver/environment/path.dsv
-- Symlinking: /home/user/aerial_robotics/tello_ros2_humble_driver/install/tello_driver/share/tello_driver/local_setup.bash
-- Symlinking: /home/user/aerial_robotics/tello_ros2_humble_driver/install/tello_driver/share/tello_driver/local_setup.sh
-- Symlinking: /home/user/aerial_robotics/tello_ros2_humble_driver/install/tello_driver/share/tello_driver/local_setup.zsh
-- Symlinking: /home/user/aerial_robotics/tello_ros2_humble_driver/install/tello_driver/share/tello_driver/local_setup.dsv
-- Symlinking: /home/user/aerial_robotics/tello_ros2_humble_driver/install/tello_driver/share/tello_driver/package.dsv
-- Symlinking: /home/user/aerial_robotics/tello_ros2_humble_driver/install/tello_driver/share/ament_index/resource_index/packages/tello_driver
-- Symlinking: /home/user/aerial_robotics/tello_ros2_humble_driver/install/tello_driver/share/ament_index/resource_index/rclcpp_components/tello_driver
-- Symlinking: /home/user/aerial_robotics/tello_ros2_humble_driver/install/tello_driver/share/tello_driver/cmake/tello_driverConfig.cmake
-- Symlinking: /home/user/aerial_robotics/tello_ros2_humble_driver/install/tello_driver/share/tello_driver/cmake/tello_driverConfig-version.cmake
-- Symlinking: /home/user/aerial_robotics/tello_ros2_humble_driver/install/tello_driver/share/tello_driver/package.xml
