[0.031s] Invoking command in '/home/user/aerial_robotics/tello_ros2_humble_driver/build/tello_driver': AMENT_PREFIX_PATH=/home/user/aerial_robotics/tello_ros2_humble_driver/install/tello_msgs:/home/user/aerial_robotics/tello_ros2_humble_driver/install/ros2_shared:${AMENT_PREFIX_PATH} CMAKE_PREFIX_PATH=/home/user/aerial_robotics/tello_ros2_humble_driver/install/tello_msgs:/home/user/aerial_robotics/tello_ros2_humble_driver/install/ros2_shared:/opt/ros/humble LD_LIBRARY_PATH=/home/user/aerial_robotics/tello_ros2_humble_driver/install/tello_msgs/lib:${LD_LIBRARY_PATH} PYTHONPATH=/home/user/aerial_robotics/tello_ros2_humble_driver/install/tello_msgs/local/lib/python3.10/dist-packages:${PYTHONPATH} /usr/bin/cmake /home/user/aerial_robotics/tello_ros2_humble_driver/tello_ros/tello_driver -DAMENT_CMAKE_SYMLINK_INSTALL=1 -DCMAKE_INSTALL_PREFIX=/home/user/aerial_robotics/tello_ros2_humble_driver/install/tello_driver
[0.079s] -- The C compiler identification is GNU 11.4.0
[0.203s] -- The CXX compiler identification is GNU 11.4.0
[0.293s] -- Detecting C compiler ABI info
[0.350s] -- Detecting C compiler ABI info - done
[0.353s] -- Check for working C compiler: /usr/bin/cc - skipped
[0.353s] -- Detecting C compile features
[0.354s] -- Detecting C compile features - done
[0.355s] -- Detecting CXX compiler ABI info
[0.414s] -- Detecting CXX compiler ABI info - done
[0.417s] -- Check for working CXX compiler: /usr/bin/c++ - skipped
[0.417s] -- Detecting CXX compile features
[0.417s] -- Detecting CXX compile features - done
[0.418s] -- Found ament_cmake: 1.3.14 (/opt/ros/humble/share/ament_cmake/cmake)
[0.491s] -- Found Python3: /usr/bin/python3 (found version "3.10.12") found components: Interpreter 
[0.523s] -- Override CMake install command with custom implementation using symlinks instead of copying resources
[0.535s] -- Found camera_calibration_parsers: 3.1.12 (/opt/ros/humble/share/camera_calibration_parsers/cmake)
[0.624s] -- Found rosidl_generator_c: 3.1.8 (/opt/ros/humble/share/rosidl_generator_c/cmake)
[0.626s] -- Found rosidl_adapter: 3.1.8 (/opt/ros/humble/share/rosidl_adapter/cmake)
[0.629s] -- Found rosidl_generator_cpp: 3.1.8 (/opt/ros/humble/share/rosidl_generator_cpp/cmake)
[0.635s] -- Using all available rosidl_typesupport_c: rosidl_typesupport_fastrtps_c;rosidl_typesupport_introspection_c
[0.642s] -- Using all available rosidl_typesupport_cpp: rosidl_typesupport_fastrtps_cpp;rosidl_typesupport_introspection_cpp
[0.671s] -- Found rmw_implementation_cmake: 6.1.2 (/opt/ros/humble/share/rmw_implementation_cmake/cmake)
[0.673s] -- Found rmw_fastrtps_cpp: 6.2.10 (/opt/ros/humble/share/rmw_fastrtps_cpp/cmake)
[1.156s] -- Found OpenSSL: /usr/lib/x86_64-linux-gnu/libcrypto.so (found version "3.0.2")  
[1.501s] -- Found FastRTPS: /opt/ros/humble/include  
[2.180s] -- Using RMW implementation 'rmw_fastrtps_cpp' as default
[2.188s] -- Looking for pthread.h
[2.248s] -- Looking for pthread.h - found
[2.248s] -- Performing Test CMAKE_HAVE_LIBC_PTHREAD
[2.302s] -- Performing Test CMAKE_HAVE_LIBC_PTHREAD - Success
[2.302s] -- Found Threads: TRUE  
[2.366s] -- Found class_loader: 2.2.0 (/opt/ros/humble/share/class_loader/cmake)
[2.372s] -- Found cv_bridge: 3.2.1 (/opt/ros/humble/share/cv_bridge/cmake)
[2.380s] -- Found OpenCV: /usr (found version "4.5.4") 
[2.381s] -- Found rclcpp_components: 16.0.18 (/opt/ros/humble/share/rclcpp_components/cmake)
[2.395s] -- Found ros2_shared: 0.1.0 (/home/user/aerial_robotics/tello_ros2_humble_driver/install/ros2_shared/share/ros2_shared/cmake)
[2.395s] -- Found tello_msgs: 0.1.0 (/home/user/aerial_robotics/tello_ros2_humble_driver/install/tello_msgs/share/tello_msgs/cmake)
[2.439s] -- Configuring done
[2.454s] -- Generating done
[2.459s] -- Build files have been written to: /home/user/aerial_robotics/tello_ros2_humble_driver/build/tello_driver
[2.466s] Invoked command in '/home/user/aerial_robotics/tello_ros2_humble_driver/build/tello_driver' returned '0': AMENT_PREFIX_PATH=/home/user/aerial_robotics/tello_ros2_humble_driver/install/tello_msgs:/home/user/aerial_robotics/tello_ros2_humble_driver/install/ros2_shared:${AMENT_PREFIX_PATH} CMAKE_PREFIX_PATH=/home/user/aerial_robotics/tello_ros2_humble_driver/install/tello_msgs:/home/user/aerial_robotics/tello_ros2_humble_driver/install/ros2_shared:/opt/ros/humble LD_LIBRARY_PATH=/home/user/aerial_robotics/tello_ros2_humble_driver/install/tello_msgs/lib:${LD_LIBRARY_PATH} PYTHONPATH=/home/user/aerial_robotics/tello_ros2_humble_driver/install/tello_msgs/local/lib/python3.10/dist-packages:${PYTHONPATH} /usr/bin/cmake /home/user/aerial_robotics/tello_ros2_humble_driver/tello_ros/tello_driver -DAMENT_CMAKE_SYMLINK_INSTALL=1 -DCMAKE_INSTALL_PREFIX=/home/user/aerial_robotics/tello_ros2_humble_driver/install/tello_driver
[2.466s] Invoking command in '/home/user/aerial_robotics/tello_ros2_humble_driver/build/tello_driver': AMENT_PREFIX_PATH=/home/user/aerial_robotics/tello_ros2_humble_driver/install/tello_msgs:/home/user/aerial_robotics/tello_ros2_humble_driver/install/ros2_shared:${AMENT_PREFIX_PATH} CMAKE_PREFIX_PATH=/home/user/aerial_robotics/tello_ros2_humble_driver/install/tello_msgs:/home/user/aerial_robotics/tello_ros2_humble_driver/install/ros2_shared:/opt/ros/humble LD_LIBRARY_PATH=/home/user/aerial_robotics/tello_ros2_humble_driver/install/tello_msgs/lib:${LD_LIBRARY_PATH} PYTHONPATH=/home/user/aerial_robotics/tello_ros2_humble_driver/install/tello_msgs/local/lib/python3.10/dist-packages:${PYTHONPATH} /usr/bin/cmake --build /home/user/aerial_robotics/tello_ros2_humble_driver/build/tello_driver -- -j16 -l16
[2.492s] [  4%] [32mBuilding CXX object CMakeFiles/tello_joy_node.dir/src/tello_joy_node.cpp.o[0m
[2.493s] [ 13%] [32mBuilding CXX object CMakeFiles/tello_driver_node.dir/src/tello_socket.cpp.o[0m
[2.493s] [ 13%] [32mBuilding CXX object CMakeFiles/tello_emulator.dir/src/tello_emulator.cpp.o[0m
[2.498s] [ 18%] [32mBuilding CXX object CMakeFiles/tello_driver_main.dir/src/tello_driver_node.cpp.o[0m
[2.498s] [ 22%] [32mBuilding CXX object CMakeFiles/tello_joy_main.dir/src/tello_joy_main.cpp.o[0m
[2.498s] [ 27%] [32mBuilding CXX object CMakeFiles/tello_driver_node.dir/h264decoder/h264decoder.cpp.o[0m
[2.499s] [ 31%] [32mBuilding CXX object CMakeFiles/tello_driver_main.dir/src/video_socket.cpp.o[0m
[2.499s] [ 45%] [32mBuilding CXX object CMakeFiles/tello_driver_node.dir/src/command_socket.cpp.o[0m
[2.499s] [ 45%] [32mBuilding CXX object CMakeFiles/tello_driver_main.dir/src/tello_driver_main.cpp.o[0m
[2.499s] [ 45%] [32mBuilding CXX object CMakeFiles/tello_driver_main.dir/src/state_socket.cpp.o[0m
[2.499s] [ 54%] [32mBuilding CXX object CMakeFiles/tello_driver_node.dir/src/state_socket.cpp.o[0m
[2.499s] [ 54%] [32mBuilding CXX object CMakeFiles/tello_driver_main.dir/src/command_socket.cpp.o[0m
[2.499s] [ 63%] [32mBuilding CXX object CMakeFiles/tello_driver_node.dir/src/video_socket.cpp.o[0m
[2.499s] [ 68%] [32mBuilding CXX object CMakeFiles/tello_driver_main.dir/src/tello_socket.cpp.o[0m
[2.499s] [ 68%] [32mBuilding CXX object CMakeFiles/tello_driver_node.dir/src/tello_driver_node.cpp.o[0m
[2.500s] [ 72%] [32mBuilding CXX object CMakeFiles/tello_joy_main.dir/src/tello_joy_node.cpp.o[0m
[2.921s] [ 77%] [32mBuilding CXX object CMakeFiles/tello_driver_main.dir/h264decoder/h264decoder.cpp.o[0m
[4.364s] [ 81%] [32m[1mLinking CXX executable tello_emulator[0m
[4.559s] [ 81%] Built target tello_emulator
[10.622s] [ 86%] [32m[1mLinking CXX executable tello_joy_main[0m
[10.672s] [ 90%] [32m[1mLinking CXX shared library libtello_joy_node.so[0m
[10.956s] [ 90%] Built target tello_joy_main
[10.968s] [ 90%] Built target tello_joy_node
[11.893s] [ 95%] [32m[1mLinking CXX executable tello_driver_main[0m
[11.991s] [100%] [32m[1mLinking CXX shared library libtello_driver_node.so[0m
[12.493s] [100%] Built target tello_driver_node
[12.846s] [100%] Built target tello_driver_main
[12.852s] Invoked command in '/home/user/aerial_robotics/tello_ros2_humble_driver/build/tello_driver' returned '0': AMENT_PREFIX_PATH=/home/user/aerial_robotics/tello_ros2_humble_driver/install/tello_msgs:/home/user/aerial_robotics/tello_ros2_humble_driver/install/ros2_shared:${AMENT_PREFIX_PATH} CMAKE_PREFIX_PATH=/home/user/aerial_robotics/tello_ros2_humble_driver/install/tello_msgs:/home/user/aerial_robotics/tello_ros2_humble_driver/install/ros2_shared:/opt/ros/humble LD_LIBRARY_PATH=/home/user/aerial_robotics/tello_ros2_humble_driver/install/tello_msgs/lib:${LD_LIBRARY_PATH} PYTHONPATH=/home/user/aerial_robotics/tello_ros2_humble_driver/install/tello_msgs/local/lib/python3.10/dist-packages:${PYTHONPATH} /usr/bin/cmake --build /home/user/aerial_robotics/tello_ros2_humble_driver/build/tello_driver -- -j16 -l16
[12.853s] Invoking command in '/home/user/aerial_robotics/tello_ros2_humble_driver/build/tello_driver': AMENT_PREFIX_PATH=/home/user/aerial_robotics/tello_ros2_humble_driver/install/tello_msgs:/home/user/aerial_robotics/tello_ros2_humble_driver/install/ros2_shared:${AMENT_PREFIX_PATH} CMAKE_PREFIX_PATH=/home/user/aerial_robotics/tello_ros2_humble_driver/install/tello_msgs:/home/user/aerial_robotics/tello_ros2_humble_driver/install/ros2_shared:/opt/ros/humble LD_LIBRARY_PATH=/home/user/aerial_robotics/tello_ros2_humble_driver/install/tello_msgs/lib:${LD_LIBRARY_PATH} PYTHONPATH=/home/user/aerial_robotics/tello_ros2_humble_driver/install/tello_msgs/local/lib/python3.10/dist-packages:${PYTHONPATH} /usr/bin/cmake --install /home/user/aerial_robotics/tello_ros2_humble_driver/build/tello_driver
[12.857s] -- Install configuration: ""
[12.857s] -- Execute custom install script
[12.858s] -- Symlinking: /home/user/aerial_robotics/tello_ros2_humble_driver/install/tello_driver/share/tello_driver/environment/library_path.sh
[12.862s] -- Symlinking: /home/user/aerial_robotics/tello_ros2_humble_driver/install/tello_driver/share/tello_driver/environment/library_path.dsv
[12.867s] -- Symlinking: /home/user/aerial_robotics/tello_ros2_humble_driver/install/tello_driver/lib/libtello_driver_node.so
[12.871s] -- Symlinking: /home/user/aerial_robotics/tello_ros2_humble_driver/install/tello_driver/lib/libtello_joy_node.so
[12.876s] -- Symlinking: /home/user/aerial_robotics/tello_ros2_humble_driver/install/tello_driver/lib/tello_driver/tello_driver_main
[12.880s] -- Symlinking: /home/user/aerial_robotics/tello_ros2_humble_driver/install/tello_driver/lib/tello_driver/tello_joy_main
[12.884s] -- Symlinking: /home/user/aerial_robotics/tello_ros2_humble_driver/install/tello_driver/lib/tello_driver/tello_emulator
[12.889s] -- Symlinking: /home/user/aerial_robotics/tello_ros2_humble_driver/install/tello_driver/share/tello_driver/cfg/camera_info.yaml
[12.895s] -- Symlinking: /home/user/aerial_robotics/tello_ros2_humble_driver/install/tello_driver/share/tello_driver/launch/emulator_launch.py
[12.899s] -- Symlinking: /home/user/aerial_robotics/tello_ros2_humble_driver/install/tello_driver/share/tello_driver/launch/emulators_launch.py
[12.903s] -- Symlinking: /home/user/aerial_robotics/tello_ros2_humble_driver/install/tello_driver/share/tello_driver/launch/teleop_launch.py
[12.908s] -- Symlinking: /home/user/aerial_robotics/tello_ros2_humble_driver/install/tello_driver/share/ament_index/resource_index/package_run_dependencies/tello_driver
[12.912s] -- Symlinking: /home/user/aerial_robotics/tello_ros2_humble_driver/install/tello_driver/share/ament_index/resource_index/parent_prefix_path/tello_driver
[12.916s] -- Symlinking: /home/user/aerial_robotics/tello_ros2_humble_driver/install/tello_driver/share/tello_driver/environment/ament_prefix_path.sh
[12.920s] -- Symlinking: /home/user/aerial_robotics/tello_ros2_humble_driver/install/tello_driver/share/tello_driver/environment/ament_prefix_path.dsv
[12.925s] -- Symlinking: /home/user/aerial_robotics/tello_ros2_humble_driver/install/tello_driver/share/tello_driver/environment/path.sh
[12.929s] -- Symlinking: /home/user/aerial_robotics/tello_ros2_humble_driver/install/tello_driver/share/tello_driver/environment/path.dsv
[12.933s] -- Symlinking: /home/user/aerial_robotics/tello_ros2_humble_driver/install/tello_driver/share/tello_driver/local_setup.bash
[12.937s] -- Symlinking: /home/user/aerial_robotics/tello_ros2_humble_driver/install/tello_driver/share/tello_driver/local_setup.sh
[12.941s] -- Symlinking: /home/user/aerial_robotics/tello_ros2_humble_driver/install/tello_driver/share/tello_driver/local_setup.zsh
[12.945s] -- Symlinking: /home/user/aerial_robotics/tello_ros2_humble_driver/install/tello_driver/share/tello_driver/local_setup.dsv
[12.950s] -- Symlinking: /home/user/aerial_robotics/tello_ros2_humble_driver/install/tello_driver/share/tello_driver/package.dsv
[12.955s] -- Symlinking: /home/user/aerial_robotics/tello_ros2_humble_driver/install/tello_driver/share/ament_index/resource_index/packages/tello_driver
[12.959s] -- Symlinking: /home/user/aerial_robotics/tello_ros2_humble_driver/install/tello_driver/share/ament_index/resource_index/rclcpp_components/tello_driver
[12.963s] -- Symlinking: /home/user/aerial_robotics/tello_ros2_humble_driver/install/tello_driver/share/tello_driver/cmake/tello_driverConfig.cmake
[12.968s] -- Symlinking: /home/user/aerial_robotics/tello_ros2_humble_driver/install/tello_driver/share/tello_driver/cmake/tello_driverConfig-version.cmake
[12.972s] -- Symlinking: /home/user/aerial_robotics/tello_ros2_humble_driver/install/tello_driver/share/tello_driver/package.xml
[12.977s] Invoked command in '/home/user/aerial_robotics/tello_ros2_humble_driver/build/tello_driver' returned '0': AMENT_PREFIX_PATH=/home/user/aerial_robotics/tello_ros2_humble_driver/install/tello_msgs:/home/user/aerial_robotics/tello_ros2_humble_driver/install/ros2_shared:${AMENT_PREFIX_PATH} CMAKE_PREFIX_PATH=/home/user/aerial_robotics/tello_ros2_humble_driver/install/tello_msgs:/home/user/aerial_robotics/tello_ros2_humble_driver/install/ros2_shared:/opt/ros/humble LD_LIBRARY_PATH=/home/user/aerial_robotics/tello_ros2_humble_driver/install/tello_msgs/lib:${LD_LIBRARY_PATH} PYTHONPATH=/home/user/aerial_robotics/tello_ros2_humble_driver/install/tello_msgs/local/lib/python3.10/dist-packages:${PYTHONPATH} /usr/bin/cmake --install /home/user/aerial_robotics/tello_ros2_humble_driver/build/tello_driver
