-- The C compiler identification is GNU 11.4.0
-- The CXX compiler identification is GNU 11.4.0
-- Detecting C compiler ABI info
-- Detecting C compiler ABI info - done
-- Check for working C compiler: /usr/bin/cc - skipped
-- Detecting C compile features
-- Detecting C compile features - done
-- Detecting CXX compiler ABI info
-- Detecting CXX compiler ABI info - done
-- Check for working CXX compiler: /usr/bin/c++ - skipped
-- Detecting CXX compile features
-- Detecting CXX compile features - done
-- Found ament_cmake: 1.3.14 (/opt/ros/humble/share/ament_cmake/cmake)
-- Found Python3: /usr/bin/python3 (found version "3.10.12") found components: Interpreter 
-- Override CMake install command with custom implementation using symlinks instead of copying resources
-- Configuring done
-- Generating done
-- Build files have been written to: /home/user/aerial_robotics/tello_ros2_humble_driver/build/ros2_shared
-- Install configuration: ""
-- Execute custom install script
-- Symlinking: /home/user/aerial_robotics/tello_ros2_humble_driver/install/ros2_shared/include/ros2_shared/context_macros.hpp
-- Symlinking: /home/user/aerial_robotics/tello_ros2_humble_driver/install/ros2_shared/include/ros2_shared/param_macros.hpp
-- Symlinking: /home/user/aerial_robotics/tello_ros2_humble_driver/install/ros2_shared/include/ros2_shared/string_printf.hpp
-- Symlinking: /home/user/aerial_robotics/tello_ros2_humble_driver/install/ros2_shared/share/ament_index/resource_index/package_run_dependencies/ros2_shared
-- Symlinking: /home/user/aerial_robotics/tello_ros2_humble_driver/install/ros2_shared/share/ament_index/resource_index/parent_prefix_path/ros2_shared
-- Symlinking: /home/user/aerial_robotics/tello_ros2_humble_driver/install/ros2_shared/share/ros2_shared/environment/ament_prefix_path.sh
-- Symlinking: /home/user/aerial_robotics/tello_ros2_humble_driver/install/ros2_shared/share/ros2_shared/environment/ament_prefix_path.dsv
-- Symlinking: /home/user/aerial_robotics/tello_ros2_humble_driver/install/ros2_shared/share/ros2_shared/environment/path.sh
-- Symlinking: /home/user/aerial_robotics/tello_ros2_humble_driver/install/ros2_shared/share/ros2_shared/environment/path.dsv
-- Symlinking: /home/user/aerial_robotics/tello_ros2_humble_driver/install/ros2_shared/share/ros2_shared/local_setup.bash
-- Symlinking: /home/user/aerial_robotics/tello_ros2_humble_driver/install/ros2_shared/share/ros2_shared/local_setup.sh
-- Symlinking: /home/user/aerial_robotics/tello_ros2_humble_driver/install/ros2_shared/share/ros2_shared/local_setup.zsh
-- Symlinking: /home/user/aerial_robotics/tello_ros2_humble_driver/install/ros2_shared/share/ros2_shared/local_setup.dsv
-- Symlinking: /home/user/aerial_robotics/tello_ros2_humble_driver/install/ros2_shared/share/ros2_shared/package.dsv
-- Symlinking: /home/user/aerial_robotics/tello_ros2_humble_driver/install/ros2_shared/share/ament_index/resource_index/packages/ros2_shared
-- Symlinking: /home/user/aerial_robotics/tello_ros2_humble_driver/install/ros2_shared/share/ros2_shared/cmake/ament_cmake_export_include_directories-extras.cmake
-- Symlinking: /home/user/aerial_robotics/tello_ros2_humble_driver/install/ros2_shared/share/ros2_shared/cmake/ros2_sharedConfig.cmake
-- Symlinking: /home/user/aerial_robotics/tello_ros2_humble_driver/install/ros2_shared/share/ros2_shared/cmake/ros2_sharedConfig-version.cmake
-- Symlinking: /home/user/aerial_robotics/tello_ros2_humble_driver/install/ros2_shared/share/ros2_shared/package.xml
