[0.008s] Invoking command in '/home/user/aerial_robotics/tello_ros2_humble_driver/build/ros2_shared': CMAKE_PREFIX_PATH=/opt/ros/humble /usr/bin/cmake /home/user/aerial_robotics/tello_ros2_humble_driver/ros2_shared -DAMENT_CMAKE_SYMLINK_INSTALL=1 -DCMAKE_INSTALL_PREFIX=/home/user/aerial_robotics/tello_ros2_humble_driver/install/ros2_shared
[0.134s] -- The C compiler identification is GNU 11.4.0
[0.307s] -- The CXX compiler identification is GNU 11.4.0
[0.414s] -- Detecting C compiler ABI info
[0.472s] -- Detecting C compiler ABI info - done
[0.475s] -- Check for working C compiler: /usr/bin/cc - skipped
[0.476s] -- Detecting C compile features
[0.476s] -- Detecting C compile features - done
[0.478s] -- Detecting CXX compiler ABI info
[0.537s] -- Detecting CXX compiler ABI info - done
[0.541s] -- Check for working CXX compiler: /usr/bin/c++ - skipped
[0.541s] -- Detecting CXX compile features
[0.541s] -- Detecting CXX compile features - done
[0.549s] -- Found ament_cmake: 1.3.14 (/opt/ros/humble/share/ament_cmake/cmake)
[0.630s] -- Found Python3: /usr/bin/python3 (found version "3.10.12") found components: Interpreter 
[0.664s] -- Override CMake install command with custom implementation using symlinks instead of copying resources
[0.716s] -- Configuring done
[0.718s] -- Generating done
[0.719s] -- Build files have been written to: /home/user/aerial_robotics/tello_ros2_humble_driver/build/ros2_shared
[0.721s] Invoked command in '/home/user/aerial_robotics/tello_ros2_humble_driver/build/ros2_shared' returned '0': CMAKE_PREFIX_PATH=/opt/ros/humble /usr/bin/cmake /home/user/aerial_robotics/tello_ros2_humble_driver/ros2_shared -DAMENT_CMAKE_SYMLINK_INSTALL=1 -DCMAKE_INSTALL_PREFIX=/home/user/aerial_robotics/tello_ros2_humble_driver/install/ros2_shared
[0.722s] Invoking command in '/home/user/aerial_robotics/tello_ros2_humble_driver/build/ros2_shared': CMAKE_PREFIX_PATH=/opt/ros/humble /usr/bin/cmake --build /home/user/aerial_robotics/tello_ros2_humble_driver/build/ros2_shared -- -j16 -l16
[0.742s] Invoked command in '/home/user/aerial_robotics/tello_ros2_humble_driver/build/ros2_shared' returned '0': CMAKE_PREFIX_PATH=/opt/ros/humble /usr/bin/cmake --build /home/user/aerial_robotics/tello_ros2_humble_driver/build/ros2_shared -- -j16 -l16
[0.747s] Invoking command in '/home/user/aerial_robotics/tello_ros2_humble_driver/build/ros2_shared': CMAKE_PREFIX_PATH=/opt/ros/humble /usr/bin/cmake --install /home/user/aerial_robotics/tello_ros2_humble_driver/build/ros2_shared
[0.750s] -- Install configuration: ""
[0.751s] -- Execute custom install script
[0.751s] -- Symlinking: /home/user/aerial_robotics/tello_ros2_humble_driver/install/ros2_shared/include/ros2_shared/context_macros.hpp
[0.756s] -- Symlinking: /home/user/aerial_robotics/tello_ros2_humble_driver/install/ros2_shared/include/ros2_shared/param_macros.hpp
[0.762s] -- Symlinking: /home/user/aerial_robotics/tello_ros2_humble_driver/install/ros2_shared/include/ros2_shared/string_printf.hpp
[0.768s] -- Symlinking: /home/user/aerial_robotics/tello_ros2_humble_driver/install/ros2_shared/share/ament_index/resource_index/package_run_dependencies/ros2_shared
[0.775s] -- Symlinking: /home/user/aerial_robotics/tello_ros2_humble_driver/install/ros2_shared/share/ament_index/resource_index/parent_prefix_path/ros2_shared
[0.783s] -- Symlinking: /home/user/aerial_robotics/tello_ros2_humble_driver/install/ros2_shared/share/ros2_shared/environment/ament_prefix_path.sh
[0.790s] -- Symlinking: /home/user/aerial_robotics/tello_ros2_humble_driver/install/ros2_shared/share/ros2_shared/environment/ament_prefix_path.dsv
[0.797s] -- Symlinking: /home/user/aerial_robotics/tello_ros2_humble_driver/install/ros2_shared/share/ros2_shared/environment/path.sh
[0.801s] -- Symlinking: /home/user/aerial_robotics/tello_ros2_humble_driver/install/ros2_shared/share/ros2_shared/environment/path.dsv
[0.805s] -- Symlinking: /home/user/aerial_robotics/tello_ros2_humble_driver/install/ros2_shared/share/ros2_shared/local_setup.bash
[0.810s] -- Symlinking: /home/user/aerial_robotics/tello_ros2_humble_driver/install/ros2_shared/share/ros2_shared/local_setup.sh
[0.815s] -- Symlinking: /home/user/aerial_robotics/tello_ros2_humble_driver/install/ros2_shared/share/ros2_shared/local_setup.zsh
[0.819s] -- Symlinking: /home/user/aerial_robotics/tello_ros2_humble_driver/install/ros2_shared/share/ros2_shared/local_setup.dsv
[0.824s] -- Symlinking: /home/user/aerial_robotics/tello_ros2_humble_driver/install/ros2_shared/share/ros2_shared/package.dsv
[0.829s] -- Symlinking: /home/user/aerial_robotics/tello_ros2_humble_driver/install/ros2_shared/share/ament_index/resource_index/packages/ros2_shared
[0.834s] -- Symlinking: /home/user/aerial_robotics/tello_ros2_humble_driver/install/ros2_shared/share/ros2_shared/cmake/ament_cmake_export_include_directories-extras.cmake
[0.838s] -- Symlinking: /home/user/aerial_robotics/tello_ros2_humble_driver/install/ros2_shared/share/ros2_shared/cmake/ros2_sharedConfig.cmake
[0.842s] -- Symlinking: /home/user/aerial_robotics/tello_ros2_humble_driver/install/ros2_shared/share/ros2_shared/cmake/ros2_sharedConfig-version.cmake
[0.847s] -- Symlinking: /home/user/aerial_robotics/tello_ros2_humble_driver/install/ros2_shared/share/ros2_shared/package.xml
[0.852s] Invoked command in '/home/user/aerial_robotics/tello_ros2_humble_driver/build/ros2_shared' returned '0': CMAKE_PREFIX_PATH=/opt/ros/humble /usr/bin/cmake --install /home/user/aerial_robotics/tello_ros2_humble_driver/build/ros2_shared
