[0.080s] DEBUG:colcon:Command line arguments: ['/usr/bin/colcon', 'build', '--symlink-install']
[0.080s] DEBUG:colcon:Parsed command line arguments: Namespace(log_base=None, log_level=None, verb_name='build', build_base='build', install_base='install', merge_install=False, symlink_install=True, test_result_base=None, continue_on_error=False, executor='parallel', parallel_workers=16, event_handlers=None, ignore_user_meta=False, metas=['./colcon.meta'], base_paths=['.'], packages_ignore=None, packages_ignore_regex=None, paths=None, packages_up_to=None, packages_up_to_regex=None, packages_above=None, packages_above_and_dependencies=None, packages_above_depth=None, packages_select_by_dep=None, packages_skip_by_dep=None, packages_skip_up_to=None, packages_select_build_failed=False, packages_skip_build_finished=False, packages_select_test_failures=False, packages_skip_test_passed=False, packages_select=None, packages_skip=None, packages_select_regex=None, packages_skip_regex=None, packages_start=None, packages_end=None, allow_overriding=[], cmake_args=None, cmake_target=None, cmake_target_skip_unavailable=False, cmake_clean_cache=False, cmake_clean_first=False, cmake_force_configure=False, ament_cmake_args=None, catkin_cmake_args=None, catkin_skip_building_tests=False, verb_parser=<colcon_defaults.argument_parser.defaults.DefaultArgumentsDecorator object at 0x736d8fdbf520>, verb_extension=<colcon_core.verb.build.BuildVerb object at 0x736d8fdbe500>, main=<bound method BuildVerb.main of <colcon_core.verb.build.BuildVerb object at 0x736d8fdbe500>>)
[0.143s] Level 1:colcon.colcon_core.package_discovery:discover_packages(colcon_meta) check parameters
[0.143s] Level 1:colcon.colcon_core.package_discovery:discover_packages(recursive) check parameters
[0.143s] Level 1:colcon.colcon_core.package_discovery:discover_packages(ignore) check parameters
[0.143s] Level 1:colcon.colcon_core.package_discovery:discover_packages(path) check parameters
[0.143s] Level 1:colcon.colcon_core.package_discovery:discover_packages(colcon_meta) discover
[0.143s] Level 1:colcon.colcon_core.package_discovery:discover_packages(recursive) discover
[0.143s] INFO:colcon.colcon_core.package_discovery:Crawling recursively for packages in '/home/user/aerial_robotics/tello_ros2_humble_driver'
[0.143s] Level 1:colcon.colcon_core.package_identification:_identify(.) by extensions ['ignore', 'ignore_ament_install']
[0.143s] Level 1:colcon.colcon_core.package_identification:_identify(.) by extension 'ignore'
[0.143s] Level 1:colcon.colcon_core.package_identification:_identify(.) by extension 'ignore_ament_install'
[0.143s] Level 1:colcon.colcon_core.package_identification:_identify(.) by extensions ['colcon_pkg']
[0.143s] Level 1:colcon.colcon_core.package_identification:_identify(.) by extension 'colcon_pkg'
[0.143s] Level 1:colcon.colcon_core.package_identification:_identify(.) by extensions ['colcon_meta']
[0.143s] Level 1:colcon.colcon_core.package_identification:_identify(.) by extension 'colcon_meta'
[0.144s] Level 1:colcon.colcon_core.package_identification:_identify(.) by extensions ['ros']
[0.144s] Level 1:colcon.colcon_core.package_identification:_identify(.) by extension 'ros'
[0.149s] Level 1:colcon.colcon_core.package_identification:_identify(.) by extensions ['cmake', 'python']
[0.149s] Level 1:colcon.colcon_core.package_identification:_identify(.) by extension 'cmake'
[0.149s] Level 1:colcon.colcon_core.package_identification:_identify(.) by extension 'python'
[0.149s] Level 1:colcon.colcon_core.package_identification:_identify(.) by extensions ['python_setup_py']
[0.149s] Level 1:colcon.colcon_core.package_identification:_identify(.) by extension 'python_setup_py'
[0.149s] Level 1:colcon.colcon_core.package_identification:_identify(build) by extensions ['ignore', 'ignore_ament_install']
[0.150s] Level 1:colcon.colcon_core.package_identification:_identify(build) by extension 'ignore'
[0.150s] Level 1:colcon.colcon_core.package_identification:_identify(build) ignored
[0.150s] Level 1:colcon.colcon_core.package_identification:_identify(install) by extensions ['ignore', 'ignore_ament_install']
[0.150s] Level 1:colcon.colcon_core.package_identification:_identify(install) by extension 'ignore'
[0.150s] Level 1:colcon.colcon_core.package_identification:_identify(install) ignored
[0.150s] Level 1:colcon.colcon_core.package_identification:_identify(log) by extensions ['ignore', 'ignore_ament_install']
[0.150s] Level 1:colcon.colcon_core.package_identification:_identify(log) by extension 'ignore'
[0.150s] Level 1:colcon.colcon_core.package_identification:_identify(log) ignored
[0.150s] Level 1:colcon.colcon_core.package_identification:_identify(ros2_shared) by extensions ['ignore', 'ignore_ament_install']
[0.150s] Level 1:colcon.colcon_core.package_identification:_identify(ros2_shared) by extension 'ignore'
[0.150s] Level 1:colcon.colcon_core.package_identification:_identify(ros2_shared) by extension 'ignore_ament_install'
[0.150s] Level 1:colcon.colcon_core.package_identification:_identify(ros2_shared) by extensions ['colcon_pkg']
[0.150s] Level 1:colcon.colcon_core.package_identification:_identify(ros2_shared) by extension 'colcon_pkg'
[0.150s] Level 1:colcon.colcon_core.package_identification:_identify(ros2_shared) by extensions ['colcon_meta']
[0.150s] Level 1:colcon.colcon_core.package_identification:_identify(ros2_shared) by extension 'colcon_meta'
[0.150s] Level 1:colcon.colcon_core.package_identification:_identify(ros2_shared) by extensions ['ros']
[0.150s] Level 1:colcon.colcon_core.package_identification:_identify(ros2_shared) by extension 'ros'
[0.151s] DEBUG:colcon.colcon_core.package_identification:Package 'ros2_shared' with type 'ros.ament_cmake' and name 'ros2_shared'
[0.151s] Level 1:colcon.colcon_core.package_identification:_identify(tello_ros) by extensions ['ignore', 'ignore_ament_install']
[0.151s] Level 1:colcon.colcon_core.package_identification:_identify(tello_ros) by extension 'ignore'
[0.151s] Level 1:colcon.colcon_core.package_identification:_identify(tello_ros) by extension 'ignore_ament_install'
[0.151s] Level 1:colcon.colcon_core.package_identification:_identify(tello_ros) by extensions ['colcon_pkg']
[0.151s] Level 1:colcon.colcon_core.package_identification:_identify(tello_ros) by extension 'colcon_pkg'
[0.151s] Level 1:colcon.colcon_core.package_identification:_identify(tello_ros) by extensions ['colcon_meta']
[0.151s] Level 1:colcon.colcon_core.package_identification:_identify(tello_ros) by extension 'colcon_meta'
[0.151s] Level 1:colcon.colcon_core.package_identification:_identify(tello_ros) by extensions ['ros']
[0.151s] Level 1:colcon.colcon_core.package_identification:_identify(tello_ros) by extension 'ros'
[0.152s] Level 1:colcon.colcon_core.package_identification:_identify(tello_ros) by extensions ['cmake', 'python']
[0.152s] Level 1:colcon.colcon_core.package_identification:_identify(tello_ros) by extension 'cmake'
[0.152s] Level 1:colcon.colcon_core.package_identification:_identify(tello_ros) by extension 'python'
[0.152s] Level 1:colcon.colcon_core.package_identification:_identify(tello_ros) by extensions ['python_setup_py']
[0.152s] Level 1:colcon.colcon_core.package_identification:_identify(tello_ros) by extension 'python_setup_py'
[0.152s] Level 1:colcon.colcon_core.package_identification:_identify(tello_ros/docker) by extensions ['ignore', 'ignore_ament_install']
[0.152s] Level 1:colcon.colcon_core.package_identification:_identify(tello_ros/docker) by extension 'ignore'
[0.152s] Level 1:colcon.colcon_core.package_identification:_identify(tello_ros/docker) by extension 'ignore_ament_install'
[0.152s] Level 1:colcon.colcon_core.package_identification:_identify(tello_ros/docker) by extensions ['colcon_pkg']
[0.152s] Level 1:colcon.colcon_core.package_identification:_identify(tello_ros/docker) by extension 'colcon_pkg'
[0.152s] Level 1:colcon.colcon_core.package_identification:_identify(tello_ros/docker) by extensions ['colcon_meta']
[0.152s] Level 1:colcon.colcon_core.package_identification:_identify(tello_ros/docker) by extension 'colcon_meta'
[0.152s] Level 1:colcon.colcon_core.package_identification:_identify(tello_ros/docker) by extensions ['ros']
[0.152s] Level 1:colcon.colcon_core.package_identification:_identify(tello_ros/docker) by extension 'ros'
[0.152s] Level 1:colcon.colcon_core.package_identification:_identify(tello_ros/docker) by extensions ['cmake', 'python']
[0.152s] Level 1:colcon.colcon_core.package_identification:_identify(tello_ros/docker) by extension 'cmake'
[0.152s] Level 1:colcon.colcon_core.package_identification:_identify(tello_ros/docker) by extension 'python'
[0.152s] Level 1:colcon.colcon_core.package_identification:_identify(tello_ros/docker) by extensions ['python_setup_py']
[0.152s] Level 1:colcon.colcon_core.package_identification:_identify(tello_ros/docker) by extension 'python_setup_py'
[0.152s] Level 1:colcon.colcon_core.package_identification:_identify(tello_ros/tello_description) by extensions ['ignore', 'ignore_ament_install']
[0.152s] Level 1:colcon.colcon_core.package_identification:_identify(tello_ros/tello_description) by extension 'ignore'
[0.152s] Level 1:colcon.colcon_core.package_identification:_identify(tello_ros/tello_description) by extension 'ignore_ament_install'
[0.152s] Level 1:colcon.colcon_core.package_identification:_identify(tello_ros/tello_description) by extensions ['colcon_pkg']
[0.152s] Level 1:colcon.colcon_core.package_identification:_identify(tello_ros/tello_description) by extension 'colcon_pkg'
[0.152s] Level 1:colcon.colcon_core.package_identification:_identify(tello_ros/tello_description) by extensions ['colcon_meta']
[0.152s] Level 1:colcon.colcon_core.package_identification:_identify(tello_ros/tello_description) by extension 'colcon_meta'
[0.152s] Level 1:colcon.colcon_core.package_identification:_identify(tello_ros/tello_description) by extensions ['ros']
[0.152s] Level 1:colcon.colcon_core.package_identification:_identify(tello_ros/tello_description) by extension 'ros'
[0.152s] DEBUG:colcon.colcon_core.package_identification:Package 'tello_ros/tello_description' with type 'ros.ament_cmake' and name 'tello_description'
[0.152s] Level 1:colcon.colcon_core.package_identification:_identify(tello_ros/tello_driver) by extensions ['ignore', 'ignore_ament_install']
[0.152s] Level 1:colcon.colcon_core.package_identification:_identify(tello_ros/tello_driver) by extension 'ignore'
[0.152s] Level 1:colcon.colcon_core.package_identification:_identify(tello_ros/tello_driver) by extension 'ignore_ament_install'
[0.152s] Level 1:colcon.colcon_core.package_identification:_identify(tello_ros/tello_driver) by extensions ['colcon_pkg']
[0.152s] Level 1:colcon.colcon_core.package_identification:_identify(tello_ros/tello_driver) by extension 'colcon_pkg'
[0.153s] Level 1:colcon.colcon_core.package_identification:_identify(tello_ros/tello_driver) by extensions ['colcon_meta']
[0.153s] Level 1:colcon.colcon_core.package_identification:_identify(tello_ros/tello_driver) by extension 'colcon_meta'
[0.153s] Level 1:colcon.colcon_core.package_identification:_identify(tello_ros/tello_driver) by extensions ['ros']
[0.153s] Level 1:colcon.colcon_core.package_identification:_identify(tello_ros/tello_driver) by extension 'ros'
[0.153s] DEBUG:colcon.colcon_core.package_identification:Package 'tello_ros/tello_driver' with type 'ros.ament_cmake' and name 'tello_driver'
[0.153s] Level 1:colcon.colcon_core.package_identification:_identify(tello_ros/tello_gazebo) by extensions ['ignore', 'ignore_ament_install']
[0.153s] Level 1:colcon.colcon_core.package_identification:_identify(tello_ros/tello_gazebo) by extension 'ignore'
[0.153s] Level 1:colcon.colcon_core.package_identification:_identify(tello_ros/tello_gazebo) by extension 'ignore_ament_install'
[0.153s] Level 1:colcon.colcon_core.package_identification:_identify(tello_ros/tello_gazebo) by extensions ['colcon_pkg']
[0.153s] Level 1:colcon.colcon_core.package_identification:_identify(tello_ros/tello_gazebo) by extension 'colcon_pkg'
[0.153s] Level 1:colcon.colcon_core.package_identification:_identify(tello_ros/tello_gazebo) by extensions ['colcon_meta']
[0.153s] Level 1:colcon.colcon_core.package_identification:_identify(tello_ros/tello_gazebo) by extension 'colcon_meta'
[0.153s] Level 1:colcon.colcon_core.package_identification:_identify(tello_ros/tello_gazebo) by extensions ['ros']
[0.153s] Level 1:colcon.colcon_core.package_identification:_identify(tello_ros/tello_gazebo) by extension 'ros'
[0.154s] DEBUG:colcon.colcon_core.package_identification:Package 'tello_ros/tello_gazebo' with type 'ros.ament_cmake' and name 'tello_gazebo'
[0.154s] Level 1:colcon.colcon_core.package_identification:_identify(tello_ros/tello_msgs) by extensions ['ignore', 'ignore_ament_install']
[0.154s] Level 1:colcon.colcon_core.package_identification:_identify(tello_ros/tello_msgs) by extension 'ignore'
[0.154s] Level 1:colcon.colcon_core.package_identification:_identify(tello_ros/tello_msgs) by extension 'ignore_ament_install'
[0.154s] Level 1:colcon.colcon_core.package_identification:_identify(tello_ros/tello_msgs) by extensions ['colcon_pkg']
[0.154s] Level 1:colcon.colcon_core.package_identification:_identify(tello_ros/tello_msgs) by extension 'colcon_pkg'
[0.154s] Level 1:colcon.colcon_core.package_identification:_identify(tello_ros/tello_msgs) by extensions ['colcon_meta']
[0.154s] Level 1:colcon.colcon_core.package_identification:_identify(tello_ros/tello_msgs) by extension 'colcon_meta'
[0.154s] Level 1:colcon.colcon_core.package_identification:_identify(tello_ros/tello_msgs) by extensions ['ros']
[0.154s] Level 1:colcon.colcon_core.package_identification:_identify(tello_ros/tello_msgs) by extension 'ros'
[0.154s] DEBUG:colcon.colcon_core.package_identification:Package 'tello_ros/tello_msgs' with type 'ros.ament_cmake' and name 'tello_msgs'
[0.154s] Level 1:colcon.colcon_core.package_discovery:discover_packages(recursive) using defaults
[0.154s] Level 1:colcon.colcon_core.package_discovery:discover_packages(ignore) discover
[0.154s] Level 1:colcon.colcon_core.package_discovery:discover_packages(ignore) using defaults
[0.154s] Level 1:colcon.colcon_core.package_discovery:discover_packages(path) discover
[0.154s] Level 1:colcon.colcon_core.package_discovery:discover_packages(path) using defaults
[0.163s] Level 1:colcon.colcon_core.package_discovery:discover_packages(prefix_path) check parameters
[0.163s] Level 1:colcon.colcon_core.package_discovery:discover_packages(prefix_path) discover
[0.164s] DEBUG:colcon.colcon_installed_package_information.package_discovery:Found 5 installed packages in /home/user/aerial_robotics/tello_ros2_humble_driver/install
[0.165s] DEBUG:colcon.colcon_installed_package_information.package_discovery:Found 281 installed packages in /opt/ros/humble
[0.171s] Level 1:colcon.colcon_core.package_discovery:discover_packages(prefix_path) using defaults
[0.187s] Level 5:colcon.colcon_core.verb:set package 'ros2_shared' build argument 'cmake_args' from command line to 'None'
[0.187s] Level 5:colcon.colcon_core.verb:set package 'ros2_shared' build argument 'cmake_target' from command line to 'None'
[0.187s] Level 5:colcon.colcon_core.verb:set package 'ros2_shared' build argument 'cmake_target_skip_unavailable' from command line to 'False'
[0.187s] Level 5:colcon.colcon_core.verb:set package 'ros2_shared' build argument 'cmake_clean_cache' from command line to 'False'
[0.187s] Level 5:colcon.colcon_core.verb:set package 'ros2_shared' build argument 'cmake_clean_first' from command line to 'False'
[0.187s] Level 5:colcon.colcon_core.verb:set package 'ros2_shared' build argument 'cmake_force_configure' from command line to 'False'
[0.187s] Level 5:colcon.colcon_core.verb:set package 'ros2_shared' build argument 'ament_cmake_args' from command line to 'None'
[0.187s] Level 5:colcon.colcon_core.verb:set package 'ros2_shared' build argument 'catkin_cmake_args' from command line to 'None'
[0.187s] Level 5:colcon.colcon_core.verb:set package 'ros2_shared' build argument 'catkin_skip_building_tests' from command line to 'False'
[0.187s] DEBUG:colcon.colcon_core.verb:Building package 'ros2_shared' with the following arguments: {'ament_cmake_args': None, 'build_base': '/home/user/aerial_robotics/tello_ros2_humble_driver/build/ros2_shared', 'catkin_cmake_args': None, 'catkin_skip_building_tests': False, 'cmake_args': None, 'cmake_clean_cache': False, 'cmake_clean_first': False, 'cmake_force_configure': False, 'cmake_target': None, 'cmake_target_skip_unavailable': False, 'install_base': '/home/user/aerial_robotics/tello_ros2_humble_driver/install/ros2_shared', 'merge_install': False, 'path': '/home/user/aerial_robotics/tello_ros2_humble_driver/ros2_shared', 'symlink_install': True, 'test_result_base': None}
[0.188s] Level 5:colcon.colcon_core.verb:set package 'tello_description' build argument 'cmake_args' from command line to 'None'
[0.188s] Level 5:colcon.colcon_core.verb:set package 'tello_description' build argument 'cmake_target' from command line to 'None'
[0.188s] Level 5:colcon.colcon_core.verb:set package 'tello_description' build argument 'cmake_target_skip_unavailable' from command line to 'False'
[0.188s] Level 5:colcon.colcon_core.verb:set package 'tello_description' build argument 'cmake_clean_cache' from command line to 'False'
[0.188s] Level 5:colcon.colcon_core.verb:set package 'tello_description' build argument 'cmake_clean_first' from command line to 'False'
[0.188s] Level 5:colcon.colcon_core.verb:set package 'tello_description' build argument 'cmake_force_configure' from command line to 'False'
[0.188s] Level 5:colcon.colcon_core.verb:set package 'tello_description' build argument 'ament_cmake_args' from command line to 'None'
[0.188s] Level 5:colcon.colcon_core.verb:set package 'tello_description' build argument 'catkin_cmake_args' from command line to 'None'
[0.188s] Level 5:colcon.colcon_core.verb:set package 'tello_description' build argument 'catkin_skip_building_tests' from command line to 'False'
[0.188s] DEBUG:colcon.colcon_core.verb:Building package 'tello_description' with the following arguments: {'ament_cmake_args': None, 'build_base': '/home/user/aerial_robotics/tello_ros2_humble_driver/build/tello_description', 'catkin_cmake_args': None, 'catkin_skip_building_tests': False, 'cmake_args': None, 'cmake_clean_cache': False, 'cmake_clean_first': False, 'cmake_force_configure': False, 'cmake_target': None, 'cmake_target_skip_unavailable': False, 'install_base': '/home/user/aerial_robotics/tello_ros2_humble_driver/install/tello_description', 'merge_install': False, 'path': '/home/user/aerial_robotics/tello_ros2_humble_driver/tello_ros/tello_description', 'symlink_install': True, 'test_result_base': None}
[0.188s] Level 5:colcon.colcon_core.verb:set package 'tello_msgs' build argument 'cmake_args' from command line to 'None'
[0.188s] Level 5:colcon.colcon_core.verb:set package 'tello_msgs' build argument 'cmake_target' from command line to 'None'
[0.188s] Level 5:colcon.colcon_core.verb:set package 'tello_msgs' build argument 'cmake_target_skip_unavailable' from command line to 'False'
[0.188s] Level 5:colcon.colcon_core.verb:set package 'tello_msgs' build argument 'cmake_clean_cache' from command line to 'False'
[0.188s] Level 5:colcon.colcon_core.verb:set package 'tello_msgs' build argument 'cmake_clean_first' from command line to 'False'
[0.188s] Level 5:colcon.colcon_core.verb:set package 'tello_msgs' build argument 'cmake_force_configure' from command line to 'False'
[0.188s] Level 5:colcon.colcon_core.verb:set package 'tello_msgs' build argument 'ament_cmake_args' from command line to 'None'
[0.188s] Level 5:colcon.colcon_core.verb:set package 'tello_msgs' build argument 'catkin_cmake_args' from command line to 'None'
[0.188s] Level 5:colcon.colcon_core.verb:set package 'tello_msgs' build argument 'catkin_skip_building_tests' from command line to 'False'
[0.188s] DEBUG:colcon.colcon_core.verb:Building package 'tello_msgs' with the following arguments: {'ament_cmake_args': None, 'build_base': '/home/user/aerial_robotics/tello_ros2_humble_driver/build/tello_msgs', 'catkin_cmake_args': None, 'catkin_skip_building_tests': False, 'cmake_args': None, 'cmake_clean_cache': False, 'cmake_clean_first': False, 'cmake_force_configure': False, 'cmake_target': None, 'cmake_target_skip_unavailable': False, 'install_base': '/home/user/aerial_robotics/tello_ros2_humble_driver/install/tello_msgs', 'merge_install': False, 'path': '/home/user/aerial_robotics/tello_ros2_humble_driver/tello_ros/tello_msgs', 'symlink_install': True, 'test_result_base': None}
[0.188s] Level 5:colcon.colcon_core.verb:set package 'tello_driver' build argument 'cmake_args' from command line to 'None'
[0.188s] Level 5:colcon.colcon_core.verb:set package 'tello_driver' build argument 'cmake_target' from command line to 'None'
[0.188s] Level 5:colcon.colcon_core.verb:set package 'tello_driver' build argument 'cmake_target_skip_unavailable' from command line to 'False'
[0.188s] Level 5:colcon.colcon_core.verb:set package 'tello_driver' build argument 'cmake_clean_cache' from command line to 'False'
[0.188s] Level 5:colcon.colcon_core.verb:set package 'tello_driver' build argument 'cmake_clean_first' from command line to 'False'
[0.188s] Level 5:colcon.colcon_core.verb:set package 'tello_driver' build argument 'cmake_force_configure' from command line to 'False'
[0.188s] Level 5:colcon.colcon_core.verb:set package 'tello_driver' build argument 'ament_cmake_args' from command line to 'None'
[0.188s] Level 5:colcon.colcon_core.verb:set package 'tello_driver' build argument 'catkin_cmake_args' from command line to 'None'
[0.188s] Level 5:colcon.colcon_core.verb:set package 'tello_driver' build argument 'catkin_skip_building_tests' from command line to 'False'
[0.188s] DEBUG:colcon.colcon_core.verb:Building package 'tello_driver' with the following arguments: {'ament_cmake_args': None, 'build_base': '/home/user/aerial_robotics/tello_ros2_humble_driver/build/tello_driver', 'catkin_cmake_args': None, 'catkin_skip_building_tests': False, 'cmake_args': None, 'cmake_clean_cache': False, 'cmake_clean_first': False, 'cmake_force_configure': False, 'cmake_target': None, 'cmake_target_skip_unavailable': False, 'install_base': '/home/user/aerial_robotics/tello_ros2_humble_driver/install/tello_driver', 'merge_install': False, 'path': '/home/user/aerial_robotics/tello_ros2_humble_driver/tello_ros/tello_driver', 'symlink_install': True, 'test_result_base': None}
[0.188s] Level 5:colcon.colcon_core.verb:set package 'tello_gazebo' build argument 'cmake_args' from command line to 'None'
[0.188s] Level 5:colcon.colcon_core.verb:set package 'tello_gazebo' build argument 'cmake_target' from command line to 'None'
[0.188s] Level 5:colcon.colcon_core.verb:set package 'tello_gazebo' build argument 'cmake_target_skip_unavailable' from command line to 'False'
[0.188s] Level 5:colcon.colcon_core.verb:set package 'tello_gazebo' build argument 'cmake_clean_cache' from command line to 'False'
[0.188s] Level 5:colcon.colcon_core.verb:set package 'tello_gazebo' build argument 'cmake_clean_first' from command line to 'False'
[0.188s] Level 5:colcon.colcon_core.verb:set package 'tello_gazebo' build argument 'cmake_force_configure' from command line to 'False'
[0.188s] Level 5:colcon.colcon_core.verb:set package 'tello_gazebo' build argument 'ament_cmake_args' from command line to 'None'
[0.188s] Level 5:colcon.colcon_core.verb:set package 'tello_gazebo' build argument 'catkin_cmake_args' from command line to 'None'
[0.188s] Level 5:colcon.colcon_core.verb:set package 'tello_gazebo' build argument 'catkin_skip_building_tests' from command line to 'False'
[0.188s] DEBUG:colcon.colcon_core.verb:Building package 'tello_gazebo' with the following arguments: {'ament_cmake_args': None, 'build_base': '/home/user/aerial_robotics/tello_ros2_humble_driver/build/tello_gazebo', 'catkin_cmake_args': None, 'catkin_skip_building_tests': False, 'cmake_args': None, 'cmake_clean_cache': False, 'cmake_clean_first': False, 'cmake_force_configure': False, 'cmake_target': None, 'cmake_target_skip_unavailable': False, 'install_base': '/home/user/aerial_robotics/tello_ros2_humble_driver/install/tello_gazebo', 'merge_install': False, 'path': '/home/user/aerial_robotics/tello_ros2_humble_driver/tello_ros/tello_gazebo', 'symlink_install': True, 'test_result_base': None}
[0.188s] INFO:colcon.colcon_core.executor:Executing jobs using 'parallel' executor
[0.189s] DEBUG:colcon.colcon_parallel_executor.executor.parallel:run_until_complete
[0.189s] INFO:colcon.colcon_ros.task.ament_cmake.build:Building ROS package in '/home/user/aerial_robotics/tello_ros2_humble_driver/tello_ros/tello_msgs' with build type 'ament_cmake'
[0.189s] INFO:colcon.colcon_cmake.task.cmake.build:Building CMake package in '/home/user/aerial_robotics/tello_ros2_humble_driver/tello_ros/tello_msgs'
[0.190s] INFO:colcon.colcon_core.plugin_system:Skipping extension 'colcon_core.shell.bat': Not used on non-Windows systems
[0.190s] INFO:colcon.colcon_core.shell:Skip shell extension 'powershell' for command environment: Not usable outside of PowerShell
[0.190s] DEBUG:colcon.colcon_core.shell:Skip shell extension 'dsv' for command environment
[0.192s] INFO:colcon.colcon_ros.task.ament_cmake.build:Building ROS package in '/home/user/aerial_robotics/tello_ros2_humble_driver/ros2_shared' with build type 'ament_cmake'
[0.192s] INFO:colcon.colcon_cmake.task.cmake.build:Building CMake package in '/home/user/aerial_robotics/tello_ros2_humble_driver/ros2_shared'
[0.192s] INFO:colcon.colcon_core.shell:Skip shell extension 'powershell' for command environment: Not usable outside of PowerShell
[0.192s] DEBUG:colcon.colcon_core.shell:Skip shell extension 'dsv' for command environment
[0.194s] INFO:colcon.colcon_ros.task.ament_cmake.build:Building ROS package in '/home/user/aerial_robotics/tello_ros2_humble_driver/tello_ros/tello_description' with build type 'ament_cmake'
[0.194s] INFO:colcon.colcon_cmake.task.cmake.build:Building CMake package in '/home/user/aerial_robotics/tello_ros2_humble_driver/tello_ros/tello_description'
[0.195s] INFO:colcon.colcon_core.shell:Skip shell extension 'powershell' for command environment: Not usable outside of PowerShell
[0.195s] DEBUG:colcon.colcon_core.shell:Skip shell extension 'dsv' for command environment
[0.200s] DEBUG:colcon.colcon_core.event_handler.log_command:Invoking command in '/home/user/aerial_robotics/tello_ros2_humble_driver/build/tello_msgs': CMAKE_PREFIX_PATH=${CMAKE_PREFIX_PATH}:/opt/ros/humble /usr/bin/cmake --build /home/user/aerial_robotics/tello_ros2_humble_driver/build/tello_msgs -- -j16 -l16
[0.201s] DEBUG:colcon.colcon_core.event_handler.log_command:Invoking command in '/home/user/aerial_robotics/tello_ros2_humble_driver/build/ros2_shared': CMAKE_PREFIX_PATH=${CMAKE_PREFIX_PATH}:/opt/ros/humble /usr/bin/cmake --build /home/user/aerial_robotics/tello_ros2_humble_driver/build/ros2_shared -- -j16 -l16
[0.207s] DEBUG:colcon.colcon_core.event_handler.log_command:Invoking command in '/home/user/aerial_robotics/tello_ros2_humble_driver/build/tello_description': CMAKE_PREFIX_PATH=${CMAKE_PREFIX_PATH}:/opt/ros/humble /usr/bin/cmake --build /home/user/aerial_robotics/tello_ros2_humble_driver/build/tello_description -- -j16 -l16
[0.222s] DEBUG:colcon.colcon_core.event_handler.log_command:Invoked command in '/home/user/aerial_robotics/tello_ros2_humble_driver/build/ros2_shared' returned '0': CMAKE_PREFIX_PATH=${CMAKE_PREFIX_PATH}:/opt/ros/humble /usr/bin/cmake --build /home/user/aerial_robotics/tello_ros2_humble_driver/build/ros2_shared -- -j16 -l16
[0.229s] DEBUG:colcon.colcon_core.event_handler.log_command:Invoking command in '/home/user/aerial_robotics/tello_ros2_humble_driver/build/ros2_shared': CMAKE_PREFIX_PATH=${CMAKE_PREFIX_PATH}:/opt/ros/humble /usr/bin/cmake --install /home/user/aerial_robotics/tello_ros2_humble_driver/build/ros2_shared
[0.245s] Level 1:colcon.colcon_core.environment:create_environment_scripts_only(ros2_shared)
[0.248s] Level 1:colcon.colcon_core.environment:checking '/home/user/aerial_robotics/tello_ros2_humble_driver/install/ros2_shared' for CMake module files
[0.248s] Level 1:colcon.colcon_core.environment:checking '/home/user/aerial_robotics/tello_ros2_humble_driver/install/ros2_shared' for CMake config files
[0.249s] Level 1:colcon.colcon_core.shell:create_environment_hook('ros2_shared', 'cmake_prefix_path')
[0.249s] INFO:colcon.colcon_core.shell:Creating environment hook '/home/user/aerial_robotics/tello_ros2_humble_driver/install/ros2_shared/share/ros2_shared/hook/cmake_prefix_path.ps1'
[0.250s] INFO:colcon.colcon_core.shell:Creating environment descriptor '/home/user/aerial_robotics/tello_ros2_humble_driver/install/ros2_shared/share/ros2_shared/hook/cmake_prefix_path.dsv'
[0.252s] INFO:colcon.colcon_core.shell:Creating environment hook '/home/user/aerial_robotics/tello_ros2_humble_driver/install/ros2_shared/share/ros2_shared/hook/cmake_prefix_path.sh'
[0.252s] DEBUG:colcon.colcon_core.event_handler.log_command:Invoked command in '/home/user/aerial_robotics/tello_ros2_humble_driver/build/ros2_shared' returned '0': CMAKE_PREFIX_PATH=${CMAKE_PREFIX_PATH}:/opt/ros/humble /usr/bin/cmake --install /home/user/aerial_robotics/tello_ros2_humble_driver/build/ros2_shared
[0.255s] Level 1:colcon.colcon_core.environment:checking '/home/user/aerial_robotics/tello_ros2_humble_driver/install/ros2_shared/bin'
[0.255s] Level 1:colcon.colcon_core.environment:checking '/home/user/aerial_robotics/tello_ros2_humble_driver/install/ros2_shared/lib/pkgconfig/ros2_shared.pc'
[0.255s] Level 1:colcon.colcon_core.environment:checking '/home/user/aerial_robotics/tello_ros2_humble_driver/install/ros2_shared/lib/python3.10/site-packages'
[0.256s] Level 1:colcon.colcon_core.environment:checking '/home/user/aerial_robotics/tello_ros2_humble_driver/install/ros2_shared/bin'
[0.256s] INFO:colcon.colcon_core.shell:Creating package script '/home/user/aerial_robotics/tello_ros2_humble_driver/install/ros2_shared/share/ros2_shared/package.ps1'
[0.258s] INFO:colcon.colcon_core.shell:Creating package descriptor '/home/user/aerial_robotics/tello_ros2_humble_driver/install/ros2_shared/share/ros2_shared/package.dsv'
[0.259s] INFO:colcon.colcon_core.shell:Creating package script '/home/user/aerial_robotics/tello_ros2_humble_driver/install/ros2_shared/share/ros2_shared/package.sh'
[0.259s] INFO:colcon.colcon_core.shell:Creating package script '/home/user/aerial_robotics/tello_ros2_humble_driver/install/ros2_shared/share/ros2_shared/package.bash'
[0.259s] INFO:colcon.colcon_core.shell:Creating package script '/home/user/aerial_robotics/tello_ros2_humble_driver/install/ros2_shared/share/ros2_shared/package.zsh'
[0.260s] Level 1:colcon.colcon_core.environment:create_file_with_runtime_dependencies(/home/user/aerial_robotics/tello_ros2_humble_driver/install/ros2_shared/share/colcon-core/packages/ros2_shared)
[0.260s] Level 1:colcon.colcon_core.environment:create_environment_scripts_only(ros2_shared)
[0.260s] Level 1:colcon.colcon_core.environment:checking '/home/user/aerial_robotics/tello_ros2_humble_driver/install/ros2_shared' for CMake module files
[0.261s] Level 1:colcon.colcon_core.environment:checking '/home/user/aerial_robotics/tello_ros2_humble_driver/install/ros2_shared' for CMake config files
[0.261s] Level 1:colcon.colcon_core.shell:create_environment_hook('ros2_shared', 'cmake_prefix_path')
[0.261s] INFO:colcon.colcon_core.shell:Creating environment hook '/home/user/aerial_robotics/tello_ros2_humble_driver/install/ros2_shared/share/ros2_shared/hook/cmake_prefix_path.ps1'
[0.261s] INFO:colcon.colcon_core.shell:Creating environment descriptor '/home/user/aerial_robotics/tello_ros2_humble_driver/install/ros2_shared/share/ros2_shared/hook/cmake_prefix_path.dsv'
[0.262s] INFO:colcon.colcon_core.shell:Creating environment hook '/home/user/aerial_robotics/tello_ros2_humble_driver/install/ros2_shared/share/ros2_shared/hook/cmake_prefix_path.sh'
[0.262s] Level 1:colcon.colcon_core.environment:checking '/home/user/aerial_robotics/tello_ros2_humble_driver/install/ros2_shared/bin'
[0.262s] Level 1:colcon.colcon_core.environment:checking '/home/user/aerial_robotics/tello_ros2_humble_driver/install/ros2_shared/lib/pkgconfig/ros2_shared.pc'
[0.262s] Level 1:colcon.colcon_core.environment:checking '/home/user/aerial_robotics/tello_ros2_humble_driver/install/ros2_shared/lib/python3.10/site-packages'
[0.262s] Level 1:colcon.colcon_core.environment:checking '/home/user/aerial_robotics/tello_ros2_humble_driver/install/ros2_shared/bin'
[0.262s] INFO:colcon.colcon_core.shell:Creating package script '/home/user/aerial_robotics/tello_ros2_humble_driver/install/ros2_shared/share/ros2_shared/package.ps1'
[0.263s] INFO:colcon.colcon_core.shell:Creating package descriptor '/home/user/aerial_robotics/tello_ros2_humble_driver/install/ros2_shared/share/ros2_shared/package.dsv'
[0.263s] INFO:colcon.colcon_core.shell:Creating package script '/home/user/aerial_robotics/tello_ros2_humble_driver/install/ros2_shared/share/ros2_shared/package.sh'
[0.263s] INFO:colcon.colcon_core.shell:Creating package script '/home/user/aerial_robotics/tello_ros2_humble_driver/install/ros2_shared/share/ros2_shared/package.bash'
[0.263s] INFO:colcon.colcon_core.shell:Creating package script '/home/user/aerial_robotics/tello_ros2_humble_driver/install/ros2_shared/share/ros2_shared/package.zsh'
[0.263s] Level 1:colcon.colcon_core.environment:create_file_with_runtime_dependencies(/home/user/aerial_robotics/tello_ros2_humble_driver/install/ros2_shared/share/colcon-core/packages/ros2_shared)
[0.266s] DEBUG:colcon.colcon_core.event_handler.log_command:Invoked command in '/home/user/aerial_robotics/tello_ros2_humble_driver/build/tello_description' returned '0': CMAKE_PREFIX_PATH=${CMAKE_PREFIX_PATH}:/opt/ros/humble /usr/bin/cmake --build /home/user/aerial_robotics/tello_ros2_humble_driver/build/tello_description -- -j16 -l16
[0.266s] DEBUG:colcon.colcon_core.event_handler.log_command:Invoking command in '/home/user/aerial_robotics/tello_ros2_humble_driver/build/tello_description': CMAKE_PREFIX_PATH=${CMAKE_PREFIX_PATH}:/opt/ros/humble /usr/bin/cmake --install /home/user/aerial_robotics/tello_ros2_humble_driver/build/tello_description
[0.278s] Level 1:colcon.colcon_core.environment:create_environment_scripts_only(tello_description)
[0.278s] Level 1:colcon.colcon_core.environment:checking '/home/user/aerial_robotics/tello_ros2_humble_driver/install/tello_description' for CMake module files
[0.279s] DEBUG:colcon.colcon_core.event_handler.log_command:Invoked command in '/home/user/aerial_robotics/tello_ros2_humble_driver/build/tello_description' returned '0': CMAKE_PREFIX_PATH=${CMAKE_PREFIX_PATH}:/opt/ros/humble /usr/bin/cmake --install /home/user/aerial_robotics/tello_ros2_humble_driver/build/tello_description
[0.279s] Level 1:colcon.colcon_core.environment:checking '/home/user/aerial_robotics/tello_ros2_humble_driver/install/tello_description' for CMake config files
[0.279s] Level 1:colcon.colcon_core.shell:create_environment_hook('tello_description', 'cmake_prefix_path')
[0.279s] INFO:colcon.colcon_core.shell:Creating environment hook '/home/user/aerial_robotics/tello_ros2_humble_driver/install/tello_description/share/tello_description/hook/cmake_prefix_path.ps1'
[0.280s] INFO:colcon.colcon_core.shell:Creating environment descriptor '/home/user/aerial_robotics/tello_ros2_humble_driver/install/tello_description/share/tello_description/hook/cmake_prefix_path.dsv'
[0.280s] INFO:colcon.colcon_core.shell:Creating environment hook '/home/user/aerial_robotics/tello_ros2_humble_driver/install/tello_description/share/tello_description/hook/cmake_prefix_path.sh'
[0.280s] Level 1:colcon.colcon_core.environment:checking '/home/user/aerial_robotics/tello_ros2_humble_driver/install/tello_description/bin'
[0.280s] Level 1:colcon.colcon_core.environment:checking '/home/user/aerial_robotics/tello_ros2_humble_driver/install/tello_description/lib/pkgconfig/tello_description.pc'
[0.280s] Level 1:colcon.colcon_core.environment:checking '/home/user/aerial_robotics/tello_ros2_humble_driver/install/tello_description/lib/python3.10/site-packages'
[0.281s] Level 1:colcon.colcon_core.environment:checking '/home/user/aerial_robotics/tello_ros2_humble_driver/install/tello_description/bin'
[0.281s] INFO:colcon.colcon_core.shell:Creating package script '/home/user/aerial_robotics/tello_ros2_humble_driver/install/tello_description/share/tello_description/package.ps1'
[0.281s] INFO:colcon.colcon_core.shell:Creating package descriptor '/home/user/aerial_robotics/tello_ros2_humble_driver/install/tello_description/share/tello_description/package.dsv'
[0.281s] INFO:colcon.colcon_core.shell:Creating package script '/home/user/aerial_robotics/tello_ros2_humble_driver/install/tello_description/share/tello_description/package.sh'
[0.281s] INFO:colcon.colcon_core.shell:Creating package script '/home/user/aerial_robotics/tello_ros2_humble_driver/install/tello_description/share/tello_description/package.bash'
[0.281s] INFO:colcon.colcon_core.shell:Creating package script '/home/user/aerial_robotics/tello_ros2_humble_driver/install/tello_description/share/tello_description/package.zsh'
[0.282s] Level 1:colcon.colcon_core.environment:create_file_with_runtime_dependencies(/home/user/aerial_robotics/tello_ros2_humble_driver/install/tello_description/share/colcon-core/packages/tello_description)
[0.282s] Level 1:colcon.colcon_core.environment:create_environment_scripts_only(tello_description)
[0.282s] Level 1:colcon.colcon_core.environment:checking '/home/user/aerial_robotics/tello_ros2_humble_driver/install/tello_description' for CMake module files
[0.282s] Level 1:colcon.colcon_core.environment:checking '/home/user/aerial_robotics/tello_ros2_humble_driver/install/tello_description' for CMake config files
[0.282s] Level 1:colcon.colcon_core.shell:create_environment_hook('tello_description', 'cmake_prefix_path')
[0.282s] INFO:colcon.colcon_core.shell:Creating environment hook '/home/user/aerial_robotics/tello_ros2_humble_driver/install/tello_description/share/tello_description/hook/cmake_prefix_path.ps1'
[0.283s] INFO:colcon.colcon_core.shell:Creating environment descriptor '/home/user/aerial_robotics/tello_ros2_humble_driver/install/tello_description/share/tello_description/hook/cmake_prefix_path.dsv'
[0.283s] INFO:colcon.colcon_core.shell:Creating environment hook '/home/user/aerial_robotics/tello_ros2_humble_driver/install/tello_description/share/tello_description/hook/cmake_prefix_path.sh'
[0.283s] Level 1:colcon.colcon_core.environment:checking '/home/user/aerial_robotics/tello_ros2_humble_driver/install/tello_description/bin'
[0.283s] Level 1:colcon.colcon_core.environment:checking '/home/user/aerial_robotics/tello_ros2_humble_driver/install/tello_description/lib/pkgconfig/tello_description.pc'
[0.283s] Level 1:colcon.colcon_core.environment:checking '/home/user/aerial_robotics/tello_ros2_humble_driver/install/tello_description/lib/python3.10/site-packages'
[0.284s] Level 1:colcon.colcon_core.environment:checking '/home/user/aerial_robotics/tello_ros2_humble_driver/install/tello_description/bin'
[0.284s] INFO:colcon.colcon_core.shell:Creating package script '/home/user/aerial_robotics/tello_ros2_humble_driver/install/tello_description/share/tello_description/package.ps1'
[0.284s] INFO:colcon.colcon_core.shell:Creating package descriptor '/home/user/aerial_robotics/tello_ros2_humble_driver/install/tello_description/share/tello_description/package.dsv'
[0.284s] INFO:colcon.colcon_core.shell:Creating package script '/home/user/aerial_robotics/tello_ros2_humble_driver/install/tello_description/share/tello_description/package.sh'
[0.284s] INFO:colcon.colcon_core.shell:Creating package script '/home/user/aerial_robotics/tello_ros2_humble_driver/install/tello_description/share/tello_description/package.bash'
[0.285s] INFO:colcon.colcon_core.shell:Creating package script '/home/user/aerial_robotics/tello_ros2_humble_driver/install/tello_description/share/tello_description/package.zsh'
[0.285s] Level 1:colcon.colcon_core.environment:create_file_with_runtime_dependencies(/home/user/aerial_robotics/tello_ros2_humble_driver/install/tello_description/share/colcon-core/packages/tello_description)
[0.374s] DEBUG:colcon.colcon_core.event_handler.log_command:Invoked command in '/home/user/aerial_robotics/tello_ros2_humble_driver/build/tello_msgs' returned '0': CMAKE_PREFIX_PATH=${CMAKE_PREFIX_PATH}:/opt/ros/humble /usr/bin/cmake --build /home/user/aerial_robotics/tello_ros2_humble_driver/build/tello_msgs -- -j16 -l16
[0.375s] DEBUG:colcon.colcon_core.event_handler.log_command:Invoking command in '/home/user/aerial_robotics/tello_ros2_humble_driver/build/tello_msgs': CMAKE_PREFIX_PATH=${CMAKE_PREFIX_PATH}:/opt/ros/humble /usr/bin/cmake --install /home/user/aerial_robotics/tello_ros2_humble_driver/build/tello_msgs
[0.411s] Level 1:colcon.colcon_core.environment:create_environment_scripts_only(tello_msgs)
[0.411s] Level 1:colcon.colcon_core.environment:checking '/home/user/aerial_robotics/tello_ros2_humble_driver/install/tello_msgs' for CMake module files
[0.411s] DEBUG:colcon.colcon_core.event_handler.log_command:Invoked command in '/home/user/aerial_robotics/tello_ros2_humble_driver/build/tello_msgs' returned '0': CMAKE_PREFIX_PATH=${CMAKE_PREFIX_PATH}:/opt/ros/humble /usr/bin/cmake --install /home/user/aerial_robotics/tello_ros2_humble_driver/build/tello_msgs
[0.411s] Level 1:colcon.colcon_core.environment:checking '/home/user/aerial_robotics/tello_ros2_humble_driver/install/tello_msgs' for CMake config files
[0.412s] Level 1:colcon.colcon_core.shell:create_environment_hook('tello_msgs', 'cmake_prefix_path')
[0.412s] INFO:colcon.colcon_core.shell:Creating environment hook '/home/user/aerial_robotics/tello_ros2_humble_driver/install/tello_msgs/share/tello_msgs/hook/cmake_prefix_path.ps1'
[0.412s] INFO:colcon.colcon_core.shell:Creating environment descriptor '/home/user/aerial_robotics/tello_ros2_humble_driver/install/tello_msgs/share/tello_msgs/hook/cmake_prefix_path.dsv'
[0.412s] INFO:colcon.colcon_core.shell:Creating environment hook '/home/user/aerial_robotics/tello_ros2_humble_driver/install/tello_msgs/share/tello_msgs/hook/cmake_prefix_path.sh'
[0.412s] Level 1:colcon.colcon_core.environment:checking '/home/user/aerial_robotics/tello_ros2_humble_driver/install/tello_msgs/lib'
[0.413s] Level 1:colcon.colcon_core.shell:create_environment_hook('tello_msgs', 'ld_library_path_lib')
[0.413s] INFO:colcon.colcon_core.shell:Creating environment hook '/home/user/aerial_robotics/tello_ros2_humble_driver/install/tello_msgs/share/tello_msgs/hook/ld_library_path_lib.ps1'
[0.413s] INFO:colcon.colcon_core.shell:Creating environment descriptor '/home/user/aerial_robotics/tello_ros2_humble_driver/install/tello_msgs/share/tello_msgs/hook/ld_library_path_lib.dsv'
[0.413s] INFO:colcon.colcon_core.shell:Creating environment hook '/home/user/aerial_robotics/tello_ros2_humble_driver/install/tello_msgs/share/tello_msgs/hook/ld_library_path_lib.sh'
[0.413s] Level 1:colcon.colcon_core.environment:checking '/home/user/aerial_robotics/tello_ros2_humble_driver/install/tello_msgs/bin'
[0.413s] Level 1:colcon.colcon_core.environment:checking '/home/user/aerial_robotics/tello_ros2_humble_driver/install/tello_msgs/lib/pkgconfig/tello_msgs.pc'
[0.413s] Level 1:colcon.colcon_core.environment:checking '/home/user/aerial_robotics/tello_ros2_humble_driver/install/tello_msgs/lib/python3.10/site-packages'
[0.413s] Level 1:colcon.colcon_core.environment:checking '/home/user/aerial_robotics/tello_ros2_humble_driver/install/tello_msgs/bin'
[0.414s] INFO:colcon.colcon_core.shell:Creating package script '/home/user/aerial_robotics/tello_ros2_humble_driver/install/tello_msgs/share/tello_msgs/package.ps1'
[0.414s] INFO:colcon.colcon_core.shell:Creating package descriptor '/home/user/aerial_robotics/tello_ros2_humble_driver/install/tello_msgs/share/tello_msgs/package.dsv'
[0.414s] INFO:colcon.colcon_core.shell:Creating package script '/home/user/aerial_robotics/tello_ros2_humble_driver/install/tello_msgs/share/tello_msgs/package.sh'
[0.414s] INFO:colcon.colcon_core.shell:Creating package script '/home/user/aerial_robotics/tello_ros2_humble_driver/install/tello_msgs/share/tello_msgs/package.bash'
[0.414s] INFO:colcon.colcon_core.shell:Creating package script '/home/user/aerial_robotics/tello_ros2_humble_driver/install/tello_msgs/share/tello_msgs/package.zsh'
[0.414s] Level 1:colcon.colcon_core.environment:create_file_with_runtime_dependencies(/home/user/aerial_robotics/tello_ros2_humble_driver/install/tello_msgs/share/colcon-core/packages/tello_msgs)
[0.415s] Level 1:colcon.colcon_core.environment:create_environment_scripts_only(tello_msgs)
[0.415s] Level 1:colcon.colcon_core.environment:checking '/home/user/aerial_robotics/tello_ros2_humble_driver/install/tello_msgs' for CMake module files
[0.415s] Level 1:colcon.colcon_core.environment:checking '/home/user/aerial_robotics/tello_ros2_humble_driver/install/tello_msgs' for CMake config files
[0.415s] Level 1:colcon.colcon_core.shell:create_environment_hook('tello_msgs', 'cmake_prefix_path')
[0.415s] INFO:colcon.colcon_core.shell:Creating environment hook '/home/user/aerial_robotics/tello_ros2_humble_driver/install/tello_msgs/share/tello_msgs/hook/cmake_prefix_path.ps1'
[0.415s] INFO:colcon.colcon_core.shell:Creating environment descriptor '/home/user/aerial_robotics/tello_ros2_humble_driver/install/tello_msgs/share/tello_msgs/hook/cmake_prefix_path.dsv'
[0.415s] INFO:colcon.colcon_core.shell:Creating environment hook '/home/user/aerial_robotics/tello_ros2_humble_driver/install/tello_msgs/share/tello_msgs/hook/cmake_prefix_path.sh'
[0.416s] Level 1:colcon.colcon_core.environment:checking '/home/user/aerial_robotics/tello_ros2_humble_driver/install/tello_msgs/lib'
[0.416s] Level 1:colcon.colcon_core.shell:create_environment_hook('tello_msgs', 'ld_library_path_lib')
[0.416s] INFO:colcon.colcon_core.shell:Creating environment hook '/home/user/aerial_robotics/tello_ros2_humble_driver/install/tello_msgs/share/tello_msgs/hook/ld_library_path_lib.ps1'
[0.416s] INFO:colcon.colcon_core.shell:Creating environment descriptor '/home/user/aerial_robotics/tello_ros2_humble_driver/install/tello_msgs/share/tello_msgs/hook/ld_library_path_lib.dsv'
[0.416s] INFO:colcon.colcon_core.shell:Creating environment hook '/home/user/aerial_robotics/tello_ros2_humble_driver/install/tello_msgs/share/tello_msgs/hook/ld_library_path_lib.sh'
[0.416s] Level 1:colcon.colcon_core.environment:checking '/home/user/aerial_robotics/tello_ros2_humble_driver/install/tello_msgs/bin'
[0.416s] Level 1:colcon.colcon_core.environment:checking '/home/user/aerial_robotics/tello_ros2_humble_driver/install/tello_msgs/lib/pkgconfig/tello_msgs.pc'
[0.416s] Level 1:colcon.colcon_core.environment:checking '/home/user/aerial_robotics/tello_ros2_humble_driver/install/tello_msgs/lib/python3.10/site-packages'
[0.416s] Level 1:colcon.colcon_core.environment:checking '/home/user/aerial_robotics/tello_ros2_humble_driver/install/tello_msgs/bin'
[0.417s] INFO:colcon.colcon_core.shell:Creating package script '/home/user/aerial_robotics/tello_ros2_humble_driver/install/tello_msgs/share/tello_msgs/package.ps1'
[0.417s] INFO:colcon.colcon_core.shell:Creating package descriptor '/home/user/aerial_robotics/tello_ros2_humble_driver/install/tello_msgs/share/tello_msgs/package.dsv'
[0.417s] INFO:colcon.colcon_core.shell:Creating package script '/home/user/aerial_robotics/tello_ros2_humble_driver/install/tello_msgs/share/tello_msgs/package.sh'
[0.417s] INFO:colcon.colcon_core.shell:Creating package script '/home/user/aerial_robotics/tello_ros2_humble_driver/install/tello_msgs/share/tello_msgs/package.bash'
[0.417s] INFO:colcon.colcon_core.shell:Creating package script '/home/user/aerial_robotics/tello_ros2_humble_driver/install/tello_msgs/share/tello_msgs/package.zsh'
[0.417s] Level 1:colcon.colcon_core.environment:create_file_with_runtime_dependencies(/home/user/aerial_robotics/tello_ros2_humble_driver/install/tello_msgs/share/colcon-core/packages/tello_msgs)
[0.418s] INFO:colcon.colcon_ros.task.ament_cmake.build:Building ROS package in '/home/user/aerial_robotics/tello_ros2_humble_driver/tello_ros/tello_driver' with build type 'ament_cmake'
[0.418s] INFO:colcon.colcon_cmake.task.cmake.build:Building CMake package in '/home/user/aerial_robotics/tello_ros2_humble_driver/tello_ros/tello_driver'
[0.418s] INFO:colcon.colcon_core.shell:Skip shell extension 'powershell' for command environment: Not usable outside of PowerShell
[0.418s] DEBUG:colcon.colcon_core.shell:Skip shell extension 'dsv' for command environment
[0.420s] INFO:colcon.colcon_ros.task.ament_cmake.build:Building ROS package in '/home/user/aerial_robotics/tello_ros2_humble_driver/tello_ros/tello_gazebo' with build type 'ament_cmake'
[0.420s] INFO:colcon.colcon_cmake.task.cmake.build:Building CMake package in '/home/user/aerial_robotics/tello_ros2_humble_driver/tello_ros/tello_gazebo'
[0.420s] INFO:colcon.colcon_core.shell:Skip shell extension 'powershell' for command environment: Not usable outside of PowerShell
[0.420s] DEBUG:colcon.colcon_core.shell:Skip shell extension 'dsv' for command environment
[0.441s] DEBUG:colcon.colcon_core.event_handler.log_command:Invoking command in '/home/user/aerial_robotics/tello_ros2_humble_driver/build/tello_gazebo': CMAKE_PREFIX_PATH=/home/user/aerial_robotics/tello_ros2_humble_driver/install/tello_msgs:/home/user/aerial_robotics/tello_ros2_humble_driver/install/tello_gazebo:/home/user/aerial_robotics/tello_ros2_humble_driver/install/tello_driver:/home/user/aerial_robotics/tello_ros2_humble_driver/install/tello_description:/home/user/aerial_robotics/tello_ros2_humble_driver/install/ros2_shared:/opt/ros/humble LD_LIBRARY_PATH=/home/user/aerial_robotics/tello_ros2_humble_driver/install/tello_msgs/lib:/home/user/aerial_robotics/tello_ros2_humble_driver/install/tello_gazebo/lib:/home/user/aerial_robotics/tello_ros2_humble_driver/install/tello_driver/lib:/usr/lib/x86_64-linux-gnu/gazebo-11/plugins:/opt/ros/humble/opt/rviz_ogre_vendor/lib:/opt/ros/humble/lib/x86_64-linux-gnu:/opt/ros/humble/lib /usr/bin/cmake --build /home/user/aerial_robotics/tello_ros2_humble_driver/build/tello_gazebo -- -j16 -l16
[0.452s] DEBUG:colcon.colcon_core.event_handler.log_command:Invoking command in '/home/user/aerial_robotics/tello_ros2_humble_driver/build/tello_driver': CMAKE_PREFIX_PATH=/home/user/aerial_robotics/tello_ros2_humble_driver/install/tello_msgs:/home/user/aerial_robotics/tello_ros2_humble_driver/install/ros2_shared:/home/user/aerial_robotics/tello_ros2_humble_driver/install/tello_gazebo:/home/user/aerial_robotics/tello_ros2_humble_driver/install/tello_driver:/home/user/aerial_robotics/tello_ros2_humble_driver/install/tello_description:/opt/ros/humble LD_LIBRARY_PATH=/home/user/aerial_robotics/tello_ros2_humble_driver/install/tello_msgs/lib:/home/user/aerial_robotics/tello_ros2_humble_driver/install/tello_gazebo/lib:/home/user/aerial_robotics/tello_ros2_humble_driver/install/tello_driver/lib:/usr/lib/x86_64-linux-gnu/gazebo-11/plugins:/opt/ros/humble/opt/rviz_ogre_vendor/lib:/opt/ros/humble/lib/x86_64-linux-gnu:/opt/ros/humble/lib /usr/bin/cmake --build /home/user/aerial_robotics/tello_ros2_humble_driver/build/tello_driver -- -j16 -l16
[0.487s] DEBUG:colcon.colcon_core.event_handler.log_command:Invoked command in '/home/user/aerial_robotics/tello_ros2_humble_driver/build/tello_gazebo' returned '0': CMAKE_PREFIX_PATH=/home/user/aerial_robotics/tello_ros2_humble_driver/install/tello_msgs:/home/user/aerial_robotics/tello_ros2_humble_driver/install/tello_gazebo:/home/user/aerial_robotics/tello_ros2_humble_driver/install/tello_driver:/home/user/aerial_robotics/tello_ros2_humble_driver/install/tello_description:/home/user/aerial_robotics/tello_ros2_humble_driver/install/ros2_shared:/opt/ros/humble LD_LIBRARY_PATH=/home/user/aerial_robotics/tello_ros2_humble_driver/install/tello_msgs/lib:/home/user/aerial_robotics/tello_ros2_humble_driver/install/tello_gazebo/lib:/home/user/aerial_robotics/tello_ros2_humble_driver/install/tello_driver/lib:/usr/lib/x86_64-linux-gnu/gazebo-11/plugins:/opt/ros/humble/opt/rviz_ogre_vendor/lib:/opt/ros/humble/lib/x86_64-linux-gnu:/opt/ros/humble/lib /usr/bin/cmake --build /home/user/aerial_robotics/tello_ros2_humble_driver/build/tello_gazebo -- -j16 -l16
[0.489s] DEBUG:colcon.colcon_core.event_handler.log_command:Invoking command in '/home/user/aerial_robotics/tello_ros2_humble_driver/build/tello_gazebo': CMAKE_PREFIX_PATH=/home/user/aerial_robotics/tello_ros2_humble_driver/install/tello_msgs:/home/user/aerial_robotics/tello_ros2_humble_driver/install/tello_gazebo:/home/user/aerial_robotics/tello_ros2_humble_driver/install/tello_driver:/home/user/aerial_robotics/tello_ros2_humble_driver/install/tello_description:/home/user/aerial_robotics/tello_ros2_humble_driver/install/ros2_shared:/opt/ros/humble LD_LIBRARY_PATH=/home/user/aerial_robotics/tello_ros2_humble_driver/install/tello_msgs/lib:/home/user/aerial_robotics/tello_ros2_humble_driver/install/tello_gazebo/lib:/home/user/aerial_robotics/tello_ros2_humble_driver/install/tello_driver/lib:/usr/lib/x86_64-linux-gnu/gazebo-11/plugins:/opt/ros/humble/opt/rviz_ogre_vendor/lib:/opt/ros/humble/lib/x86_64-linux-gnu:/opt/ros/humble/lib /usr/bin/cmake --install /home/user/aerial_robotics/tello_ros2_humble_driver/build/tello_gazebo
[0.503s] Level 1:colcon.colcon_core.environment:create_environment_scripts_only(tello_gazebo)
[0.503s] Level 1:colcon.colcon_core.environment:checking '/home/user/aerial_robotics/tello_ros2_humble_driver/install/tello_gazebo' for CMake module files
[0.504s] DEBUG:colcon.colcon_core.event_handler.log_command:Invoked command in '/home/user/aerial_robotics/tello_ros2_humble_driver/build/tello_gazebo' returned '0': CMAKE_PREFIX_PATH=/home/user/aerial_robotics/tello_ros2_humble_driver/install/tello_msgs:/home/user/aerial_robotics/tello_ros2_humble_driver/install/tello_gazebo:/home/user/aerial_robotics/tello_ros2_humble_driver/install/tello_driver:/home/user/aerial_robotics/tello_ros2_humble_driver/install/tello_description:/home/user/aerial_robotics/tello_ros2_humble_driver/install/ros2_shared:/opt/ros/humble LD_LIBRARY_PATH=/home/user/aerial_robotics/tello_ros2_humble_driver/install/tello_msgs/lib:/home/user/aerial_robotics/tello_ros2_humble_driver/install/tello_gazebo/lib:/home/user/aerial_robotics/tello_ros2_humble_driver/install/tello_driver/lib:/usr/lib/x86_64-linux-gnu/gazebo-11/plugins:/opt/ros/humble/opt/rviz_ogre_vendor/lib:/opt/ros/humble/lib/x86_64-linux-gnu:/opt/ros/humble/lib /usr/bin/cmake --install /home/user/aerial_robotics/tello_ros2_humble_driver/build/tello_gazebo
[0.504s] Level 1:colcon.colcon_core.environment:checking '/home/user/aerial_robotics/tello_ros2_humble_driver/install/tello_gazebo' for CMake config files
[0.504s] Level 1:colcon.colcon_core.shell:create_environment_hook('tello_gazebo', 'cmake_prefix_path')
[0.504s] INFO:colcon.colcon_core.shell:Creating environment hook '/home/user/aerial_robotics/tello_ros2_humble_driver/install/tello_gazebo/share/tello_gazebo/hook/cmake_prefix_path.ps1'
[0.504s] INFO:colcon.colcon_core.shell:Creating environment descriptor '/home/user/aerial_robotics/tello_ros2_humble_driver/install/tello_gazebo/share/tello_gazebo/hook/cmake_prefix_path.dsv'
[0.504s] INFO:colcon.colcon_core.shell:Creating environment hook '/home/user/aerial_robotics/tello_ros2_humble_driver/install/tello_gazebo/share/tello_gazebo/hook/cmake_prefix_path.sh'
[0.505s] Level 1:colcon.colcon_core.environment:checking '/home/user/aerial_robotics/tello_ros2_humble_driver/install/tello_gazebo/lib'
[0.505s] Level 1:colcon.colcon_core.shell:create_environment_hook('tello_gazebo', 'ld_library_path_lib')
[0.505s] INFO:colcon.colcon_core.shell:Creating environment hook '/home/user/aerial_robotics/tello_ros2_humble_driver/install/tello_gazebo/share/tello_gazebo/hook/ld_library_path_lib.ps1'
[0.505s] INFO:colcon.colcon_core.shell:Creating environment descriptor '/home/user/aerial_robotics/tello_ros2_humble_driver/install/tello_gazebo/share/tello_gazebo/hook/ld_library_path_lib.dsv'
[0.505s] INFO:colcon.colcon_core.shell:Creating environment hook '/home/user/aerial_robotics/tello_ros2_humble_driver/install/tello_gazebo/share/tello_gazebo/hook/ld_library_path_lib.sh'
[0.505s] Level 1:colcon.colcon_core.environment:checking '/home/user/aerial_robotics/tello_ros2_humble_driver/install/tello_gazebo/bin'
[0.505s] Level 1:colcon.colcon_core.environment:checking '/home/user/aerial_robotics/tello_ros2_humble_driver/install/tello_gazebo/lib/pkgconfig/tello_gazebo.pc'
[0.506s] Level 1:colcon.colcon_core.environment:checking '/home/user/aerial_robotics/tello_ros2_humble_driver/install/tello_gazebo/lib/python3.10/site-packages'
[0.506s] Level 1:colcon.colcon_core.environment:checking '/home/user/aerial_robotics/tello_ros2_humble_driver/install/tello_gazebo/bin'
[0.506s] INFO:colcon.colcon_core.shell:Creating package script '/home/user/aerial_robotics/tello_ros2_humble_driver/install/tello_gazebo/share/tello_gazebo/package.ps1'
[0.506s] INFO:colcon.colcon_core.shell:Creating package descriptor '/home/user/aerial_robotics/tello_ros2_humble_driver/install/tello_gazebo/share/tello_gazebo/package.dsv'
[0.506s] INFO:colcon.colcon_core.shell:Creating package script '/home/user/aerial_robotics/tello_ros2_humble_driver/install/tello_gazebo/share/tello_gazebo/package.sh'
[0.506s] INFO:colcon.colcon_core.shell:Creating package script '/home/user/aerial_robotics/tello_ros2_humble_driver/install/tello_gazebo/share/tello_gazebo/package.bash'
[0.506s] INFO:colcon.colcon_core.shell:Creating package script '/home/user/aerial_robotics/tello_ros2_humble_driver/install/tello_gazebo/share/tello_gazebo/package.zsh'
[0.507s] Level 1:colcon.colcon_core.environment:create_file_with_runtime_dependencies(/home/user/aerial_robotics/tello_ros2_humble_driver/install/tello_gazebo/share/colcon-core/packages/tello_gazebo)
[0.507s] Level 1:colcon.colcon_core.environment:create_environment_scripts_only(tello_gazebo)
[0.507s] Level 1:colcon.colcon_core.environment:checking '/home/user/aerial_robotics/tello_ros2_humble_driver/install/tello_gazebo' for CMake module files
[0.507s] Level 1:colcon.colcon_core.environment:checking '/home/user/aerial_robotics/tello_ros2_humble_driver/install/tello_gazebo' for CMake config files
[0.507s] Level 1:colcon.colcon_core.shell:create_environment_hook('tello_gazebo', 'cmake_prefix_path')
[0.507s] INFO:colcon.colcon_core.shell:Creating environment hook '/home/user/aerial_robotics/tello_ros2_humble_driver/install/tello_gazebo/share/tello_gazebo/hook/cmake_prefix_path.ps1'
[0.507s] INFO:colcon.colcon_core.shell:Creating environment descriptor '/home/user/aerial_robotics/tello_ros2_humble_driver/install/tello_gazebo/share/tello_gazebo/hook/cmake_prefix_path.dsv'
[0.508s] INFO:colcon.colcon_core.shell:Creating environment hook '/home/user/aerial_robotics/tello_ros2_humble_driver/install/tello_gazebo/share/tello_gazebo/hook/cmake_prefix_path.sh'
[0.508s] Level 1:colcon.colcon_core.environment:checking '/home/user/aerial_robotics/tello_ros2_humble_driver/install/tello_gazebo/lib'
[0.508s] Level 1:colcon.colcon_core.shell:create_environment_hook('tello_gazebo', 'ld_library_path_lib')
[0.508s] INFO:colcon.colcon_core.shell:Creating environment hook '/home/user/aerial_robotics/tello_ros2_humble_driver/install/tello_gazebo/share/tello_gazebo/hook/ld_library_path_lib.ps1'
[0.508s] INFO:colcon.colcon_core.shell:Creating environment descriptor '/home/user/aerial_robotics/tello_ros2_humble_driver/install/tello_gazebo/share/tello_gazebo/hook/ld_library_path_lib.dsv'
[0.508s] INFO:colcon.colcon_core.shell:Creating environment hook '/home/user/aerial_robotics/tello_ros2_humble_driver/install/tello_gazebo/share/tello_gazebo/hook/ld_library_path_lib.sh'
[0.508s] Level 1:colcon.colcon_core.environment:checking '/home/user/aerial_robotics/tello_ros2_humble_driver/install/tello_gazebo/bin'
[0.508s] Level 1:colcon.colcon_core.environment:checking '/home/user/aerial_robotics/tello_ros2_humble_driver/install/tello_gazebo/lib/pkgconfig/tello_gazebo.pc'
[0.508s] Level 1:colcon.colcon_core.environment:checking '/home/user/aerial_robotics/tello_ros2_humble_driver/install/tello_gazebo/lib/python3.10/site-packages'
[0.509s] Level 1:colcon.colcon_core.environment:checking '/home/user/aerial_robotics/tello_ros2_humble_driver/install/tello_gazebo/bin'
[0.509s] INFO:colcon.colcon_core.shell:Creating package script '/home/user/aerial_robotics/tello_ros2_humble_driver/install/tello_gazebo/share/tello_gazebo/package.ps1'
[0.509s] INFO:colcon.colcon_core.shell:Creating package descriptor '/home/user/aerial_robotics/tello_ros2_humble_driver/install/tello_gazebo/share/tello_gazebo/package.dsv'
[0.509s] INFO:colcon.colcon_core.shell:Creating package script '/home/user/aerial_robotics/tello_ros2_humble_driver/install/tello_gazebo/share/tello_gazebo/package.sh'
[0.509s] INFO:colcon.colcon_core.shell:Creating package script '/home/user/aerial_robotics/tello_ros2_humble_driver/install/tello_gazebo/share/tello_gazebo/package.bash'
[0.510s] INFO:colcon.colcon_core.shell:Creating package script '/home/user/aerial_robotics/tello_ros2_humble_driver/install/tello_gazebo/share/tello_gazebo/package.zsh'
[0.510s] Level 1:colcon.colcon_core.environment:create_file_with_runtime_dependencies(/home/user/aerial_robotics/tello_ros2_humble_driver/install/tello_gazebo/share/colcon-core/packages/tello_gazebo)
[0.511s] DEBUG:colcon.colcon_core.event_handler.log_command:Invoked command in '/home/user/aerial_robotics/tello_ros2_humble_driver/build/tello_driver' returned '0': CMAKE_PREFIX_PATH=/home/user/aerial_robotics/tello_ros2_humble_driver/install/tello_msgs:/home/user/aerial_robotics/tello_ros2_humble_driver/install/ros2_shared:/home/user/aerial_robotics/tello_ros2_humble_driver/install/tello_gazebo:/home/user/aerial_robotics/tello_ros2_humble_driver/install/tello_driver:/home/user/aerial_robotics/tello_ros2_humble_driver/install/tello_description:/opt/ros/humble LD_LIBRARY_PATH=/home/user/aerial_robotics/tello_ros2_humble_driver/install/tello_msgs/lib:/home/user/aerial_robotics/tello_ros2_humble_driver/install/tello_gazebo/lib:/home/user/aerial_robotics/tello_ros2_humble_driver/install/tello_driver/lib:/usr/lib/x86_64-linux-gnu/gazebo-11/plugins:/opt/ros/humble/opt/rviz_ogre_vendor/lib:/opt/ros/humble/lib/x86_64-linux-gnu:/opt/ros/humble/lib /usr/bin/cmake --build /home/user/aerial_robotics/tello_ros2_humble_driver/build/tello_driver -- -j16 -l16
[0.512s] DEBUG:colcon.colcon_core.event_handler.log_command:Invoking command in '/home/user/aerial_robotics/tello_ros2_humble_driver/build/tello_driver': CMAKE_PREFIX_PATH=/home/user/aerial_robotics/tello_ros2_humble_driver/install/tello_msgs:/home/user/aerial_robotics/tello_ros2_humble_driver/install/ros2_shared:/home/user/aerial_robotics/tello_ros2_humble_driver/install/tello_gazebo:/home/user/aerial_robotics/tello_ros2_humble_driver/install/tello_driver:/home/user/aerial_robotics/tello_ros2_humble_driver/install/tello_description:/opt/ros/humble LD_LIBRARY_PATH=/home/user/aerial_robotics/tello_ros2_humble_driver/install/tello_msgs/lib:/home/user/aerial_robotics/tello_ros2_humble_driver/install/tello_gazebo/lib:/home/user/aerial_robotics/tello_ros2_humble_driver/install/tello_driver/lib:/usr/lib/x86_64-linux-gnu/gazebo-11/plugins:/opt/ros/humble/opt/rviz_ogre_vendor/lib:/opt/ros/humble/lib/x86_64-linux-gnu:/opt/ros/humble/lib /usr/bin/cmake --install /home/user/aerial_robotics/tello_ros2_humble_driver/build/tello_driver
[0.523s] Level 1:colcon.colcon_core.environment:create_environment_scripts_only(tello_driver)
[0.523s] Level 1:colcon.colcon_core.environment:checking '/home/user/aerial_robotics/tello_ros2_humble_driver/install/tello_driver' for CMake module files
[0.524s] DEBUG:colcon.colcon_core.event_handler.log_command:Invoked command in '/home/user/aerial_robotics/tello_ros2_humble_driver/build/tello_driver' returned '0': CMAKE_PREFIX_PATH=/home/user/aerial_robotics/tello_ros2_humble_driver/install/tello_msgs:/home/user/aerial_robotics/tello_ros2_humble_driver/install/ros2_shared:/home/user/aerial_robotics/tello_ros2_humble_driver/install/tello_gazebo:/home/user/aerial_robotics/tello_ros2_humble_driver/install/tello_driver:/home/user/aerial_robotics/tello_ros2_humble_driver/install/tello_description:/opt/ros/humble LD_LIBRARY_PATH=/home/user/aerial_robotics/tello_ros2_humble_driver/install/tello_msgs/lib:/home/user/aerial_robotics/tello_ros2_humble_driver/install/tello_gazebo/lib:/home/user/aerial_robotics/tello_ros2_humble_driver/install/tello_driver/lib:/usr/lib/x86_64-linux-gnu/gazebo-11/plugins:/opt/ros/humble/opt/rviz_ogre_vendor/lib:/opt/ros/humble/lib/x86_64-linux-gnu:/opt/ros/humble/lib /usr/bin/cmake --install /home/user/aerial_robotics/tello_ros2_humble_driver/build/tello_driver
[0.524s] Level 1:colcon.colcon_core.environment:checking '/home/user/aerial_robotics/tello_ros2_humble_driver/install/tello_driver' for CMake config files
[0.524s] Level 1:colcon.colcon_core.shell:create_environment_hook('tello_driver', 'cmake_prefix_path')
[0.524s] INFO:colcon.colcon_core.shell:Creating environment hook '/home/user/aerial_robotics/tello_ros2_humble_driver/install/tello_driver/share/tello_driver/hook/cmake_prefix_path.ps1'
[0.524s] INFO:colcon.colcon_core.shell:Creating environment descriptor '/home/user/aerial_robotics/tello_ros2_humble_driver/install/tello_driver/share/tello_driver/hook/cmake_prefix_path.dsv'
[0.524s] INFO:colcon.colcon_core.shell:Creating environment hook '/home/user/aerial_robotics/tello_ros2_humble_driver/install/tello_driver/share/tello_driver/hook/cmake_prefix_path.sh'
[0.525s] Level 1:colcon.colcon_core.environment:checking '/home/user/aerial_robotics/tello_ros2_humble_driver/install/tello_driver/lib'
[0.525s] Level 1:colcon.colcon_core.shell:create_environment_hook('tello_driver', 'ld_library_path_lib')
[0.525s] INFO:colcon.colcon_core.shell:Creating environment hook '/home/user/aerial_robotics/tello_ros2_humble_driver/install/tello_driver/share/tello_driver/hook/ld_library_path_lib.ps1'
[0.525s] INFO:colcon.colcon_core.shell:Creating environment descriptor '/home/user/aerial_robotics/tello_ros2_humble_driver/install/tello_driver/share/tello_driver/hook/ld_library_path_lib.dsv'
[0.525s] INFO:colcon.colcon_core.shell:Creating environment hook '/home/user/aerial_robotics/tello_ros2_humble_driver/install/tello_driver/share/tello_driver/hook/ld_library_path_lib.sh'
[0.525s] Level 1:colcon.colcon_core.environment:checking '/home/user/aerial_robotics/tello_ros2_humble_driver/install/tello_driver/bin'
[0.525s] Level 1:colcon.colcon_core.environment:checking '/home/user/aerial_robotics/tello_ros2_humble_driver/install/tello_driver/lib/pkgconfig/tello_driver.pc'
[0.525s] Level 1:colcon.colcon_core.environment:checking '/home/user/aerial_robotics/tello_ros2_humble_driver/install/tello_driver/lib/python3.10/site-packages'
[0.525s] Level 1:colcon.colcon_core.environment:checking '/home/user/aerial_robotics/tello_ros2_humble_driver/install/tello_driver/bin'
[0.526s] INFO:colcon.colcon_core.shell:Creating package script '/home/user/aerial_robotics/tello_ros2_humble_driver/install/tello_driver/share/tello_driver/package.ps1'
[0.526s] INFO:colcon.colcon_core.shell:Creating package descriptor '/home/user/aerial_robotics/tello_ros2_humble_driver/install/tello_driver/share/tello_driver/package.dsv'
[0.526s] INFO:colcon.colcon_core.shell:Creating package script '/home/user/aerial_robotics/tello_ros2_humble_driver/install/tello_driver/share/tello_driver/package.sh'
[0.526s] INFO:colcon.colcon_core.shell:Creating package script '/home/user/aerial_robotics/tello_ros2_humble_driver/install/tello_driver/share/tello_driver/package.bash'
[0.526s] INFO:colcon.colcon_core.shell:Creating package script '/home/user/aerial_robotics/tello_ros2_humble_driver/install/tello_driver/share/tello_driver/package.zsh'
[0.526s] Level 1:colcon.colcon_core.environment:create_file_with_runtime_dependencies(/home/user/aerial_robotics/tello_ros2_humble_driver/install/tello_driver/share/colcon-core/packages/tello_driver)
[0.527s] Level 1:colcon.colcon_core.environment:create_environment_scripts_only(tello_driver)
[0.527s] Level 1:colcon.colcon_core.environment:checking '/home/user/aerial_robotics/tello_ros2_humble_driver/install/tello_driver' for CMake module files
[0.527s] Level 1:colcon.colcon_core.environment:checking '/home/user/aerial_robotics/tello_ros2_humble_driver/install/tello_driver' for CMake config files
[0.527s] Level 1:colcon.colcon_core.shell:create_environment_hook('tello_driver', 'cmake_prefix_path')
[0.527s] INFO:colcon.colcon_core.shell:Creating environment hook '/home/user/aerial_robotics/tello_ros2_humble_driver/install/tello_driver/share/tello_driver/hook/cmake_prefix_path.ps1'
[0.527s] INFO:colcon.colcon_core.shell:Creating environment descriptor '/home/user/aerial_robotics/tello_ros2_humble_driver/install/tello_driver/share/tello_driver/hook/cmake_prefix_path.dsv'
[0.527s] INFO:colcon.colcon_core.shell:Creating environment hook '/home/user/aerial_robotics/tello_ros2_humble_driver/install/tello_driver/share/tello_driver/hook/cmake_prefix_path.sh'
[0.528s] Level 1:colcon.colcon_core.environment:checking '/home/user/aerial_robotics/tello_ros2_humble_driver/install/tello_driver/lib'
[0.528s] Level 1:colcon.colcon_core.shell:create_environment_hook('tello_driver', 'ld_library_path_lib')
[0.528s] INFO:colcon.colcon_core.shell:Creating environment hook '/home/user/aerial_robotics/tello_ros2_humble_driver/install/tello_driver/share/tello_driver/hook/ld_library_path_lib.ps1'
[0.528s] INFO:colcon.colcon_core.shell:Creating environment descriptor '/home/user/aerial_robotics/tello_ros2_humble_driver/install/tello_driver/share/tello_driver/hook/ld_library_path_lib.dsv'
[0.528s] INFO:colcon.colcon_core.shell:Creating environment hook '/home/user/aerial_robotics/tello_ros2_humble_driver/install/tello_driver/share/tello_driver/hook/ld_library_path_lib.sh'
[0.528s] Level 1:colcon.colcon_core.environment:checking '/home/user/aerial_robotics/tello_ros2_humble_driver/install/tello_driver/bin'
[0.528s] Level 1:colcon.colcon_core.environment:checking '/home/user/aerial_robotics/tello_ros2_humble_driver/install/tello_driver/lib/pkgconfig/tello_driver.pc'
[0.528s] Level 1:colcon.colcon_core.environment:checking '/home/user/aerial_robotics/tello_ros2_humble_driver/install/tello_driver/lib/python3.10/site-packages'
[0.528s] Level 1:colcon.colcon_core.environment:checking '/home/user/aerial_robotics/tello_ros2_humble_driver/install/tello_driver/bin'
[0.529s] INFO:colcon.colcon_core.shell:Creating package script '/home/user/aerial_robotics/tello_ros2_humble_driver/install/tello_driver/share/tello_driver/package.ps1'
[0.529s] INFO:colcon.colcon_core.shell:Creating package descriptor '/home/user/aerial_robotics/tello_ros2_humble_driver/install/tello_driver/share/tello_driver/package.dsv'
[0.529s] INFO:colcon.colcon_core.shell:Creating package script '/home/user/aerial_robotics/tello_ros2_humble_driver/install/tello_driver/share/tello_driver/package.sh'
[0.530s] INFO:colcon.colcon_core.shell:Creating package script '/home/user/aerial_robotics/tello_ros2_humble_driver/install/tello_driver/share/tello_driver/package.bash'
[0.530s] INFO:colcon.colcon_core.shell:Creating package script '/home/user/aerial_robotics/tello_ros2_humble_driver/install/tello_driver/share/tello_driver/package.zsh'
[0.530s] Level 1:colcon.colcon_core.environment:create_file_with_runtime_dependencies(/home/user/aerial_robotics/tello_ros2_humble_driver/install/tello_driver/share/colcon-core/packages/tello_driver)
[0.530s] DEBUG:colcon.colcon_parallel_executor.executor.parallel:closing loop
[0.530s] DEBUG:colcon.colcon_parallel_executor.executor.parallel:loop closed
[0.530s] DEBUG:colcon.colcon_parallel_executor.executor.parallel:run_until_complete finished with '0'
[0.530s] DEBUG:colcon.colcon_core.event_reactor:joining thread
[0.554s] INFO:colcon.colcon_core.plugin_system:Skipping extension 'colcon_notification.desktop_notification.notify_send': Could not find 'notify-send'
[0.554s] INFO:colcon.colcon_core.plugin_system:Skipping extension 'colcon_notification.desktop_notification.terminal_notifier': Not used on non-Darwin systems
[0.554s] INFO:colcon.colcon_core.plugin_system:Skipping extension 'colcon_notification.desktop_notification.win32': Not used on non-Windows systems
[0.554s] INFO:colcon.colcon_notification.desktop_notification:Sending desktop notification using 'notify2'
[0.554s] DEBUG:colcon.colcon_notification.desktop_notification.notify2:Failed to initialize notify2: org.freedesktop.DBus.Error.FileNotFound: Failed to connect to socket /run/user/1000/bus: No such file or directory
[0.554s] DEBUG:colcon.colcon_core.event_reactor:joined thread
[0.554s] INFO:colcon.colcon_core.shell:Creating prefix script '/home/user/aerial_robotics/tello_ros2_humble_driver/install/local_setup.ps1'
[0.555s] INFO:colcon.colcon_core.shell:Creating prefix util module '/home/user/aerial_robotics/tello_ros2_humble_driver/install/_local_setup_util_ps1.py'
[0.555s] INFO:colcon.colcon_core.shell:Creating prefix chain script '/home/user/aerial_robotics/tello_ros2_humble_driver/install/setup.ps1'
[0.556s] INFO:colcon.colcon_core.shell:Creating prefix script '/home/user/aerial_robotics/tello_ros2_humble_driver/install/local_setup.sh'
[0.556s] INFO:colcon.colcon_core.shell:Creating prefix util module '/home/user/aerial_robotics/tello_ros2_humble_driver/install/_local_setup_util_sh.py'
[0.556s] INFO:colcon.colcon_core.shell:Creating prefix chain script '/home/user/aerial_robotics/tello_ros2_humble_driver/install/setup.sh'
[0.556s] INFO:colcon.colcon_core.shell:Creating prefix script '/home/user/aerial_robotics/tello_ros2_humble_driver/install/local_setup.bash'
[0.557s] INFO:colcon.colcon_core.shell:Creating prefix chain script '/home/user/aerial_robotics/tello_ros2_humble_driver/install/setup.bash'
[0.557s] INFO:colcon.colcon_core.shell:Creating prefix script '/home/user/aerial_robotics/tello_ros2_humble_driver/install/local_setup.zsh'
[0.557s] INFO:colcon.colcon_core.shell:Creating prefix chain script '/home/user/aerial_robotics/tello_ros2_humble_driver/install/setup.zsh'
