[0.074s] DEBUG:colcon:Command line arguments: ['/usr/bin/colcon', 'build', '--symlink-install']
[0.074s] DEBUG:colcon:Parsed command line arguments: Namespace(log_base=None, log_level=None, verb_name='build', build_base='build', install_base='install', merge_install=False, symlink_install=True, test_result_base=None, continue_on_error=False, executor='parallel', parallel_workers=16, event_handlers=None, ignore_user_meta=False, metas=['./colcon.meta'], base_paths=['.'], packages_ignore=None, packages_ignore_regex=None, paths=None, packages_up_to=None, packages_up_to_regex=None, packages_above=None, packages_above_and_dependencies=None, packages_above_depth=None, packages_select_by_dep=None, packages_skip_by_dep=None, packages_skip_up_to=None, packages_select_build_failed=False, packages_skip_build_finished=False, packages_select_test_failures=False, packages_skip_test_passed=False, packages_select=None, packages_skip=None, packages_select_regex=None, packages_skip_regex=None, packages_start=None, packages_end=None, allow_overriding=[], cmake_args=None, cmake_target=None, cmake_target_skip_unavailable=False, cmake_clean_cache=False, cmake_clean_first=False, cmake_force_configure=False, ament_cmake_args=None, catkin_cmake_args=None, catkin_skip_building_tests=False, verb_parser=<colcon_defaults.argument_parser.defaults.DefaultArgumentsDecorator object at 0x7f6ae5236e90>, verb_extension=<colcon_core.verb.build.BuildVerb object at 0x7f6ae5235e70>, main=<bound method BuildVerb.main of <colcon_core.verb.build.BuildVerb object at 0x7f6ae5235e70>>)
[0.213s] Level 1:colcon.colcon_core.package_discovery:discover_packages(colcon_meta) check parameters
[0.213s] Level 1:colcon.colcon_core.package_discovery:discover_packages(recursive) check parameters
[0.213s] Level 1:colcon.colcon_core.package_discovery:discover_packages(ignore) check parameters
[0.213s] Level 1:colcon.colcon_core.package_discovery:discover_packages(path) check parameters
[0.213s] Level 1:colcon.colcon_core.package_discovery:discover_packages(colcon_meta) discover
[0.213s] Level 1:colcon.colcon_core.package_discovery:discover_packages(recursive) discover
[0.213s] INFO:colcon.colcon_core.package_discovery:Crawling recursively for packages in '/home/user/aerial_robotics/tello_ros2_humble_driver/tello_ros/tello_gazebo'
[0.213s] Level 1:colcon.colcon_core.package_identification:_identify(.) by extensions ['ignore', 'ignore_ament_install']
[0.213s] Level 1:colcon.colcon_core.package_identification:_identify(.) by extension 'ignore'
[0.213s] Level 1:colcon.colcon_core.package_identification:_identify(.) by extension 'ignore_ament_install'
[0.213s] Level 1:colcon.colcon_core.package_identification:_identify(.) by extensions ['colcon_pkg']
[0.213s] Level 1:colcon.colcon_core.package_identification:_identify(.) by extension 'colcon_pkg'
[0.213s] Level 1:colcon.colcon_core.package_identification:_identify(.) by extensions ['colcon_meta']
[0.213s] Level 1:colcon.colcon_core.package_identification:_identify(.) by extension 'colcon_meta'
[0.213s] Level 1:colcon.colcon_core.package_identification:_identify(.) by extensions ['ros']
[0.213s] Level 1:colcon.colcon_core.package_identification:_identify(.) by extension 'ros'
[0.224s] DEBUG:colcon.colcon_core.package_identification:Package '.' with type 'ros.ament_cmake' and name 'tello_gazebo'
[0.224s] Level 1:colcon.colcon_core.package_discovery:discover_packages(recursive) using defaults
[0.224s] Level 1:colcon.colcon_core.package_discovery:discover_packages(ignore) discover
[0.224s] Level 1:colcon.colcon_core.package_discovery:discover_packages(ignore) using defaults
[0.224s] Level 1:colcon.colcon_core.package_discovery:discover_packages(path) discover
[0.224s] Level 1:colcon.colcon_core.package_discovery:discover_packages(path) using defaults
[0.234s] Level 1:colcon.colcon_core.package_discovery:discover_packages(prefix_path) check parameters
[0.234s] Level 1:colcon.colcon_core.package_discovery:discover_packages(prefix_path) discover
[0.235s] DEBUG:colcon.colcon_installed_package_information.package_discovery:Found 281 installed packages in /opt/ros/humble
[0.236s] Level 1:colcon.colcon_core.package_discovery:discover_packages(prefix_path) using defaults
[0.256s] Level 5:colcon.colcon_core.verb:set package 'tello_gazebo' build argument 'cmake_args' from command line to 'None'
[0.256s] Level 5:colcon.colcon_core.verb:set package 'tello_gazebo' build argument 'cmake_target' from command line to 'None'
[0.256s] Level 5:colcon.colcon_core.verb:set package 'tello_gazebo' build argument 'cmake_target_skip_unavailable' from command line to 'False'
[0.256s] Level 5:colcon.colcon_core.verb:set package 'tello_gazebo' build argument 'cmake_clean_cache' from command line to 'False'
[0.256s] Level 5:colcon.colcon_core.verb:set package 'tello_gazebo' build argument 'cmake_clean_first' from command line to 'False'
[0.256s] Level 5:colcon.colcon_core.verb:set package 'tello_gazebo' build argument 'cmake_force_configure' from command line to 'False'
[0.256s] Level 5:colcon.colcon_core.verb:set package 'tello_gazebo' build argument 'ament_cmake_args' from command line to 'None'
[0.256s] Level 5:colcon.colcon_core.verb:set package 'tello_gazebo' build argument 'catkin_cmake_args' from command line to 'None'
[0.256s] Level 5:colcon.colcon_core.verb:set package 'tello_gazebo' build argument 'catkin_skip_building_tests' from command line to 'False'
[0.256s] DEBUG:colcon.colcon_core.verb:Building package 'tello_gazebo' with the following arguments: {'ament_cmake_args': None, 'build_base': '/home/user/aerial_robotics/tello_ros2_humble_driver/tello_ros/tello_gazebo/build/tello_gazebo', 'catkin_cmake_args': None, 'catkin_skip_building_tests': False, 'cmake_args': None, 'cmake_clean_cache': False, 'cmake_clean_first': False, 'cmake_force_configure': False, 'cmake_target': None, 'cmake_target_skip_unavailable': False, 'install_base': '/home/user/aerial_robotics/tello_ros2_humble_driver/tello_ros/tello_gazebo/install/tello_gazebo', 'merge_install': False, 'path': '/home/user/aerial_robotics/tello_ros2_humble_driver/tello_ros/tello_gazebo', 'symlink_install': True, 'test_result_base': None}
[0.256s] INFO:colcon.colcon_core.executor:Executing jobs using 'parallel' executor
[0.256s] DEBUG:colcon.colcon_parallel_executor.executor.parallel:run_until_complete
[0.257s] INFO:colcon.colcon_ros.task.ament_cmake.build:Building ROS package in '/home/user/aerial_robotics/tello_ros2_humble_driver/tello_ros/tello_gazebo' with build type 'ament_cmake'
[0.257s] INFO:colcon.colcon_cmake.task.cmake.build:Building CMake package in '/home/user/aerial_robotics/tello_ros2_humble_driver/tello_ros/tello_gazebo'
[0.258s] INFO:colcon.colcon_core.plugin_system:Skipping extension 'colcon_core.shell.bat': Not used on non-Windows systems
[0.258s] INFO:colcon.colcon_core.shell:Skip shell extension 'powershell' for command environment: Not usable outside of PowerShell
[0.258s] DEBUG:colcon.colcon_core.shell:Skip shell extension 'dsv' for command environment
[0.265s] DEBUG:colcon.colcon_core.event_handler.log_command:Invoking command in '/home/user/aerial_robotics/tello_ros2_humble_driver/tello_ros/tello_gazebo/build/tello_gazebo': CMAKE_PREFIX_PATH=/opt/ros/humble /usr/bin/cmake /home/user/aerial_robotics/tello_ros2_humble_driver/tello_ros/tello_gazebo -DAMENT_CMAKE_SYMLINK_INSTALL=1 -DCMAKE_INSTALL_PREFIX=/home/user/aerial_robotics/tello_ros2_humble_driver/tello_ros/tello_gazebo/install/tello_gazebo
[13.810s] DEBUG:colcon.colcon_core.event_handler.log_command:Invoked command in '/home/user/aerial_robotics/tello_ros2_humble_driver/tello_ros/tello_gazebo/build/tello_gazebo' returned '1': CMAKE_PREFIX_PATH=/opt/ros/humble /usr/bin/cmake /home/user/aerial_robotics/tello_ros2_humble_driver/tello_ros/tello_gazebo -DAMENT_CMAKE_SYMLINK_INSTALL=1 -DCMAKE_INSTALL_PREFIX=/home/user/aerial_robotics/tello_ros2_humble_driver/tello_ros/tello_gazebo/install/tello_gazebo
[13.817s] Level 1:colcon.colcon_core.environment:create_environment_scripts_only(tello_gazebo)
[13.818s] Level 1:colcon.colcon_core.environment:checking '/home/user/aerial_robotics/tello_ros2_humble_driver/tello_ros/tello_gazebo/install/tello_gazebo' for CMake module files
[13.818s] Level 1:colcon.colcon_core.environment:checking '/home/user/aerial_robotics/tello_ros2_humble_driver/tello_ros/tello_gazebo/install/tello_gazebo' for CMake config files
[13.818s] Level 1:colcon.colcon_core.environment:checking '/home/user/aerial_robotics/tello_ros2_humble_driver/tello_ros/tello_gazebo/install/tello_gazebo/bin'
[13.818s] Level 1:colcon.colcon_core.environment:checking '/home/user/aerial_robotics/tello_ros2_humble_driver/tello_ros/tello_gazebo/install/tello_gazebo/lib/pkgconfig/tello_gazebo.pc'
[13.819s] Level 1:colcon.colcon_core.environment:checking '/home/user/aerial_robotics/tello_ros2_humble_driver/tello_ros/tello_gazebo/install/tello_gazebo/lib/python3.10/site-packages'
[13.819s] Level 1:colcon.colcon_core.environment:checking '/home/user/aerial_robotics/tello_ros2_humble_driver/tello_ros/tello_gazebo/install/tello_gazebo/bin'
[13.819s] INFO:colcon.colcon_core.shell:Creating package script '/home/user/aerial_robotics/tello_ros2_humble_driver/tello_ros/tello_gazebo/install/tello_gazebo/share/tello_gazebo/package.ps1'
[13.819s] INFO:colcon.colcon_core.shell:Creating package descriptor '/home/user/aerial_robotics/tello_ros2_humble_driver/tello_ros/tello_gazebo/install/tello_gazebo/share/tello_gazebo/package.dsv'
[13.820s] INFO:colcon.colcon_core.shell:Creating package script '/home/user/aerial_robotics/tello_ros2_humble_driver/tello_ros/tello_gazebo/install/tello_gazebo/share/tello_gazebo/package.sh'
[13.820s] INFO:colcon.colcon_core.shell:Creating package script '/home/user/aerial_robotics/tello_ros2_humble_driver/tello_ros/tello_gazebo/install/tello_gazebo/share/tello_gazebo/package.bash'
[13.820s] INFO:colcon.colcon_core.shell:Creating package script '/home/user/aerial_robotics/tello_ros2_humble_driver/tello_ros/tello_gazebo/install/tello_gazebo/share/tello_gazebo/package.zsh'
[13.820s] Level 1:colcon.colcon_core.environment:create_file_with_runtime_dependencies(/home/user/aerial_robotics/tello_ros2_humble_driver/tello_ros/tello_gazebo/install/tello_gazebo/share/colcon-core/packages/tello_gazebo)
[13.831s] DEBUG:colcon.colcon_parallel_executor.executor.parallel:closing loop
[13.831s] DEBUG:colcon.colcon_parallel_executor.executor.parallel:loop closed
[13.831s] DEBUG:colcon.colcon_parallel_executor.executor.parallel:run_until_complete finished with '1'
[13.831s] DEBUG:colcon.colcon_core.event_reactor:joining thread
[13.845s] INFO:colcon.colcon_core.plugin_system:Skipping extension 'colcon_notification.desktop_notification.notify_send': Could not find 'notify-send'
[13.845s] INFO:colcon.colcon_core.plugin_system:Skipping extension 'colcon_notification.desktop_notification.terminal_notifier': Not used on non-Darwin systems
[13.845s] INFO:colcon.colcon_core.plugin_system:Skipping extension 'colcon_notification.desktop_notification.win32': Not used on non-Windows systems
[13.845s] INFO:colcon.colcon_notification.desktop_notification:Sending desktop notification using 'notify2'
[13.845s] DEBUG:colcon.colcon_notification.desktop_notification.notify2:Failed to initialize notify2: org.freedesktop.DBus.Error.FileNotFound: Failed to connect to socket /run/user/1000/bus: No such file or directory
[13.845s] DEBUG:colcon.colcon_core.event_reactor:joined thread
[13.846s] INFO:colcon.colcon_core.shell:Creating prefix script '/home/user/aerial_robotics/tello_ros2_humble_driver/tello_ros/tello_gazebo/install/local_setup.ps1'
[13.846s] INFO:colcon.colcon_core.shell:Creating prefix util module '/home/user/aerial_robotics/tello_ros2_humble_driver/tello_ros/tello_gazebo/install/_local_setup_util_ps1.py'
[13.847s] INFO:colcon.colcon_core.shell:Creating prefix chain script '/home/user/aerial_robotics/tello_ros2_humble_driver/tello_ros/tello_gazebo/install/setup.ps1'
[13.847s] INFO:colcon.colcon_core.shell:Creating prefix script '/home/user/aerial_robotics/tello_ros2_humble_driver/tello_ros/tello_gazebo/install/local_setup.sh'
[13.847s] INFO:colcon.colcon_core.shell:Creating prefix util module '/home/user/aerial_robotics/tello_ros2_humble_driver/tello_ros/tello_gazebo/install/_local_setup_util_sh.py'
[13.847s] INFO:colcon.colcon_core.shell:Creating prefix chain script '/home/user/aerial_robotics/tello_ros2_humble_driver/tello_ros/tello_gazebo/install/setup.sh'
[13.848s] INFO:colcon.colcon_core.shell:Creating prefix script '/home/user/aerial_robotics/tello_ros2_humble_driver/tello_ros/tello_gazebo/install/local_setup.bash'
[13.848s] INFO:colcon.colcon_core.shell:Creating prefix chain script '/home/user/aerial_robotics/tello_ros2_humble_driver/tello_ros/tello_gazebo/install/setup.bash'
[13.848s] INFO:colcon.colcon_core.shell:Creating prefix script '/home/user/aerial_robotics/tello_ros2_humble_driver/tello_ros/tello_gazebo/install/local_setup.zsh'
[13.848s] INFO:colcon.colcon_core.shell:Creating prefix chain script '/home/user/aerial_robotics/tello_ros2_humble_driver/tello_ros/tello_gazebo/install/setup.zsh'
