[35m[1mConsolidate compiler generated dependencies of target tello_msgs__rosidl_generator_c[0m
[  2%] Built target tello_msgs__cpp
[  4%] Built target tello_msgs__rs
[  4%] Built target ament_cmake_python_symlink_tello_msgs
[ 14%] Built target tello_msgs__rosidl_generator_c
[35m[1mConsolidate compiler generated dependencies of target tello_msgs__rosidl_typesupport_fastrtps_cpp[0m
[35m[1mConsolidate compiler generated dependencies of target tello_msgs__rosidl_typesupport_introspection_cpp[0m
[35m[1mConsolidate compiler generated dependencies of target tello_msgs__rosidl_typesupport_cpp[0m
[35m[1mConsolidate compiler generated dependencies of target tello_msgs__rosidl_typesupport_introspection_c[0m
[35m[1mConsolidate compiler generated dependencies of target tello_msgs__rosidl_typesupport_fastrtps_c[0m
[35m[1mConsolidate compiler generated dependencies of target tello_msgs__rosidl_typesupport_c[0m
[ 33%] Built target tello_msgs__rosidl_typesupport_fastrtps_cpp
[ 35%] Built target tello_msgs__rosidl_typesupport_introspection_cpp
[ 45%] Built target tello_msgs__rosidl_typesupport_cpp
[ 56%] Built target tello_msgs__rosidl_typesupport_c
[ 66%] Built target tello_msgs__rosidl_typesupport_fastrtps_c
[ 77%] Built target tello_msgs__rosidl_typesupport_introspection_c
[ 77%] Built target tello_msgs
[ 79%] Built target tello_msgs__py
[35m[1mConsolidate compiler generated dependencies of target tello_msgs__rosidl_generator_py[0m
[ 87%] Built target tello_msgs__rosidl_generator_py
[35m[1mConsolidate compiler generated dependencies of target tello_msgs__rosidl_typesupport_fastrtps_c__pyext[0m
[35m[1mConsolidate compiler generated dependencies of target tello_msgs__rosidl_typesupport_introspection_c__pyext[0m
[35m[1mConsolidate compiler generated dependencies of target tello_msgs__rosidl_typesupport_c__pyext[0m
[100%] Built target tello_msgs__rosidl_typesupport_c__pyext
[100%] Built target tello_msgs__rosidl_typesupport_fastrtps_c__pyext
[100%] Built target tello_msgs__rosidl_typesupport_introspection_c__pyext
running egg_info
writing tello_msgs.egg-info/PKG-INFO
writing dependency_links to tello_msgs.egg-info/dependency_links.txt
writing top-level names to tello_msgs.egg-info/top_level.txt
reading manifest file 'tello_msgs.egg-info/SOURCES.txt'
writing manifest file 'tello_msgs.egg-info/SOURCES.txt'
[100%] Built target ament_cmake_python_build_tello_msgs_egg
-- Install configuration: ""
-- Execute custom install script
-- Up-to-date symlink: /home/user/aerial_robotics/tello_ros2_humble_driver/install/tello_msgs/share/ament_index/resource_index/rosidl_interfaces/tello_msgs
-- Up-to-date symlink: /home/user/aerial_robotics/tello_ros2_humble_driver/install/tello_msgs/include/tello_msgs/tello_msgs/msg/detail/flight_data__functions.h
-- Up-to-date symlink: /home/user/aerial_robotics/tello_ros2_humble_driver/install/tello_msgs/include/tello_msgs/tello_msgs/msg/detail/flight_data__struct.h
-- Up-to-date symlink: /home/user/aerial_robotics/tello_ros2_humble_driver/install/tello_msgs/include/tello_msgs/tello_msgs/msg/detail/flight_data__type_support.h
-- Up-to-date symlink: /home/user/aerial_robotics/tello_ros2_humble_driver/install/tello_msgs/include/tello_msgs/tello_msgs/msg/detail/tello_response__functions.h
-- Up-to-date symlink: /home/user/aerial_robotics/tello_ros2_humble_driver/install/tello_msgs/include/tello_msgs/tello_msgs/msg/detail/tello_response__struct.h
-- Up-to-date symlink: /home/user/aerial_robotics/tello_ros2_humble_driver/install/tello_msgs/include/tello_msgs/tello_msgs/msg/detail/tello_response__type_support.h
-- Up-to-date symlink: /home/user/aerial_robotics/tello_ros2_humble_driver/install/tello_msgs/include/tello_msgs/tello_msgs/msg/flight_data.h
-- Up-to-date symlink: /home/user/aerial_robotics/tello_ros2_humble_driver/install/tello_msgs/include/tello_msgs/tello_msgs/msg/rosidl_generator_c__visibility_control.h
-- Up-to-date symlink: /home/user/aerial_robotics/tello_ros2_humble_driver/install/tello_msgs/include/tello_msgs/tello_msgs/msg/tello_response.h
-- Up-to-date symlink: /home/user/aerial_robotics/tello_ros2_humble_driver/install/tello_msgs/include/tello_msgs/tello_msgs/srv/detail/tello_action__functions.h
-- Up-to-date symlink: /home/user/aerial_robotics/tello_ros2_humble_driver/install/tello_msgs/include/tello_msgs/tello_msgs/srv/detail/tello_action__struct.h
-- Up-to-date symlink: /home/user/aerial_robotics/tello_ros2_humble_driver/install/tello_msgs/include/tello_msgs/tello_msgs/srv/detail/tello_action__type_support.h
-- Up-to-date symlink: /home/user/aerial_robotics/tello_ros2_humble_driver/install/tello_msgs/include/tello_msgs/tello_msgs/srv/tello_action.h
-- Up-to-date symlink: /home/user/aerial_robotics/tello_ros2_humble_driver/install/tello_msgs/share/tello_msgs/environment/library_path.sh
-- Up-to-date symlink: /home/user/aerial_robotics/tello_ros2_humble_driver/install/tello_msgs/share/tello_msgs/environment/library_path.dsv
-- Up-to-date symlink: /home/user/aerial_robotics/tello_ros2_humble_driver/install/tello_msgs/include/tello_msgs/tello_msgs/msg/detail/flight_data__rosidl_typesupport_fastrtps_c.h
-- Up-to-date symlink: /home/user/aerial_robotics/tello_ros2_humble_driver/install/tello_msgs/include/tello_msgs/tello_msgs/msg/detail/tello_response__rosidl_typesupport_fastrtps_c.h
-- Up-to-date symlink: /home/user/aerial_robotics/tello_ros2_humble_driver/install/tello_msgs/include/tello_msgs/tello_msgs/msg/rosidl_typesupport_fastrtps_c__visibility_control.h
-- Up-to-date symlink: /home/user/aerial_robotics/tello_ros2_humble_driver/install/tello_msgs/include/tello_msgs/tello_msgs/srv/detail/tello_action__rosidl_typesupport_fastrtps_c.h
-- Up-to-date symlink: /home/user/aerial_robotics/tello_ros2_humble_driver/install/tello_msgs/include/tello_msgs/tello_msgs/msg/detail/flight_data__rosidl_typesupport_introspection_c.h
-- Up-to-date symlink: /home/user/aerial_robotics/tello_ros2_humble_driver/install/tello_msgs/include/tello_msgs/tello_msgs/msg/detail/tello_response__rosidl_typesupport_introspection_c.h
-- Up-to-date symlink: /home/user/aerial_robotics/tello_ros2_humble_driver/install/tello_msgs/include/tello_msgs/tello_msgs/msg/rosidl_typesupport_introspection_c__visibility_control.h
-- Up-to-date symlink: /home/user/aerial_robotics/tello_ros2_humble_driver/install/tello_msgs/include/tello_msgs/tello_msgs/srv/detail/tello_action__rosidl_typesupport_introspection_c.h
-- Up-to-date symlink: /home/user/aerial_robotics/tello_ros2_humble_driver/install/tello_msgs/include/tello_msgs/tello_msgs/msg/detail/flight_data__builder.hpp
-- Up-to-date symlink: /home/user/aerial_robotics/tello_ros2_humble_driver/install/tello_msgs/include/tello_msgs/tello_msgs/msg/detail/flight_data__struct.hpp
-- Up-to-date symlink: /home/user/aerial_robotics/tello_ros2_humble_driver/install/tello_msgs/include/tello_msgs/tello_msgs/msg/detail/flight_data__traits.hpp
-- Up-to-date symlink: /home/user/aerial_robotics/tello_ros2_humble_driver/install/tello_msgs/include/tello_msgs/tello_msgs/msg/detail/flight_data__type_support.hpp
-- Up-to-date symlink: /home/user/aerial_robotics/tello_ros2_humble_driver/install/tello_msgs/include/tello_msgs/tello_msgs/msg/detail/tello_response__builder.hpp
-- Up-to-date symlink: /home/user/aerial_robotics/tello_ros2_humble_driver/install/tello_msgs/include/tello_msgs/tello_msgs/msg/detail/tello_response__struct.hpp
-- Up-to-date symlink: /home/user/aerial_robotics/tello_ros2_humble_driver/install/tello_msgs/include/tello_msgs/tello_msgs/msg/detail/tello_response__traits.hpp
-- Up-to-date symlink: /home/user/aerial_robotics/tello_ros2_humble_driver/install/tello_msgs/include/tello_msgs/tello_msgs/msg/detail/tello_response__type_support.hpp
-- Up-to-date symlink: /home/user/aerial_robotics/tello_ros2_humble_driver/install/tello_msgs/include/tello_msgs/tello_msgs/msg/flight_data.hpp
-- Up-to-date symlink: /home/user/aerial_robotics/tello_ros2_humble_driver/install/tello_msgs/include/tello_msgs/tello_msgs/msg/rosidl_generator_cpp__visibility_control.hpp
-- Up-to-date symlink: /home/user/aerial_robotics/tello_ros2_humble_driver/install/tello_msgs/include/tello_msgs/tello_msgs/msg/tello_response.hpp
-- Up-to-date symlink: /home/user/aerial_robotics/tello_ros2_humble_driver/install/tello_msgs/include/tello_msgs/tello_msgs/srv/detail/tello_action__builder.hpp
-- Up-to-date symlink: /home/user/aerial_robotics/tello_ros2_humble_driver/install/tello_msgs/include/tello_msgs/tello_msgs/srv/detail/tello_action__struct.hpp
-- Up-to-date symlink: /home/user/aerial_robotics/tello_ros2_humble_driver/install/tello_msgs/include/tello_msgs/tello_msgs/srv/detail/tello_action__traits.hpp
-- Up-to-date symlink: /home/user/aerial_robotics/tello_ros2_humble_driver/install/tello_msgs/include/tello_msgs/tello_msgs/srv/detail/tello_action__type_support.hpp
-- Up-to-date symlink: /home/user/aerial_robotics/tello_ros2_humble_driver/install/tello_msgs/include/tello_msgs/tello_msgs/srv/tello_action.hpp
-- Up-to-date symlink: /home/user/aerial_robotics/tello_ros2_humble_driver/install/tello_msgs/include/tello_msgs/tello_msgs/msg/detail/flight_data__rosidl_typesupport_fastrtps_cpp.hpp
-- Up-to-date symlink: /home/user/aerial_robotics/tello_ros2_humble_driver/install/tello_msgs/include/tello_msgs/tello_msgs/msg/detail/tello_response__rosidl_typesupport_fastrtps_cpp.hpp
-- Up-to-date symlink: /home/user/aerial_robotics/tello_ros2_humble_driver/install/tello_msgs/include/tello_msgs/tello_msgs/msg/rosidl_typesupport_fastrtps_cpp__visibility_control.h
-- Up-to-date symlink: /home/user/aerial_robotics/tello_ros2_humble_driver/install/tello_msgs/include/tello_msgs/tello_msgs/srv/detail/tello_action__rosidl_typesupport_fastrtps_cpp.hpp
-- Up-to-date symlink: /home/user/aerial_robotics/tello_ros2_humble_driver/install/tello_msgs/include/tello_msgs/tello_msgs/msg/detail/flight_data__rosidl_typesupport_introspection_cpp.hpp
-- Up-to-date symlink: /home/user/aerial_robotics/tello_ros2_humble_driver/install/tello_msgs/include/tello_msgs/tello_msgs/msg/detail/tello_response__rosidl_typesupport_introspection_cpp.hpp
-- Up-to-date symlink: /home/user/aerial_robotics/tello_ros2_humble_driver/install/tello_msgs/include/tello_msgs/tello_msgs/srv/detail/tello_action__rosidl_typesupport_introspection_cpp.hpp
-- Up-to-date symlink: /home/user/aerial_robotics/tello_ros2_humble_driver/install/tello_msgs/share/tello_msgs/environment/pythonpath.sh
-- Up-to-date symlink: /home/user/aerial_robotics/tello_ros2_humble_driver/install/tello_msgs/share/tello_msgs/environment/pythonpath.dsv
-- Up-to-date symlink: /home/user/aerial_robotics/tello_ros2_humble_driver/install/tello_msgs/local/lib/python3.10/dist-packages/tello_msgs-0.1.0-py3.10.egg-info/PKG-INFO
-- Up-to-date symlink: /home/user/aerial_robotics/tello_ros2_humble_driver/install/tello_msgs/local/lib/python3.10/dist-packages/tello_msgs-0.1.0-py3.10.egg-info/SOURCES.txt
-- Up-to-date symlink: /home/user/aerial_robotics/tello_ros2_humble_driver/install/tello_msgs/local/lib/python3.10/dist-packages/tello_msgs-0.1.0-py3.10.egg-info/dependency_links.txt
-- Up-to-date symlink: /home/user/aerial_robotics/tello_ros2_humble_driver/install/tello_msgs/local/lib/python3.10/dist-packages/tello_msgs-0.1.0-py3.10.egg-info/top_level.txt
-- Up-to-date symlink: /home/user/aerial_robotics/tello_ros2_humble_driver/install/tello_msgs/local/lib/python3.10/dist-packages/tello_msgs/__init__.py
-- Up-to-date symlink: /home/user/aerial_robotics/tello_ros2_humble_driver/install/tello_msgs/local/lib/python3.10/dist-packages/tello_msgs/_tello_msgs_s.ep.rosidl_typesupport_c.c
-- Up-to-date symlink: /home/user/aerial_robotics/tello_ros2_humble_driver/install/tello_msgs/local/lib/python3.10/dist-packages/tello_msgs/_tello_msgs_s.ep.rosidl_typesupport_fastrtps_c.c
-- Up-to-date symlink: /home/user/aerial_robotics/tello_ros2_humble_driver/install/tello_msgs/local/lib/python3.10/dist-packages/tello_msgs/_tello_msgs_s.ep.rosidl_typesupport_introspection_c.c
-- Up-to-date symlink: /home/user/aerial_robotics/tello_ros2_humble_driver/install/tello_msgs/local/lib/python3.10/dist-packages/tello_msgs/libtello_msgs__rosidl_generator_py.so
-- Up-to-date symlink: /home/user/aerial_robotics/tello_ros2_humble_driver/install/tello_msgs/local/lib/python3.10/dist-packages/tello_msgs/msg/__init__.py
-- Up-to-date symlink: /home/user/aerial_robotics/tello_ros2_humble_driver/install/tello_msgs/local/lib/python3.10/dist-packages/tello_msgs/msg/_flight_data.py
-- Up-to-date symlink: /home/user/aerial_robotics/tello_ros2_humble_driver/install/tello_msgs/local/lib/python3.10/dist-packages/tello_msgs/msg/_flight_data_s.c
-- Up-to-date symlink: /home/user/aerial_robotics/tello_ros2_humble_driver/install/tello_msgs/local/lib/python3.10/dist-packages/tello_msgs/msg/_tello_response.py
-- Up-to-date symlink: /home/user/aerial_robotics/tello_ros2_humble_driver/install/tello_msgs/local/lib/python3.10/dist-packages/tello_msgs/msg/_tello_response_s.c
-- Up-to-date symlink: /home/user/aerial_robotics/tello_ros2_humble_driver/install/tello_msgs/local/lib/python3.10/dist-packages/tello_msgs/srv/__init__.py
-- Up-to-date symlink: /home/user/aerial_robotics/tello_ros2_humble_driver/install/tello_msgs/local/lib/python3.10/dist-packages/tello_msgs/srv/_tello_action.py
-- Up-to-date symlink: /home/user/aerial_robotics/tello_ros2_humble_driver/install/tello_msgs/local/lib/python3.10/dist-packages/tello_msgs/srv/_tello_action_s.c
-- Up-to-date symlink: /home/user/aerial_robotics/tello_ros2_humble_driver/install/tello_msgs/local/lib/python3.10/dist-packages/tello_msgs/tello_msgs_s__rosidl_typesupport_c.cpython-310-x86_64-linux-gnu.so
-- Up-to-date symlink: /home/user/aerial_robotics/tello_ros2_humble_driver/install/tello_msgs/local/lib/python3.10/dist-packages/tello_msgs/tello_msgs_s__rosidl_typesupport_fastrtps_c.cpython-310-x86_64-linux-gnu.so
-- Up-to-date symlink: /home/user/aerial_robotics/tello_ros2_humble_driver/install/tello_msgs/local/lib/python3.10/dist-packages/tello_msgs/tello_msgs_s__rosidl_typesupport_introspection_c.cpython-310-x86_64-linux-gnu.so
-- Up-to-date symlink: /home/user/aerial_robotics/tello_ros2_humble_driver/install/tello_msgs/local/lib/python3.10/dist-packages/tello_msgs/tello_msgs_s__rosidl_typesupport_fastrtps_c.cpython-310-x86_64-linux-gnu.so
-- Up-to-date symlink: /home/user/aerial_robotics/tello_ros2_humble_driver/install/tello_msgs/local/lib/python3.10/dist-packages/tello_msgs/tello_msgs_s__rosidl_typesupport_introspection_c.cpython-310-x86_64-linux-gnu.so
-- Up-to-date symlink: /home/user/aerial_robotics/tello_ros2_humble_driver/install/tello_msgs/local/lib/python3.10/dist-packages/tello_msgs/tello_msgs_s__rosidl_typesupport_c.cpython-310-x86_64-linux-gnu.so
-- Up-to-date symlink: /home/user/aerial_robotics/tello_ros2_humble_driver/install/tello_msgs/share/ament_index/resource_index/rust_packages/tello_msgs
-- Up-to-date symlink: /home/user/aerial_robotics/tello_ros2_humble_driver/install/tello_msgs/share/tello_msgs/rust/Cargo.toml
-- Up-to-date symlink: /home/user/aerial_robotics/tello_ros2_humble_driver/install/tello_msgs/share/tello_msgs/rust/build.rs
-- Up-to-date symlink: /home/user/aerial_robotics/tello_ros2_humble_driver/install/tello_msgs/share/tello_msgs/rust/src/lib.rs
-- Up-to-date symlink: /home/user/aerial_robotics/tello_ros2_humble_driver/install/tello_msgs/share/tello_msgs/rust/src/msg.rs
-- Up-to-date symlink: /home/user/aerial_robotics/tello_ros2_humble_driver/install/tello_msgs/share/tello_msgs/rust/src/msg/rmw.rs
-- Up-to-date symlink: /home/user/aerial_robotics/tello_ros2_humble_driver/install/tello_msgs/share/tello_msgs/rust/src/srv.rs
-- Up-to-date symlink: /home/user/aerial_robotics/tello_ros2_humble_driver/install/tello_msgs/share/tello_msgs/rust/src/srv/rmw.rs
-- Up-to-date symlink: /home/user/aerial_robotics/tello_ros2_humble_driver/install/tello_msgs/share/tello_msgs/msg/FlightData.idl
-- Up-to-date symlink: /home/user/aerial_robotics/tello_ros2_humble_driver/install/tello_msgs/share/tello_msgs/msg/TelloResponse.idl
-- Up-to-date symlink: /home/user/aerial_robotics/tello_ros2_humble_driver/install/tello_msgs/share/tello_msgs/srv/TelloAction.idl
-- Up-to-date symlink: /home/user/aerial_robotics/tello_ros2_humble_driver/install/tello_msgs/share/tello_msgs/msg/FlightData.msg
-- Up-to-date symlink: /home/user/aerial_robotics/tello_ros2_humble_driver/install/tello_msgs/share/tello_msgs/msg/TelloResponse.msg
-- Up-to-date symlink: /home/user/aerial_robotics/tello_ros2_humble_driver/install/tello_msgs/share/tello_msgs/srv/TelloAction.srv
-- Up-to-date symlink: /home/user/aerial_robotics/tello_ros2_humble_driver/install/tello_msgs/share/tello_msgs/srv/TelloAction_Request.msg
-- Up-to-date symlink: /home/user/aerial_robotics/tello_ros2_humble_driver/install/tello_msgs/share/tello_msgs/srv/TelloAction_Response.msg
-- Up-to-date symlink: /home/user/aerial_robotics/tello_ros2_humble_driver/install/tello_msgs/share/ament_index/resource_index/package_run_dependencies/tello_msgs
-- Up-to-date symlink: /home/user/aerial_robotics/tello_ros2_humble_driver/install/tello_msgs/share/ament_index/resource_index/parent_prefix_path/tello_msgs
-- Up-to-date symlink: /home/user/aerial_robotics/tello_ros2_humble_driver/install/tello_msgs/share/tello_msgs/environment/ament_prefix_path.sh
-- Up-to-date symlink: /home/user/aerial_robotics/tello_ros2_humble_driver/install/tello_msgs/share/tello_msgs/environment/ament_prefix_path.dsv
-- Up-to-date symlink: /home/user/aerial_robotics/tello_ros2_humble_driver/install/tello_msgs/share/tello_msgs/environment/path.sh
-- Up-to-date symlink: /home/user/aerial_robotics/tello_ros2_humble_driver/install/tello_msgs/share/tello_msgs/environment/path.dsv
-- Up-to-date symlink: /home/user/aerial_robotics/tello_ros2_humble_driver/install/tello_msgs/share/tello_msgs/local_setup.bash
-- Up-to-date symlink: /home/user/aerial_robotics/tello_ros2_humble_driver/install/tello_msgs/share/tello_msgs/local_setup.sh
-- Up-to-date symlink: /home/user/aerial_robotics/tello_ros2_humble_driver/install/tello_msgs/share/tello_msgs/local_setup.zsh
-- Up-to-date symlink: /home/user/aerial_robotics/tello_ros2_humble_driver/install/tello_msgs/share/tello_msgs/local_setup.dsv
-- Symlinking: /home/user/aerial_robotics/tello_ros2_humble_driver/install/tello_msgs/share/tello_msgs/package.dsv
-- Up-to-date symlink: /home/user/aerial_robotics/tello_ros2_humble_driver/install/tello_msgs/share/ament_index/resource_index/packages/tello_msgs
-- Up-to-date symlink: /home/user/aerial_robotics/tello_ros2_humble_driver/install/tello_msgs/share/tello_msgs/cmake/rosidl_cmake-extras.cmake
-- Up-to-date symlink: /home/user/aerial_robotics/tello_ros2_humble_driver/install/tello_msgs/share/tello_msgs/cmake/ament_cmake_export_dependencies-extras.cmake
-- Up-to-date symlink: /home/user/aerial_robotics/tello_ros2_humble_driver/install/tello_msgs/share/tello_msgs/cmake/ament_cmake_export_include_directories-extras.cmake
-- Up-to-date symlink: /home/user/aerial_robotics/tello_ros2_humble_driver/install/tello_msgs/share/tello_msgs/cmake/ament_cmake_export_libraries-extras.cmake
-- Up-to-date symlink: /home/user/aerial_robotics/tello_ros2_humble_driver/install/tello_msgs/share/tello_msgs/cmake/ament_cmake_export_targets-extras.cmake
-- Up-to-date symlink: /home/user/aerial_robotics/tello_ros2_humble_driver/install/tello_msgs/share/tello_msgs/cmake/rosidl_cmake_export_typesupport_targets-extras.cmake
-- Up-to-date symlink: /home/user/aerial_robotics/tello_ros2_humble_driver/install/tello_msgs/share/tello_msgs/cmake/rosidl_cmake_export_typesupport_libraries-extras.cmake
-- Up-to-date symlink: /home/user/aerial_robotics/tello_ros2_humble_driver/install/tello_msgs/share/tello_msgs/cmake/tello_msgsConfig.cmake
-- Up-to-date symlink: /home/user/aerial_robotics/tello_ros2_humble_driver/install/tello_msgs/share/tello_msgs/cmake/tello_msgsConfig-version.cmake
-- Up-to-date symlink: /home/user/aerial_robotics/tello_ros2_humble_driver/install/tello_msgs/share/tello_msgs/package.xml
-- Up-to-date: /home/user/aerial_robotics/tello_ros2_humble_driver/install/tello_msgs/lib/libtello_msgs__rosidl_generator_c.so
-- Up-to-date: /home/user/aerial_robotics/tello_ros2_humble_driver/install/tello_msgs/lib/libtello_msgs__rosidl_typesupport_fastrtps_c.so
-- Up-to-date: /home/user/aerial_robotics/tello_ros2_humble_driver/install/tello_msgs/lib/libtello_msgs__rosidl_typesupport_introspection_c.so
-- Up-to-date: /home/user/aerial_robotics/tello_ros2_humble_driver/install/tello_msgs/lib/libtello_msgs__rosidl_typesupport_c.so
-- Up-to-date: /home/user/aerial_robotics/tello_ros2_humble_driver/install/tello_msgs/lib/libtello_msgs__rosidl_typesupport_fastrtps_cpp.so
-- Up-to-date: /home/user/aerial_robotics/tello_ros2_humble_driver/install/tello_msgs/lib/libtello_msgs__rosidl_typesupport_introspection_cpp.so
-- Up-to-date: /home/user/aerial_robotics/tello_ros2_humble_driver/install/tello_msgs/lib/libtello_msgs__rosidl_typesupport_cpp.so
Listing '/home/user/aerial_robotics/tello_ros2_humble_driver/install/tello_msgs/local/lib/python3.10/dist-packages/tello_msgs'...
Listing '/home/user/aerial_robotics/tello_ros2_humble_driver/install/tello_msgs/local/lib/python3.10/dist-packages/tello_msgs/msg'...
Listing '/home/user/aerial_robotics/tello_ros2_humble_driver/install/tello_msgs/local/lib/python3.10/dist-packages/tello_msgs/srv'...
-- Up-to-date: /home/user/aerial_robotics/tello_ros2_humble_driver/install/tello_msgs/lib/libtello_msgs__rosidl_generator_py.so
-- Up-to-date: /home/user/aerial_robotics/tello_ros2_humble_driver/install/tello_msgs/share/tello_msgs/cmake/export_tello_msgs__rosidl_generator_cExport.cmake
-- Up-to-date: /home/user/aerial_robotics/tello_ros2_humble_driver/install/tello_msgs/share/tello_msgs/cmake/export_tello_msgs__rosidl_generator_cExport-noconfig.cmake
-- Up-to-date: /home/user/aerial_robotics/tello_ros2_humble_driver/install/tello_msgs/share/tello_msgs/cmake/export_tello_msgs__rosidl_typesupport_fastrtps_cExport.cmake
-- Up-to-date: /home/user/aerial_robotics/tello_ros2_humble_driver/install/tello_msgs/share/tello_msgs/cmake/export_tello_msgs__rosidl_typesupport_fastrtps_cExport-noconfig.cmake
-- Up-to-date: /home/user/aerial_robotics/tello_ros2_humble_driver/install/tello_msgs/share/tello_msgs/cmake/tello_msgs__rosidl_typesupport_introspection_cExport.cmake
-- Up-to-date: /home/user/aerial_robotics/tello_ros2_humble_driver/install/tello_msgs/share/tello_msgs/cmake/tello_msgs__rosidl_typesupport_introspection_cExport-noconfig.cmake
-- Up-to-date: /home/user/aerial_robotics/tello_ros2_humble_driver/install/tello_msgs/share/tello_msgs/cmake/tello_msgs__rosidl_typesupport_cExport.cmake
-- Up-to-date: /home/user/aerial_robotics/tello_ros2_humble_driver/install/tello_msgs/share/tello_msgs/cmake/tello_msgs__rosidl_typesupport_cExport-noconfig.cmake
-- Up-to-date: /home/user/aerial_robotics/tello_ros2_humble_driver/install/tello_msgs/share/tello_msgs/cmake/export_tello_msgs__rosidl_generator_cppExport.cmake
-- Up-to-date: /home/user/aerial_robotics/tello_ros2_humble_driver/install/tello_msgs/share/tello_msgs/cmake/export_tello_msgs__rosidl_typesupport_fastrtps_cppExport.cmake
-- Up-to-date: /home/user/aerial_robotics/tello_ros2_humble_driver/install/tello_msgs/share/tello_msgs/cmake/export_tello_msgs__rosidl_typesupport_fastrtps_cppExport-noconfig.cmake
-- Up-to-date: /home/user/aerial_robotics/tello_ros2_humble_driver/install/tello_msgs/share/tello_msgs/cmake/tello_msgs__rosidl_typesupport_introspection_cppExport.cmake
-- Up-to-date: /home/user/aerial_robotics/tello_ros2_humble_driver/install/tello_msgs/share/tello_msgs/cmake/tello_msgs__rosidl_typesupport_introspection_cppExport-noconfig.cmake
-- Up-to-date: /home/user/aerial_robotics/tello_ros2_humble_driver/install/tello_msgs/share/tello_msgs/cmake/tello_msgs__rosidl_typesupport_cppExport.cmake
-- Up-to-date: /home/user/aerial_robotics/tello_ros2_humble_driver/install/tello_msgs/share/tello_msgs/cmake/tello_msgs__rosidl_typesupport_cppExport-noconfig.cmake
-- Up-to-date: /home/user/aerial_robotics/tello_ros2_humble_driver/install/tello_msgs/share/tello_msgs/cmake/export_tello_msgs__rosidl_generator_pyExport.cmake
-- Up-to-date: /home/user/aerial_robotics/tello_ros2_humble_driver/install/tello_msgs/share/tello_msgs/cmake/export_tello_msgs__rosidl_generator_pyExport-noconfig.cmake
