[0.010s] Invoking command in '/home/user/aerial_robotics/tello_ros2_humble_driver/build/tello_msgs': CMAKE_PREFIX_PATH=${CMAKE_PREFIX_PATH}:/opt/ros/humble /usr/bin/cmake --build /home/user/aerial_robotics/tello_ros2_humble_driver/build/tello_msgs -- -j16 -l16
[0.036s] [35m[1mConsolidate compiler generated dependencies of target tello_msgs__rosidl_generator_c[0m
[0.042s] [  2%] Built target tello_msgs__cpp
[0.045s] [  4%] Built target tello_msgs__rs
[0.047s] [  4%] Built target ament_cmake_python_symlink_tello_msgs
[0.048s] [ 14%] Built target tello_msgs__rosidl_generator_c
[0.054s] [35m[1mConsolidate compiler generated dependencies of target tello_msgs__rosidl_typesupport_fastrtps_cpp[0m
[0.054s] [35m[1mConsolidate compiler generated dependencies of target tello_msgs__rosidl_typesupport_introspection_cpp[0m
[0.054s] [35m[1mConsolidate compiler generated dependencies of target tello_msgs__rosidl_typesupport_cpp[0m
[0.064s] [35m[1mConsolidate compiler generated dependencies of target tello_msgs__rosidl_typesupport_introspection_c[0m
[0.065s] [35m[1mConsolidate compiler generated dependencies of target tello_msgs__rosidl_typesupport_fastrtps_c[0m
[0.067s] [35m[1mConsolidate compiler generated dependencies of target tello_msgs__rosidl_typesupport_c[0m
[0.068s] [ 33%] Built target tello_msgs__rosidl_typesupport_fastrtps_cpp
[0.068s] [ 35%] Built target tello_msgs__rosidl_typesupport_introspection_cpp
[0.068s] [ 45%] Built target tello_msgs__rosidl_typesupport_cpp
[0.070s] [ 56%] Built target tello_msgs__rosidl_typesupport_c
[0.070s] [ 66%] Built target tello_msgs__rosidl_typesupport_fastrtps_c
[0.070s] [ 77%] Built target tello_msgs__rosidl_typesupport_introspection_c
[0.081s] [ 77%] Built target tello_msgs
[0.093s] [ 79%] Built target tello_msgs__py
[0.100s] [35m[1mConsolidate compiler generated dependencies of target tello_msgs__rosidl_generator_py[0m
[0.107s] [ 87%] Built target tello_msgs__rosidl_generator_py
[0.114s] [35m[1mConsolidate compiler generated dependencies of target tello_msgs__rosidl_typesupport_fastrtps_c__pyext[0m
[0.114s] [35m[1mConsolidate compiler generated dependencies of target tello_msgs__rosidl_typesupport_introspection_c__pyext[0m
[0.114s] [35m[1mConsolidate compiler generated dependencies of target tello_msgs__rosidl_typesupport_c__pyext[0m
[0.120s] [100%] Built target tello_msgs__rosidl_typesupport_c__pyext
[0.120s] [100%] Built target tello_msgs__rosidl_typesupport_fastrtps_c__pyext
[0.121s] [100%] Built target tello_msgs__rosidl_typesupport_introspection_c__pyext
[0.162s] running egg_info
[0.163s] writing tello_msgs.egg-info/PKG-INFO
[0.163s] writing dependency_links to tello_msgs.egg-info/dependency_links.txt
[0.163s] writing top-level names to tello_msgs.egg-info/top_level.txt
[0.164s] reading manifest file 'tello_msgs.egg-info/SOURCES.txt'
[0.164s] writing manifest file 'tello_msgs.egg-info/SOURCES.txt'
[0.177s] [100%] Built target ament_cmake_python_build_tello_msgs_egg
[0.184s] Invoked command in '/home/user/aerial_robotics/tello_ros2_humble_driver/build/tello_msgs' returned '0': CMAKE_PREFIX_PATH=${CMAKE_PREFIX_PATH}:/opt/ros/humble /usr/bin/cmake --build /home/user/aerial_robotics/tello_ros2_humble_driver/build/tello_msgs -- -j16 -l16
[0.185s] Invoking command in '/home/user/aerial_robotics/tello_ros2_humble_driver/build/tello_msgs': CMAKE_PREFIX_PATH=${CMAKE_PREFIX_PATH}:/opt/ros/humble /usr/bin/cmake --install /home/user/aerial_robotics/tello_ros2_humble_driver/build/tello_msgs
[0.189s] -- Install configuration: ""
[0.189s] -- Execute custom install script
[0.190s] -- Up-to-date symlink: /home/user/aerial_robotics/tello_ros2_humble_driver/install/tello_msgs/share/ament_index/resource_index/rosidl_interfaces/tello_msgs
[0.190s] -- Up-to-date symlink: /home/user/aerial_robotics/tello_ros2_humble_driver/install/tello_msgs/include/tello_msgs/tello_msgs/msg/detail/flight_data__functions.h
[0.190s] -- Up-to-date symlink: /home/user/aerial_robotics/tello_ros2_humble_driver/install/tello_msgs/include/tello_msgs/tello_msgs/msg/detail/flight_data__struct.h
[0.190s] -- Up-to-date symlink: /home/user/aerial_robotics/tello_ros2_humble_driver/install/tello_msgs/include/tello_msgs/tello_msgs/msg/detail/flight_data__type_support.h
[0.190s] -- Up-to-date symlink: /home/user/aerial_robotics/tello_ros2_humble_driver/install/tello_msgs/include/tello_msgs/tello_msgs/msg/detail/tello_response__functions.h
[0.190s] -- Up-to-date symlink: /home/user/aerial_robotics/tello_ros2_humble_driver/install/tello_msgs/include/tello_msgs/tello_msgs/msg/detail/tello_response__struct.h
[0.190s] -- Up-to-date symlink: /home/user/aerial_robotics/tello_ros2_humble_driver/install/tello_msgs/include/tello_msgs/tello_msgs/msg/detail/tello_response__type_support.h
[0.190s] -- Up-to-date symlink: /home/user/aerial_robotics/tello_ros2_humble_driver/install/tello_msgs/include/tello_msgs/tello_msgs/msg/flight_data.h
[0.190s] -- Up-to-date symlink: /home/user/aerial_robotics/tello_ros2_humble_driver/install/tello_msgs/include/tello_msgs/tello_msgs/msg/rosidl_generator_c__visibility_control.h
[0.190s] -- Up-to-date symlink: /home/user/aerial_robotics/tello_ros2_humble_driver/install/tello_msgs/include/tello_msgs/tello_msgs/msg/tello_response.h
[0.190s] -- Up-to-date symlink: /home/user/aerial_robotics/tello_ros2_humble_driver/install/tello_msgs/include/tello_msgs/tello_msgs/srv/detail/tello_action__functions.h
[0.190s] -- Up-to-date symlink: /home/user/aerial_robotics/tello_ros2_humble_driver/install/tello_msgs/include/tello_msgs/tello_msgs/srv/detail/tello_action__struct.h
[0.190s] -- Up-to-date symlink: /home/user/aerial_robotics/tello_ros2_humble_driver/install/tello_msgs/include/tello_msgs/tello_msgs/srv/detail/tello_action__type_support.h
[0.190s] -- Up-to-date symlink: /home/user/aerial_robotics/tello_ros2_humble_driver/install/tello_msgs/include/tello_msgs/tello_msgs/srv/tello_action.h
[0.190s] -- Up-to-date symlink: /home/user/aerial_robotics/tello_ros2_humble_driver/install/tello_msgs/share/tello_msgs/environment/library_path.sh
[0.190s] -- Up-to-date symlink: /home/user/aerial_robotics/tello_ros2_humble_driver/install/tello_msgs/share/tello_msgs/environment/library_path.dsv
[0.191s] -- Up-to-date symlink: /home/user/aerial_robotics/tello_ros2_humble_driver/install/tello_msgs/include/tello_msgs/tello_msgs/msg/detail/flight_data__rosidl_typesupport_fastrtps_c.h
[0.191s] -- Up-to-date symlink: /home/user/aerial_robotics/tello_ros2_humble_driver/install/tello_msgs/include/tello_msgs/tello_msgs/msg/detail/tello_response__rosidl_typesupport_fastrtps_c.h
[0.191s] -- Up-to-date symlink: /home/user/aerial_robotics/tello_ros2_humble_driver/install/tello_msgs/include/tello_msgs/tello_msgs/msg/rosidl_typesupport_fastrtps_c__visibility_control.h
[0.191s] -- Up-to-date symlink: /home/user/aerial_robotics/tello_ros2_humble_driver/install/tello_msgs/include/tello_msgs/tello_msgs/srv/detail/tello_action__rosidl_typesupport_fastrtps_c.h
[0.191s] -- Up-to-date symlink: /home/user/aerial_robotics/tello_ros2_humble_driver/install/tello_msgs/include/tello_msgs/tello_msgs/msg/detail/flight_data__rosidl_typesupport_introspection_c.h
[0.191s] -- Up-to-date symlink: /home/user/aerial_robotics/tello_ros2_humble_driver/install/tello_msgs/include/tello_msgs/tello_msgs/msg/detail/tello_response__rosidl_typesupport_introspection_c.h
[0.191s] -- Up-to-date symlink: /home/user/aerial_robotics/tello_ros2_humble_driver/install/tello_msgs/include/tello_msgs/tello_msgs/msg/rosidl_typesupport_introspection_c__visibility_control.h
[0.191s] -- Up-to-date symlink: /home/user/aerial_robotics/tello_ros2_humble_driver/install/tello_msgs/include/tello_msgs/tello_msgs/srv/detail/tello_action__rosidl_typesupport_introspection_c.h
[0.191s] -- Up-to-date symlink: /home/user/aerial_robotics/tello_ros2_humble_driver/install/tello_msgs/include/tello_msgs/tello_msgs/msg/detail/flight_data__builder.hpp
[0.191s] -- Up-to-date symlink: /home/user/aerial_robotics/tello_ros2_humble_driver/install/tello_msgs/include/tello_msgs/tello_msgs/msg/detail/flight_data__struct.hpp
[0.191s] -- Up-to-date symlink: /home/user/aerial_robotics/tello_ros2_humble_driver/install/tello_msgs/include/tello_msgs/tello_msgs/msg/detail/flight_data__traits.hpp
[0.191s] -- Up-to-date symlink: /home/user/aerial_robotics/tello_ros2_humble_driver/install/tello_msgs/include/tello_msgs/tello_msgs/msg/detail/flight_data__type_support.hpp
[0.191s] -- Up-to-date symlink: /home/user/aerial_robotics/tello_ros2_humble_driver/install/tello_msgs/include/tello_msgs/tello_msgs/msg/detail/tello_response__builder.hpp
[0.191s] -- Up-to-date symlink: /home/user/aerial_robotics/tello_ros2_humble_driver/install/tello_msgs/include/tello_msgs/tello_msgs/msg/detail/tello_response__struct.hpp
[0.191s] -- Up-to-date symlink: /home/user/aerial_robotics/tello_ros2_humble_driver/install/tello_msgs/include/tello_msgs/tello_msgs/msg/detail/tello_response__traits.hpp
[0.192s] -- Up-to-date symlink: /home/user/aerial_robotics/tello_ros2_humble_driver/install/tello_msgs/include/tello_msgs/tello_msgs/msg/detail/tello_response__type_support.hpp
[0.192s] -- Up-to-date symlink: /home/user/aerial_robotics/tello_ros2_humble_driver/install/tello_msgs/include/tello_msgs/tello_msgs/msg/flight_data.hpp
[0.192s] -- Up-to-date symlink: /home/user/aerial_robotics/tello_ros2_humble_driver/install/tello_msgs/include/tello_msgs/tello_msgs/msg/rosidl_generator_cpp__visibility_control.hpp
[0.192s] -- Up-to-date symlink: /home/user/aerial_robotics/tello_ros2_humble_driver/install/tello_msgs/include/tello_msgs/tello_msgs/msg/tello_response.hpp
[0.192s] -- Up-to-date symlink: /home/user/aerial_robotics/tello_ros2_humble_driver/install/tello_msgs/include/tello_msgs/tello_msgs/srv/detail/tello_action__builder.hpp
[0.192s] -- Up-to-date symlink: /home/user/aerial_robotics/tello_ros2_humble_driver/install/tello_msgs/include/tello_msgs/tello_msgs/srv/detail/tello_action__struct.hpp
[0.192s] -- Up-to-date symlink: /home/user/aerial_robotics/tello_ros2_humble_driver/install/tello_msgs/include/tello_msgs/tello_msgs/srv/detail/tello_action__traits.hpp
[0.192s] -- Up-to-date symlink: /home/user/aerial_robotics/tello_ros2_humble_driver/install/tello_msgs/include/tello_msgs/tello_msgs/srv/detail/tello_action__type_support.hpp
[0.192s] -- Up-to-date symlink: /home/user/aerial_robotics/tello_ros2_humble_driver/install/tello_msgs/include/tello_msgs/tello_msgs/srv/tello_action.hpp
[0.192s] -- Up-to-date symlink: /home/user/aerial_robotics/tello_ros2_humble_driver/install/tello_msgs/include/tello_msgs/tello_msgs/msg/detail/flight_data__rosidl_typesupport_fastrtps_cpp.hpp
[0.192s] -- Up-to-date symlink: /home/user/aerial_robotics/tello_ros2_humble_driver/install/tello_msgs/include/tello_msgs/tello_msgs/msg/detail/tello_response__rosidl_typesupport_fastrtps_cpp.hpp
[0.192s] -- Up-to-date symlink: /home/user/aerial_robotics/tello_ros2_humble_driver/install/tello_msgs/include/tello_msgs/tello_msgs/msg/rosidl_typesupport_fastrtps_cpp__visibility_control.h
[0.192s] -- Up-to-date symlink: /home/user/aerial_robotics/tello_ros2_humble_driver/install/tello_msgs/include/tello_msgs/tello_msgs/srv/detail/tello_action__rosidl_typesupport_fastrtps_cpp.hpp
[0.192s] -- Up-to-date symlink: /home/user/aerial_robotics/tello_ros2_humble_driver/install/tello_msgs/include/tello_msgs/tello_msgs/msg/detail/flight_data__rosidl_typesupport_introspection_cpp.hpp
[0.192s] -- Up-to-date symlink: /home/user/aerial_robotics/tello_ros2_humble_driver/install/tello_msgs/include/tello_msgs/tello_msgs/msg/detail/tello_response__rosidl_typesupport_introspection_cpp.hpp
[0.192s] -- Up-to-date symlink: /home/user/aerial_robotics/tello_ros2_humble_driver/install/tello_msgs/include/tello_msgs/tello_msgs/srv/detail/tello_action__rosidl_typesupport_introspection_cpp.hpp
[0.192s] -- Up-to-date symlink: /home/user/aerial_robotics/tello_ros2_humble_driver/install/tello_msgs/share/tello_msgs/environment/pythonpath.sh
[0.192s] -- Up-to-date symlink: /home/user/aerial_robotics/tello_ros2_humble_driver/install/tello_msgs/share/tello_msgs/environment/pythonpath.dsv
[0.193s] -- Up-to-date symlink: /home/user/aerial_robotics/tello_ros2_humble_driver/install/tello_msgs/local/lib/python3.10/dist-packages/tello_msgs-0.1.0-py3.10.egg-info/PKG-INFO
[0.193s] -- Up-to-date symlink: /home/user/aerial_robotics/tello_ros2_humble_driver/install/tello_msgs/local/lib/python3.10/dist-packages/tello_msgs-0.1.0-py3.10.egg-info/SOURCES.txt
[0.193s] -- Up-to-date symlink: /home/user/aerial_robotics/tello_ros2_humble_driver/install/tello_msgs/local/lib/python3.10/dist-packages/tello_msgs-0.1.0-py3.10.egg-info/dependency_links.txt
[0.193s] -- Up-to-date symlink: /home/user/aerial_robotics/tello_ros2_humble_driver/install/tello_msgs/local/lib/python3.10/dist-packages/tello_msgs-0.1.0-py3.10.egg-info/top_level.txt
[0.193s] -- Up-to-date symlink: /home/user/aerial_robotics/tello_ros2_humble_driver/install/tello_msgs/local/lib/python3.10/dist-packages/tello_msgs/__init__.py
[0.193s] -- Up-to-date symlink: /home/user/aerial_robotics/tello_ros2_humble_driver/install/tello_msgs/local/lib/python3.10/dist-packages/tello_msgs/_tello_msgs_s.ep.rosidl_typesupport_c.c
[0.193s] -- Up-to-date symlink: /home/user/aerial_robotics/tello_ros2_humble_driver/install/tello_msgs/local/lib/python3.10/dist-packages/tello_msgs/_tello_msgs_s.ep.rosidl_typesupport_fastrtps_c.c
[0.193s] -- Up-to-date symlink: /home/user/aerial_robotics/tello_ros2_humble_driver/install/tello_msgs/local/lib/python3.10/dist-packages/tello_msgs/_tello_msgs_s.ep.rosidl_typesupport_introspection_c.c
[0.193s] -- Up-to-date symlink: /home/user/aerial_robotics/tello_ros2_humble_driver/install/tello_msgs/local/lib/python3.10/dist-packages/tello_msgs/libtello_msgs__rosidl_generator_py.so
[0.193s] -- Up-to-date symlink: /home/user/aerial_robotics/tello_ros2_humble_driver/install/tello_msgs/local/lib/python3.10/dist-packages/tello_msgs/msg/__init__.py
[0.193s] -- Up-to-date symlink: /home/user/aerial_robotics/tello_ros2_humble_driver/install/tello_msgs/local/lib/python3.10/dist-packages/tello_msgs/msg/_flight_data.py
[0.193s] -- Up-to-date symlink: /home/user/aerial_robotics/tello_ros2_humble_driver/install/tello_msgs/local/lib/python3.10/dist-packages/tello_msgs/msg/_flight_data_s.c
[0.193s] -- Up-to-date symlink: /home/user/aerial_robotics/tello_ros2_humble_driver/install/tello_msgs/local/lib/python3.10/dist-packages/tello_msgs/msg/_tello_response.py
[0.193s] -- Up-to-date symlink: /home/user/aerial_robotics/tello_ros2_humble_driver/install/tello_msgs/local/lib/python3.10/dist-packages/tello_msgs/msg/_tello_response_s.c
[0.193s] -- Up-to-date symlink: /home/user/aerial_robotics/tello_ros2_humble_driver/install/tello_msgs/local/lib/python3.10/dist-packages/tello_msgs/srv/__init__.py
[0.193s] -- Up-to-date symlink: /home/user/aerial_robotics/tello_ros2_humble_driver/install/tello_msgs/local/lib/python3.10/dist-packages/tello_msgs/srv/_tello_action.py
[0.193s] -- Up-to-date symlink: /home/user/aerial_robotics/tello_ros2_humble_driver/install/tello_msgs/local/lib/python3.10/dist-packages/tello_msgs/srv/_tello_action_s.c
[0.193s] -- Up-to-date symlink: /home/user/aerial_robotics/tello_ros2_humble_driver/install/tello_msgs/local/lib/python3.10/dist-packages/tello_msgs/tello_msgs_s__rosidl_typesupport_c.cpython-310-x86_64-linux-gnu.so
[0.193s] -- Up-to-date symlink: /home/user/aerial_robotics/tello_ros2_humble_driver/install/tello_msgs/local/lib/python3.10/dist-packages/tello_msgs/tello_msgs_s__rosidl_typesupport_fastrtps_c.cpython-310-x86_64-linux-gnu.so
[0.194s] -- Up-to-date symlink: /home/user/aerial_robotics/tello_ros2_humble_driver/install/tello_msgs/local/lib/python3.10/dist-packages/tello_msgs/tello_msgs_s__rosidl_typesupport_introspection_c.cpython-310-x86_64-linux-gnu.so
[0.194s] -- Up-to-date symlink: /home/user/aerial_robotics/tello_ros2_humble_driver/install/tello_msgs/local/lib/python3.10/dist-packages/tello_msgs/tello_msgs_s__rosidl_typesupport_fastrtps_c.cpython-310-x86_64-linux-gnu.so
[0.194s] -- Up-to-date symlink: /home/user/aerial_robotics/tello_ros2_humble_driver/install/tello_msgs/local/lib/python3.10/dist-packages/tello_msgs/tello_msgs_s__rosidl_typesupport_introspection_c.cpython-310-x86_64-linux-gnu.so
[0.194s] -- Up-to-date symlink: /home/user/aerial_robotics/tello_ros2_humble_driver/install/tello_msgs/local/lib/python3.10/dist-packages/tello_msgs/tello_msgs_s__rosidl_typesupport_c.cpython-310-x86_64-linux-gnu.so
[0.194s] -- Up-to-date symlink: /home/user/aerial_robotics/tello_ros2_humble_driver/install/tello_msgs/share/ament_index/resource_index/rust_packages/tello_msgs
[0.194s] -- Up-to-date symlink: /home/user/aerial_robotics/tello_ros2_humble_driver/install/tello_msgs/share/tello_msgs/rust/Cargo.toml
[0.194s] -- Up-to-date symlink: /home/user/aerial_robotics/tello_ros2_humble_driver/install/tello_msgs/share/tello_msgs/rust/build.rs
[0.194s] -- Up-to-date symlink: /home/user/aerial_robotics/tello_ros2_humble_driver/install/tello_msgs/share/tello_msgs/rust/src/lib.rs
[0.194s] -- Up-to-date symlink: /home/user/aerial_robotics/tello_ros2_humble_driver/install/tello_msgs/share/tello_msgs/rust/src/msg.rs
[0.194s] -- Up-to-date symlink: /home/user/aerial_robotics/tello_ros2_humble_driver/install/tello_msgs/share/tello_msgs/rust/src/msg/rmw.rs
[0.194s] -- Up-to-date symlink: /home/user/aerial_robotics/tello_ros2_humble_driver/install/tello_msgs/share/tello_msgs/rust/src/srv.rs
[0.194s] -- Up-to-date symlink: /home/user/aerial_robotics/tello_ros2_humble_driver/install/tello_msgs/share/tello_msgs/rust/src/srv/rmw.rs
[0.194s] -- Up-to-date symlink: /home/user/aerial_robotics/tello_ros2_humble_driver/install/tello_msgs/share/tello_msgs/msg/FlightData.idl
[0.194s] -- Up-to-date symlink: /home/user/aerial_robotics/tello_ros2_humble_driver/install/tello_msgs/share/tello_msgs/msg/TelloResponse.idl
[0.194s] -- Up-to-date symlink: /home/user/aerial_robotics/tello_ros2_humble_driver/install/tello_msgs/share/tello_msgs/srv/TelloAction.idl
[0.194s] -- Up-to-date symlink: /home/user/aerial_robotics/tello_ros2_humble_driver/install/tello_msgs/share/tello_msgs/msg/FlightData.msg
[0.194s] -- Up-to-date symlink: /home/user/aerial_robotics/tello_ros2_humble_driver/install/tello_msgs/share/tello_msgs/msg/TelloResponse.msg
[0.195s] -- Up-to-date symlink: /home/user/aerial_robotics/tello_ros2_humble_driver/install/tello_msgs/share/tello_msgs/srv/TelloAction.srv
[0.195s] -- Up-to-date symlink: /home/user/aerial_robotics/tello_ros2_humble_driver/install/tello_msgs/share/tello_msgs/srv/TelloAction_Request.msg
[0.195s] -- Up-to-date symlink: /home/user/aerial_robotics/tello_ros2_humble_driver/install/tello_msgs/share/tello_msgs/srv/TelloAction_Response.msg
[0.195s] -- Up-to-date symlink: /home/user/aerial_robotics/tello_ros2_humble_driver/install/tello_msgs/share/ament_index/resource_index/package_run_dependencies/tello_msgs
[0.195s] -- Up-to-date symlink: /home/user/aerial_robotics/tello_ros2_humble_driver/install/tello_msgs/share/ament_index/resource_index/parent_prefix_path/tello_msgs
[0.195s] -- Up-to-date symlink: /home/user/aerial_robotics/tello_ros2_humble_driver/install/tello_msgs/share/tello_msgs/environment/ament_prefix_path.sh
[0.195s] -- Up-to-date symlink: /home/user/aerial_robotics/tello_ros2_humble_driver/install/tello_msgs/share/tello_msgs/environment/ament_prefix_path.dsv
[0.195s] -- Up-to-date symlink: /home/user/aerial_robotics/tello_ros2_humble_driver/install/tello_msgs/share/tello_msgs/environment/path.sh
[0.195s] -- Up-to-date symlink: /home/user/aerial_robotics/tello_ros2_humble_driver/install/tello_msgs/share/tello_msgs/environment/path.dsv
[0.195s] -- Up-to-date symlink: /home/user/aerial_robotics/tello_ros2_humble_driver/install/tello_msgs/share/tello_msgs/local_setup.bash
[0.195s] -- Up-to-date symlink: /home/user/aerial_robotics/tello_ros2_humble_driver/install/tello_msgs/share/tello_msgs/local_setup.sh
[0.195s] -- Up-to-date symlink: /home/user/aerial_robotics/tello_ros2_humble_driver/install/tello_msgs/share/tello_msgs/local_setup.zsh
[0.195s] -- Up-to-date symlink: /home/user/aerial_robotics/tello_ros2_humble_driver/install/tello_msgs/share/tello_msgs/local_setup.dsv
[0.195s] -- Symlinking: /home/user/aerial_robotics/tello_ros2_humble_driver/install/tello_msgs/share/tello_msgs/package.dsv
[0.200s] -- Up-to-date symlink: /home/user/aerial_robotics/tello_ros2_humble_driver/install/tello_msgs/share/ament_index/resource_index/packages/tello_msgs
[0.200s] -- Up-to-date symlink: /home/user/aerial_robotics/tello_ros2_humble_driver/install/tello_msgs/share/tello_msgs/cmake/rosidl_cmake-extras.cmake
[0.200s] -- Up-to-date symlink: /home/user/aerial_robotics/tello_ros2_humble_driver/install/tello_msgs/share/tello_msgs/cmake/ament_cmake_export_dependencies-extras.cmake
[0.200s] -- Up-to-date symlink: /home/user/aerial_robotics/tello_ros2_humble_driver/install/tello_msgs/share/tello_msgs/cmake/ament_cmake_export_include_directories-extras.cmake
[0.200s] -- Up-to-date symlink: /home/user/aerial_robotics/tello_ros2_humble_driver/install/tello_msgs/share/tello_msgs/cmake/ament_cmake_export_libraries-extras.cmake
[0.201s] -- Up-to-date symlink: /home/user/aerial_robotics/tello_ros2_humble_driver/install/tello_msgs/share/tello_msgs/cmake/ament_cmake_export_targets-extras.cmake
[0.201s] -- Up-to-date symlink: /home/user/aerial_robotics/tello_ros2_humble_driver/install/tello_msgs/share/tello_msgs/cmake/rosidl_cmake_export_typesupport_targets-extras.cmake
[0.201s] -- Up-to-date symlink: /home/user/aerial_robotics/tello_ros2_humble_driver/install/tello_msgs/share/tello_msgs/cmake/rosidl_cmake_export_typesupport_libraries-extras.cmake
[0.201s] -- Up-to-date symlink: /home/user/aerial_robotics/tello_ros2_humble_driver/install/tello_msgs/share/tello_msgs/cmake/tello_msgsConfig.cmake
[0.201s] -- Up-to-date symlink: /home/user/aerial_robotics/tello_ros2_humble_driver/install/tello_msgs/share/tello_msgs/cmake/tello_msgsConfig-version.cmake
[0.201s] -- Up-to-date symlink: /home/user/aerial_robotics/tello_ros2_humble_driver/install/tello_msgs/share/tello_msgs/package.xml
[0.201s] -- Up-to-date: /home/user/aerial_robotics/tello_ros2_humble_driver/install/tello_msgs/lib/libtello_msgs__rosidl_generator_c.so
[0.201s] -- Up-to-date: /home/user/aerial_robotics/tello_ros2_humble_driver/install/tello_msgs/lib/libtello_msgs__rosidl_typesupport_fastrtps_c.so
[0.201s] -- Up-to-date: /home/user/aerial_robotics/tello_ros2_humble_driver/install/tello_msgs/lib/libtello_msgs__rosidl_typesupport_introspection_c.so
[0.201s] -- Up-to-date: /home/user/aerial_robotics/tello_ros2_humble_driver/install/tello_msgs/lib/libtello_msgs__rosidl_typesupport_c.so
[0.201s] -- Up-to-date: /home/user/aerial_robotics/tello_ros2_humble_driver/install/tello_msgs/lib/libtello_msgs__rosidl_typesupport_fastrtps_cpp.so
[0.201s] -- Up-to-date: /home/user/aerial_robotics/tello_ros2_humble_driver/install/tello_msgs/lib/libtello_msgs__rosidl_typesupport_introspection_cpp.so
[0.201s] -- Up-to-date: /home/user/aerial_robotics/tello_ros2_humble_driver/install/tello_msgs/lib/libtello_msgs__rosidl_typesupport_cpp.so
[0.217s] Listing '/home/user/aerial_robotics/tello_ros2_humble_driver/install/tello_msgs/local/lib/python3.10/dist-packages/tello_msgs'...
[0.217s] Listing '/home/user/aerial_robotics/tello_ros2_humble_driver/install/tello_msgs/local/lib/python3.10/dist-packages/tello_msgs/msg'...
[0.217s] Listing '/home/user/aerial_robotics/tello_ros2_humble_driver/install/tello_msgs/local/lib/python3.10/dist-packages/tello_msgs/srv'...
[0.219s] -- Up-to-date: /home/user/aerial_robotics/tello_ros2_humble_driver/install/tello_msgs/lib/libtello_msgs__rosidl_generator_py.so
[0.220s] -- Up-to-date: /home/user/aerial_robotics/tello_ros2_humble_driver/install/tello_msgs/share/tello_msgs/cmake/export_tello_msgs__rosidl_generator_cExport.cmake
[0.220s] -- Up-to-date: /home/user/aerial_robotics/tello_ros2_humble_driver/install/tello_msgs/share/tello_msgs/cmake/export_tello_msgs__rosidl_generator_cExport-noconfig.cmake
[0.220s] -- Up-to-date: /home/user/aerial_robotics/tello_ros2_humble_driver/install/tello_msgs/share/tello_msgs/cmake/export_tello_msgs__rosidl_typesupport_fastrtps_cExport.cmake
[0.220s] -- Up-to-date: /home/user/aerial_robotics/tello_ros2_humble_driver/install/tello_msgs/share/tello_msgs/cmake/export_tello_msgs__rosidl_typesupport_fastrtps_cExport-noconfig.cmake
[0.220s] -- Up-to-date: /home/user/aerial_robotics/tello_ros2_humble_driver/install/tello_msgs/share/tello_msgs/cmake/tello_msgs__rosidl_typesupport_introspection_cExport.cmake
[0.220s] -- Up-to-date: /home/user/aerial_robotics/tello_ros2_humble_driver/install/tello_msgs/share/tello_msgs/cmake/tello_msgs__rosidl_typesupport_introspection_cExport-noconfig.cmake
[0.220s] -- Up-to-date: /home/user/aerial_robotics/tello_ros2_humble_driver/install/tello_msgs/share/tello_msgs/cmake/tello_msgs__rosidl_typesupport_cExport.cmake
[0.220s] -- Up-to-date: /home/user/aerial_robotics/tello_ros2_humble_driver/install/tello_msgs/share/tello_msgs/cmake/tello_msgs__rosidl_typesupport_cExport-noconfig.cmake
[0.220s] -- Up-to-date: /home/user/aerial_robotics/tello_ros2_humble_driver/install/tello_msgs/share/tello_msgs/cmake/export_tello_msgs__rosidl_generator_cppExport.cmake
[0.220s] -- Up-to-date: /home/user/aerial_robotics/tello_ros2_humble_driver/install/tello_msgs/share/tello_msgs/cmake/export_tello_msgs__rosidl_typesupport_fastrtps_cppExport.cmake
[0.220s] -- Up-to-date: /home/user/aerial_robotics/tello_ros2_humble_driver/install/tello_msgs/share/tello_msgs/cmake/export_tello_msgs__rosidl_typesupport_fastrtps_cppExport-noconfig.cmake
[0.220s] -- Up-to-date: /home/user/aerial_robotics/tello_ros2_humble_driver/install/tello_msgs/share/tello_msgs/cmake/tello_msgs__rosidl_typesupport_introspection_cppExport.cmake
[0.220s] -- Up-to-date: /home/user/aerial_robotics/tello_ros2_humble_driver/install/tello_msgs/share/tello_msgs/cmake/tello_msgs__rosidl_typesupport_introspection_cppExport-noconfig.cmake
[0.220s] -- Up-to-date: /home/user/aerial_robotics/tello_ros2_humble_driver/install/tello_msgs/share/tello_msgs/cmake/tello_msgs__rosidl_typesupport_cppExport.cmake
[0.220s] -- Up-to-date: /home/user/aerial_robotics/tello_ros2_humble_driver/install/tello_msgs/share/tello_msgs/cmake/tello_msgs__rosidl_typesupport_cppExport-noconfig.cmake
[0.220s] -- Up-to-date: /home/user/aerial_robotics/tello_ros2_humble_driver/install/tello_msgs/share/tello_msgs/cmake/export_tello_msgs__rosidl_generator_pyExport.cmake
[0.220s] -- Up-to-date: /home/user/aerial_robotics/tello_ros2_humble_driver/install/tello_msgs/share/tello_msgs/cmake/export_tello_msgs__rosidl_generator_pyExport-noconfig.cmake
[0.222s] Invoked command in '/home/user/aerial_robotics/tello_ros2_humble_driver/build/tello_msgs' returned '0': CMAKE_PREFIX_PATH=${CMAKE_PREFIX_PATH}:/opt/ros/humble /usr/bin/cmake --install /home/user/aerial_robotics/tello_ros2_humble_driver/build/tello_msgs
