[33mCMake Warning (dev) at /usr/share/cmake-3.22/Modules/FindPackageHandleStandardArgs.cmake:438 (message):
  The package name passed to `find_package_handle_standard_args` (PkgConfig)
  does not match the name of the calling package (gazebo).  This can lead to
  problems in calling code that expects `find_package` result variables
  (e.g., `_FOUND`) to follow a certain pattern.
Call Stack (most recent call first):
  /usr/share/cmake-3.22/Modules/FindPkgConfig.cmake:99 (find_package_handle_standard_args)
  /usr/lib/x86_64-linux-gnu/cmake/gazebo/gazebo-config.cmake:72 (include)
  CMakeLists.txt:27 (find_package)
This warning is for project developers.  Use -Wno-dev to suppress it.
[0m
[31mCMake Error at CMakeLists.txt:34 (find_package):
  By not providing "Findtello_msgs.cmake" in CMAKE_MODULE_PATH this project
  has asked CMake to find a package configuration file provided by
  "tello_msgs", but CMake did not find one.

  Could not find a package configuration file provided by "tello_msgs" with
  any of the following names:

    tello_msgsConfig.cmake
    tello_msgs-config.cmake

  Add the installation prefix of "tello_msgs" to CMAKE_PREFIX_PATH or set
  "tello_msgs_DIR" to a directory containing one of the above files.  If
  "tello_msgs" provides a separate development package or SDK, be sure it has
  been installed.

[0m
