[0.125s] DEBUG:colcon:Command line arguments: ['/usr/bin/colcon', 'build', '--symlink-install']
[0.125s] DEBUG:colcon:Parsed command line arguments: Namespace(log_base=None, log_level=None, verb_name='build', build_base='build', install_base='install', merge_install=False, symlink_install=True, test_result_base=None, continue_on_error=False, executor='parallel', parallel_workers=16, event_handlers=None, ignore_user_meta=False, metas=['./colcon.meta'], base_paths=['.'], packages_ignore=None, packages_ignore_regex=None, paths=None, packages_up_to=None, packages_up_to_regex=None, packages_above=None, packages_above_and_dependencies=None, packages_above_depth=None, packages_select_by_dep=None, packages_skip_by_dep=None, packages_skip_up_to=None, packages_select_build_failed=False, packages_skip_build_finished=False, packages_select_test_failures=False, packages_skip_test_passed=False, packages_select=None, packages_skip=None, packages_select_regex=None, packages_skip_regex=None, packages_start=None, packages_end=None, allow_overriding=[], cmake_args=None, cmake_target=None, cmake_target_skip_unavailable=False, cmake_clean_cache=False, cmake_clean_first=False, cmake_force_configure=False, ament_cmake_args=None, catkin_cmake_args=None, catkin_skip_building_tests=False, verb_parser=<colcon_defaults.argument_parser.defaults.DefaultArgumentsDecorator object at 0x7e0b0c02aec0>, verb_extension=<colcon_core.verb.build.BuildVerb object at 0x7e0b0c029ea0>, main=<bound method BuildVerb.main of <colcon_core.verb.build.BuildVerb object at 0x7e0b0c029ea0>>)
[0.288s] Level 1:colcon.colcon_core.package_discovery:discover_packages(colcon_meta) check parameters
[0.288s] Level 1:colcon.colcon_core.package_discovery:discover_packages(recursive) check parameters
[0.288s] Level 1:colcon.colcon_core.package_discovery:discover_packages(ignore) check parameters
[0.288s] Level 1:colcon.colcon_core.package_discovery:discover_packages(path) check parameters
[0.288s] Level 1:colcon.colcon_core.package_discovery:discover_packages(colcon_meta) discover
[0.288s] Level 1:colcon.colcon_core.package_discovery:discover_packages(recursive) discover
[0.288s] INFO:colcon.colcon_core.package_discovery:Crawling recursively for packages in '/home/user/aerial_robotics/tello_ros2_humble_driver'
[0.289s] Level 1:colcon.colcon_core.package_identification:_identify(.) by extensions ['ignore', 'ignore_ament_install']
[0.289s] Level 1:colcon.colcon_core.package_identification:_identify(.) by extension 'ignore'
[0.289s] Level 1:colcon.colcon_core.package_identification:_identify(.) by extension 'ignore_ament_install'
[0.289s] Level 1:colcon.colcon_core.package_identification:_identify(.) by extensions ['colcon_pkg']
[0.289s] Level 1:colcon.colcon_core.package_identification:_identify(.) by extension 'colcon_pkg'
[0.289s] Level 1:colcon.colcon_core.package_identification:_identify(.) by extensions ['colcon_meta']
[0.289s] Level 1:colcon.colcon_core.package_identification:_identify(.) by extension 'colcon_meta'
[0.289s] Level 1:colcon.colcon_core.package_identification:_identify(.) by extensions ['ros']
[0.289s] Level 1:colcon.colcon_core.package_identification:_identify(.) by extension 'ros'
[0.297s] Level 1:colcon.colcon_core.package_identification:_identify(.) by extensions ['cmake', 'python']
[0.297s] Level 1:colcon.colcon_core.package_identification:_identify(.) by extension 'cmake'
[0.297s] Level 1:colcon.colcon_core.package_identification:_identify(.) by extension 'python'
[0.297s] Level 1:colcon.colcon_core.package_identification:_identify(.) by extensions ['python_setup_py']
[0.297s] Level 1:colcon.colcon_core.package_identification:_identify(.) by extension 'python_setup_py'
[0.297s] Level 1:colcon.colcon_core.package_identification:_identify(build) by extensions ['ignore', 'ignore_ament_install']
[0.297s] Level 1:colcon.colcon_core.package_identification:_identify(build) by extension 'ignore'
[0.297s] Level 1:colcon.colcon_core.package_identification:_identify(build) ignored
[0.297s] Level 1:colcon.colcon_core.package_identification:_identify(install) by extensions ['ignore', 'ignore_ament_install']
[0.298s] Level 1:colcon.colcon_core.package_identification:_identify(install) by extension 'ignore'
[0.298s] Level 1:colcon.colcon_core.package_identification:_identify(install) ignored
[0.298s] Level 1:colcon.colcon_core.package_identification:_identify(log) by extensions ['ignore', 'ignore_ament_install']
[0.298s] Level 1:colcon.colcon_core.package_identification:_identify(log) by extension 'ignore'
[0.298s] Level 1:colcon.colcon_core.package_identification:_identify(log) ignored
[0.298s] Level 1:colcon.colcon_core.package_identification:_identify(ros2_shared) by extensions ['ignore', 'ignore_ament_install']
[0.298s] Level 1:colcon.colcon_core.package_identification:_identify(ros2_shared) by extension 'ignore'
[0.298s] Level 1:colcon.colcon_core.package_identification:_identify(ros2_shared) by extension 'ignore_ament_install'
[0.298s] Level 1:colcon.colcon_core.package_identification:_identify(ros2_shared) by extensions ['colcon_pkg']
[0.298s] Level 1:colcon.colcon_core.package_identification:_identify(ros2_shared) by extension 'colcon_pkg'
[0.298s] Level 1:colcon.colcon_core.package_identification:_identify(ros2_shared) by extensions ['colcon_meta']
[0.298s] Level 1:colcon.colcon_core.package_identification:_identify(ros2_shared) by extension 'colcon_meta'
[0.298s] Level 1:colcon.colcon_core.package_identification:_identify(ros2_shared) by extensions ['ros']
[0.298s] Level 1:colcon.colcon_core.package_identification:_identify(ros2_shared) by extension 'ros'
[0.300s] DEBUG:colcon.colcon_core.package_identification:Package 'ros2_shared' with type 'ros.ament_cmake' and name 'ros2_shared'
[0.300s] Level 1:colcon.colcon_core.package_identification:_identify(tello_ros) by extensions ['ignore', 'ignore_ament_install']
[0.300s] Level 1:colcon.colcon_core.package_identification:_identify(tello_ros) by extension 'ignore'
[0.300s] Level 1:colcon.colcon_core.package_identification:_identify(tello_ros) by extension 'ignore_ament_install'
[0.300s] Level 1:colcon.colcon_core.package_identification:_identify(tello_ros) by extensions ['colcon_pkg']
[0.300s] Level 1:colcon.colcon_core.package_identification:_identify(tello_ros) by extension 'colcon_pkg'
[0.300s] Level 1:colcon.colcon_core.package_identification:_identify(tello_ros) by extensions ['colcon_meta']
[0.300s] Level 1:colcon.colcon_core.package_identification:_identify(tello_ros) by extension 'colcon_meta'
[0.300s] Level 1:colcon.colcon_core.package_identification:_identify(tello_ros) by extensions ['ros']
[0.300s] Level 1:colcon.colcon_core.package_identification:_identify(tello_ros) by extension 'ros'
[0.300s] Level 1:colcon.colcon_core.package_identification:_identify(tello_ros) by extensions ['cmake', 'python']
[0.300s] Level 1:colcon.colcon_core.package_identification:_identify(tello_ros) by extension 'cmake'
[0.300s] Level 1:colcon.colcon_core.package_identification:_identify(tello_ros) by extension 'python'
[0.300s] Level 1:colcon.colcon_core.package_identification:_identify(tello_ros) by extensions ['python_setup_py']
[0.300s] Level 1:colcon.colcon_core.package_identification:_identify(tello_ros) by extension 'python_setup_py'
[0.301s] Level 1:colcon.colcon_core.package_identification:_identify(tello_ros/docker) by extensions ['ignore', 'ignore_ament_install']
[0.301s] Level 1:colcon.colcon_core.package_identification:_identify(tello_ros/docker) by extension 'ignore'
[0.301s] Level 1:colcon.colcon_core.package_identification:_identify(tello_ros/docker) by extension 'ignore_ament_install'
[0.301s] Level 1:colcon.colcon_core.package_identification:_identify(tello_ros/docker) by extensions ['colcon_pkg']
[0.301s] Level 1:colcon.colcon_core.package_identification:_identify(tello_ros/docker) by extension 'colcon_pkg'
[0.301s] Level 1:colcon.colcon_core.package_identification:_identify(tello_ros/docker) by extensions ['colcon_meta']
[0.301s] Level 1:colcon.colcon_core.package_identification:_identify(tello_ros/docker) by extension 'colcon_meta'
[0.301s] Level 1:colcon.colcon_core.package_identification:_identify(tello_ros/docker) by extensions ['ros']
[0.301s] Level 1:colcon.colcon_core.package_identification:_identify(tello_ros/docker) by extension 'ros'
[0.301s] Level 1:colcon.colcon_core.package_identification:_identify(tello_ros/docker) by extensions ['cmake', 'python']
[0.301s] Level 1:colcon.colcon_core.package_identification:_identify(tello_ros/docker) by extension 'cmake'
[0.301s] Level 1:colcon.colcon_core.package_identification:_identify(tello_ros/docker) by extension 'python'
[0.301s] Level 1:colcon.colcon_core.package_identification:_identify(tello_ros/docker) by extensions ['python_setup_py']
[0.301s] Level 1:colcon.colcon_core.package_identification:_identify(tello_ros/docker) by extension 'python_setup_py'
[0.301s] Level 1:colcon.colcon_core.package_identification:_identify(tello_ros/tello_description) by extensions ['ignore', 'ignore_ament_install']
[0.301s] Level 1:colcon.colcon_core.package_identification:_identify(tello_ros/tello_description) by extension 'ignore'
[0.301s] Level 1:colcon.colcon_core.package_identification:_identify(tello_ros/tello_description) by extension 'ignore_ament_install'
[0.301s] Level 1:colcon.colcon_core.package_identification:_identify(tello_ros/tello_description) by extensions ['colcon_pkg']
[0.301s] Level 1:colcon.colcon_core.package_identification:_identify(tello_ros/tello_description) by extension 'colcon_pkg'
[0.301s] Level 1:colcon.colcon_core.package_identification:_identify(tello_ros/tello_description) by extensions ['colcon_meta']
[0.301s] Level 1:colcon.colcon_core.package_identification:_identify(tello_ros/tello_description) by extension 'colcon_meta'
[0.301s] Level 1:colcon.colcon_core.package_identification:_identify(tello_ros/tello_description) by extensions ['ros']
[0.301s] Level 1:colcon.colcon_core.package_identification:_identify(tello_ros/tello_description) by extension 'ros'
[0.302s] DEBUG:colcon.colcon_core.package_identification:Package 'tello_ros/tello_description' with type 'ros.ament_cmake' and name 'tello_description'
[0.302s] Level 1:colcon.colcon_core.package_identification:_identify(tello_ros/tello_driver) by extensions ['ignore', 'ignore_ament_install']
[0.302s] Level 1:colcon.colcon_core.package_identification:_identify(tello_ros/tello_driver) by extension 'ignore'
[0.302s] Level 1:colcon.colcon_core.package_identification:_identify(tello_ros/tello_driver) by extension 'ignore_ament_install'
[0.302s] Level 1:colcon.colcon_core.package_identification:_identify(tello_ros/tello_driver) by extensions ['colcon_pkg']
[0.302s] Level 1:colcon.colcon_core.package_identification:_identify(tello_ros/tello_driver) by extension 'colcon_pkg'
[0.302s] Level 1:colcon.colcon_core.package_identification:_identify(tello_ros/tello_driver) by extensions ['colcon_meta']
[0.302s] Level 1:colcon.colcon_core.package_identification:_identify(tello_ros/tello_driver) by extension 'colcon_meta'
[0.302s] Level 1:colcon.colcon_core.package_identification:_identify(tello_ros/tello_driver) by extensions ['ros']
[0.302s] Level 1:colcon.colcon_core.package_identification:_identify(tello_ros/tello_driver) by extension 'ros'
[0.303s] DEBUG:colcon.colcon_core.package_identification:Package 'tello_ros/tello_driver' with type 'ros.ament_cmake' and name 'tello_driver'
[0.303s] Level 1:colcon.colcon_core.package_identification:_identify(tello_ros/tello_gazebo) by extensions ['ignore', 'ignore_ament_install']
[0.303s] Level 1:colcon.colcon_core.package_identification:_identify(tello_ros/tello_gazebo) by extension 'ignore'
[0.303s] Level 1:colcon.colcon_core.package_identification:_identify(tello_ros/tello_gazebo) by extension 'ignore_ament_install'
[0.303s] Level 1:colcon.colcon_core.package_identification:_identify(tello_ros/tello_gazebo) by extensions ['colcon_pkg']
[0.303s] Level 1:colcon.colcon_core.package_identification:_identify(tello_ros/tello_gazebo) by extension 'colcon_pkg'
[0.303s] Level 1:colcon.colcon_core.package_identification:_identify(tello_ros/tello_gazebo) by extensions ['colcon_meta']
[0.303s] Level 1:colcon.colcon_core.package_identification:_identify(tello_ros/tello_gazebo) by extension 'colcon_meta'
[0.303s] Level 1:colcon.colcon_core.package_identification:_identify(tello_ros/tello_gazebo) by extensions ['ros']
[0.303s] Level 1:colcon.colcon_core.package_identification:_identify(tello_ros/tello_gazebo) by extension 'ros'
[0.304s] DEBUG:colcon.colcon_core.package_identification:Package 'tello_ros/tello_gazebo' with type 'ros.ament_cmake' and name 'tello_gazebo'
[0.304s] Level 1:colcon.colcon_core.package_identification:_identify(tello_ros/tello_msgs) by extensions ['ignore', 'ignore_ament_install']
[0.304s] Level 1:colcon.colcon_core.package_identification:_identify(tello_ros/tello_msgs) by extension 'ignore'
[0.304s] Level 1:colcon.colcon_core.package_identification:_identify(tello_ros/tello_msgs) by extension 'ignore_ament_install'
[0.304s] Level 1:colcon.colcon_core.package_identification:_identify(tello_ros/tello_msgs) by extensions ['colcon_pkg']
[0.304s] Level 1:colcon.colcon_core.package_identification:_identify(tello_ros/tello_msgs) by extension 'colcon_pkg'
[0.304s] Level 1:colcon.colcon_core.package_identification:_identify(tello_ros/tello_msgs) by extensions ['colcon_meta']
[0.304s] Level 1:colcon.colcon_core.package_identification:_identify(tello_ros/tello_msgs) by extension 'colcon_meta'
[0.304s] Level 1:colcon.colcon_core.package_identification:_identify(tello_ros/tello_msgs) by extensions ['ros']
[0.304s] Level 1:colcon.colcon_core.package_identification:_identify(tello_ros/tello_msgs) by extension 'ros'
[0.305s] DEBUG:colcon.colcon_core.package_identification:Package 'tello_ros/tello_msgs' with type 'ros.ament_cmake' and name 'tello_msgs'
[0.305s] Level 1:colcon.colcon_core.package_discovery:discover_packages(recursive) using defaults
[0.305s] Level 1:colcon.colcon_core.package_discovery:discover_packages(ignore) discover
[0.305s] Level 1:colcon.colcon_core.package_discovery:discover_packages(ignore) using defaults
[0.305s] Level 1:colcon.colcon_core.package_discovery:discover_packages(path) discover
[0.305s] Level 1:colcon.colcon_core.package_discovery:discover_packages(path) using defaults
[0.323s] Level 1:colcon.colcon_core.package_discovery:discover_packages(prefix_path) check parameters
[0.323s] Level 1:colcon.colcon_core.package_discovery:discover_packages(prefix_path) discover
[0.326s] DEBUG:colcon.colcon_installed_package_information.package_discovery:Found 281 installed packages in /opt/ros/humble
[0.332s] Level 1:colcon.colcon_core.package_discovery:discover_packages(prefix_path) using defaults
[0.386s] Level 5:colcon.colcon_core.verb:set package 'ros2_shared' build argument 'cmake_args' from command line to 'None'
[0.386s] Level 5:colcon.colcon_core.verb:set package 'ros2_shared' build argument 'cmake_target' from command line to 'None'
[0.386s] Level 5:colcon.colcon_core.verb:set package 'ros2_shared' build argument 'cmake_target_skip_unavailable' from command line to 'False'
[0.386s] Level 5:colcon.colcon_core.verb:set package 'ros2_shared' build argument 'cmake_clean_cache' from command line to 'False'
[0.386s] Level 5:colcon.colcon_core.verb:set package 'ros2_shared' build argument 'cmake_clean_first' from command line to 'False'
[0.386s] Level 5:colcon.colcon_core.verb:set package 'ros2_shared' build argument 'cmake_force_configure' from command line to 'False'
[0.386s] Level 5:colcon.colcon_core.verb:set package 'ros2_shared' build argument 'ament_cmake_args' from command line to 'None'
[0.386s] Level 5:colcon.colcon_core.verb:set package 'ros2_shared' build argument 'catkin_cmake_args' from command line to 'None'
[0.386s] Level 5:colcon.colcon_core.verb:set package 'ros2_shared' build argument 'catkin_skip_building_tests' from command line to 'False'
[0.386s] DEBUG:colcon.colcon_core.verb:Building package 'ros2_shared' with the following arguments: {'ament_cmake_args': None, 'build_base': '/home/user/aerial_robotics/tello_ros2_humble_driver/build/ros2_shared', 'catkin_cmake_args': None, 'catkin_skip_building_tests': False, 'cmake_args': None, 'cmake_clean_cache': False, 'cmake_clean_first': False, 'cmake_force_configure': False, 'cmake_target': None, 'cmake_target_skip_unavailable': False, 'install_base': '/home/user/aerial_robotics/tello_ros2_humble_driver/install/ros2_shared', 'merge_install': False, 'path': '/home/user/aerial_robotics/tello_ros2_humble_driver/ros2_shared', 'symlink_install': True, 'test_result_base': None}
[0.386s] Level 5:colcon.colcon_core.verb:set package 'tello_description' build argument 'cmake_args' from command line to 'None'
[0.386s] Level 5:colcon.colcon_core.verb:set package 'tello_description' build argument 'cmake_target' from command line to 'None'
[0.386s] Level 5:colcon.colcon_core.verb:set package 'tello_description' build argument 'cmake_target_skip_unavailable' from command line to 'False'
[0.386s] Level 5:colcon.colcon_core.verb:set package 'tello_description' build argument 'cmake_clean_cache' from command line to 'False'
[0.386s] Level 5:colcon.colcon_core.verb:set package 'tello_description' build argument 'cmake_clean_first' from command line to 'False'
[0.386s] Level 5:colcon.colcon_core.verb:set package 'tello_description' build argument 'cmake_force_configure' from command line to 'False'
[0.386s] Level 5:colcon.colcon_core.verb:set package 'tello_description' build argument 'ament_cmake_args' from command line to 'None'
[0.386s] Level 5:colcon.colcon_core.verb:set package 'tello_description' build argument 'catkin_cmake_args' from command line to 'None'
[0.386s] Level 5:colcon.colcon_core.verb:set package 'tello_description' build argument 'catkin_skip_building_tests' from command line to 'False'
[0.386s] DEBUG:colcon.colcon_core.verb:Building package 'tello_description' with the following arguments: {'ament_cmake_args': None, 'build_base': '/home/user/aerial_robotics/tello_ros2_humble_driver/build/tello_description', 'catkin_cmake_args': None, 'catkin_skip_building_tests': False, 'cmake_args': None, 'cmake_clean_cache': False, 'cmake_clean_first': False, 'cmake_force_configure': False, 'cmake_target': None, 'cmake_target_skip_unavailable': False, 'install_base': '/home/user/aerial_robotics/tello_ros2_humble_driver/install/tello_description', 'merge_install': False, 'path': '/home/user/aerial_robotics/tello_ros2_humble_driver/tello_ros/tello_description', 'symlink_install': True, 'test_result_base': None}
[0.387s] Level 5:colcon.colcon_core.verb:set package 'tello_msgs' build argument 'cmake_args' from command line to 'None'
[0.387s] Level 5:colcon.colcon_core.verb:set package 'tello_msgs' build argument 'cmake_target' from command line to 'None'
[0.387s] Level 5:colcon.colcon_core.verb:set package 'tello_msgs' build argument 'cmake_target_skip_unavailable' from command line to 'False'
[0.387s] Level 5:colcon.colcon_core.verb:set package 'tello_msgs' build argument 'cmake_clean_cache' from command line to 'False'
[0.387s] Level 5:colcon.colcon_core.verb:set package 'tello_msgs' build argument 'cmake_clean_first' from command line to 'False'
[0.387s] Level 5:colcon.colcon_core.verb:set package 'tello_msgs' build argument 'cmake_force_configure' from command line to 'False'
[0.387s] Level 5:colcon.colcon_core.verb:set package 'tello_msgs' build argument 'ament_cmake_args' from command line to 'None'
[0.387s] Level 5:colcon.colcon_core.verb:set package 'tello_msgs' build argument 'catkin_cmake_args' from command line to 'None'
[0.387s] Level 5:colcon.colcon_core.verb:set package 'tello_msgs' build argument 'catkin_skip_building_tests' from command line to 'False'
[0.387s] DEBUG:colcon.colcon_core.verb:Building package 'tello_msgs' with the following arguments: {'ament_cmake_args': None, 'build_base': '/home/user/aerial_robotics/tello_ros2_humble_driver/build/tello_msgs', 'catkin_cmake_args': None, 'catkin_skip_building_tests': False, 'cmake_args': None, 'cmake_clean_cache': False, 'cmake_clean_first': False, 'cmake_force_configure': False, 'cmake_target': None, 'cmake_target_skip_unavailable': False, 'install_base': '/home/user/aerial_robotics/tello_ros2_humble_driver/install/tello_msgs', 'merge_install': False, 'path': '/home/user/aerial_robotics/tello_ros2_humble_driver/tello_ros/tello_msgs', 'symlink_install': True, 'test_result_base': None}
[0.387s] Level 5:colcon.colcon_core.verb:set package 'tello_driver' build argument 'cmake_args' from command line to 'None'
[0.387s] Level 5:colcon.colcon_core.verb:set package 'tello_driver' build argument 'cmake_target' from command line to 'None'
[0.387s] Level 5:colcon.colcon_core.verb:set package 'tello_driver' build argument 'cmake_target_skip_unavailable' from command line to 'False'
[0.387s] Level 5:colcon.colcon_core.verb:set package 'tello_driver' build argument 'cmake_clean_cache' from command line to 'False'
[0.387s] Level 5:colcon.colcon_core.verb:set package 'tello_driver' build argument 'cmake_clean_first' from command line to 'False'
[0.387s] Level 5:colcon.colcon_core.verb:set package 'tello_driver' build argument 'cmake_force_configure' from command line to 'False'
[0.387s] Level 5:colcon.colcon_core.verb:set package 'tello_driver' build argument 'ament_cmake_args' from command line to 'None'
[0.387s] Level 5:colcon.colcon_core.verb:set package 'tello_driver' build argument 'catkin_cmake_args' from command line to 'None'
[0.387s] Level 5:colcon.colcon_core.verb:set package 'tello_driver' build argument 'catkin_skip_building_tests' from command line to 'False'
[0.387s] DEBUG:colcon.colcon_core.verb:Building package 'tello_driver' with the following arguments: {'ament_cmake_args': None, 'build_base': '/home/user/aerial_robotics/tello_ros2_humble_driver/build/tello_driver', 'catkin_cmake_args': None, 'catkin_skip_building_tests': False, 'cmake_args': None, 'cmake_clean_cache': False, 'cmake_clean_first': False, 'cmake_force_configure': False, 'cmake_target': None, 'cmake_target_skip_unavailable': False, 'install_base': '/home/user/aerial_robotics/tello_ros2_humble_driver/install/tello_driver', 'merge_install': False, 'path': '/home/user/aerial_robotics/tello_ros2_humble_driver/tello_ros/tello_driver', 'symlink_install': True, 'test_result_base': None}
[0.387s] Level 5:colcon.colcon_core.verb:set package 'tello_gazebo' build argument 'cmake_args' from command line to 'None'
[0.387s] Level 5:colcon.colcon_core.verb:set package 'tello_gazebo' build argument 'cmake_target' from command line to 'None'
[0.387s] Level 5:colcon.colcon_core.verb:set package 'tello_gazebo' build argument 'cmake_target_skip_unavailable' from command line to 'False'
[0.387s] Level 5:colcon.colcon_core.verb:set package 'tello_gazebo' build argument 'cmake_clean_cache' from command line to 'False'
[0.387s] Level 5:colcon.colcon_core.verb:set package 'tello_gazebo' build argument 'cmake_clean_first' from command line to 'False'
[0.387s] Level 5:colcon.colcon_core.verb:set package 'tello_gazebo' build argument 'cmake_force_configure' from command line to 'False'
[0.387s] Level 5:colcon.colcon_core.verb:set package 'tello_gazebo' build argument 'ament_cmake_args' from command line to 'None'
[0.387s] Level 5:colcon.colcon_core.verb:set package 'tello_gazebo' build argument 'catkin_cmake_args' from command line to 'None'
[0.387s] Level 5:colcon.colcon_core.verb:set package 'tello_gazebo' build argument 'catkin_skip_building_tests' from command line to 'False'
[0.387s] DEBUG:colcon.colcon_core.verb:Building package 'tello_gazebo' with the following arguments: {'ament_cmake_args': None, 'build_base': '/home/user/aerial_robotics/tello_ros2_humble_driver/build/tello_gazebo', 'catkin_cmake_args': None, 'catkin_skip_building_tests': False, 'cmake_args': None, 'cmake_clean_cache': False, 'cmake_clean_first': False, 'cmake_force_configure': False, 'cmake_target': None, 'cmake_target_skip_unavailable': False, 'install_base': '/home/user/aerial_robotics/tello_ros2_humble_driver/install/tello_gazebo', 'merge_install': False, 'path': '/home/user/aerial_robotics/tello_ros2_humble_driver/tello_ros/tello_gazebo', 'symlink_install': True, 'test_result_base': None}
[0.387s] INFO:colcon.colcon_core.executor:Executing jobs using 'parallel' executor
[0.388s] DEBUG:colcon.colcon_parallel_executor.executor.parallel:run_until_complete
[0.388s] INFO:colcon.colcon_ros.task.ament_cmake.build:Building ROS package in '/home/user/aerial_robotics/tello_ros2_humble_driver/tello_ros/tello_msgs' with build type 'ament_cmake'
[0.388s] INFO:colcon.colcon_cmake.task.cmake.build:Building CMake package in '/home/user/aerial_robotics/tello_ros2_humble_driver/tello_ros/tello_msgs'
[0.392s] INFO:colcon.colcon_core.plugin_system:Skipping extension 'colcon_core.shell.bat': Not used on non-Windows systems
[0.392s] INFO:colcon.colcon_core.shell:Skip shell extension 'powershell' for command environment: Not usable outside of PowerShell
[0.392s] DEBUG:colcon.colcon_core.shell:Skip shell extension 'dsv' for command environment
[0.394s] INFO:colcon.colcon_ros.task.ament_cmake.build:Building ROS package in '/home/user/aerial_robotics/tello_ros2_humble_driver/ros2_shared' with build type 'ament_cmake'
[0.394s] INFO:colcon.colcon_cmake.task.cmake.build:Building CMake package in '/home/user/aerial_robotics/tello_ros2_humble_driver/ros2_shared'
[0.395s] INFO:colcon.colcon_core.shell:Skip shell extension 'powershell' for command environment: Not usable outside of PowerShell
[0.395s] DEBUG:colcon.colcon_core.shell:Skip shell extension 'dsv' for command environment
[0.396s] INFO:colcon.colcon_ros.task.ament_cmake.build:Building ROS package in '/home/user/aerial_robotics/tello_ros2_humble_driver/tello_ros/tello_description' with build type 'ament_cmake'
[0.396s] INFO:colcon.colcon_cmake.task.cmake.build:Building CMake package in '/home/user/aerial_robotics/tello_ros2_humble_driver/tello_ros/tello_description'
[0.396s] INFO:colcon.colcon_core.shell:Skip shell extension 'powershell' for command environment: Not usable outside of PowerShell
[0.396s] DEBUG:colcon.colcon_core.shell:Skip shell extension 'dsv' for command environment
[0.399s] DEBUG:colcon.colcon_core.event_handler.log_command:Invoking command in '/home/user/aerial_robotics/tello_ros2_humble_driver/build/tello_msgs': CMAKE_PREFIX_PATH=/opt/ros/humble /usr/bin/cmake /home/user/aerial_robotics/tello_ros2_humble_driver/tello_ros/tello_msgs -DAMENT_CMAKE_SYMLINK_INSTALL=1 -DCMAKE_INSTALL_PREFIX=/home/user/aerial_robotics/tello_ros2_humble_driver/install/tello_msgs
[0.403s] DEBUG:colcon.colcon_core.event_handler.log_command:Invoking command in '/home/user/aerial_robotics/tello_ros2_humble_driver/build/ros2_shared': CMAKE_PREFIX_PATH=/opt/ros/humble /usr/bin/cmake /home/user/aerial_robotics/tello_ros2_humble_driver/ros2_shared -DAMENT_CMAKE_SYMLINK_INSTALL=1 -DCMAKE_INSTALL_PREFIX=/home/user/aerial_robotics/tello_ros2_humble_driver/install/ros2_shared
[0.406s] DEBUG:colcon.colcon_core.event_handler.log_command:Invoking command in '/home/user/aerial_robotics/tello_ros2_humble_driver/build/tello_description': CMAKE_PREFIX_PATH=/opt/ros/humble /usr/bin/cmake /home/user/aerial_robotics/tello_ros2_humble_driver/tello_ros/tello_description -DAMENT_CMAKE_SYMLINK_INSTALL=1 -DCMAKE_INSTALL_PREFIX=/home/user/aerial_robotics/tello_ros2_humble_driver/install/tello_description
[1.116s] DEBUG:colcon.colcon_core.event_handler.log_command:Invoked command in '/home/user/aerial_robotics/tello_ros2_humble_driver/build/ros2_shared' returned '0': CMAKE_PREFIX_PATH=/opt/ros/humble /usr/bin/cmake /home/user/aerial_robotics/tello_ros2_humble_driver/ros2_shared -DAMENT_CMAKE_SYMLINK_INSTALL=1 -DCMAKE_INSTALL_PREFIX=/home/user/aerial_robotics/tello_ros2_humble_driver/install/ros2_shared
[1.117s] DEBUG:colcon.colcon_core.event_handler.log_command:Invoking command in '/home/user/aerial_robotics/tello_ros2_humble_driver/build/ros2_shared': CMAKE_PREFIX_PATH=/opt/ros/humble /usr/bin/cmake --build /home/user/aerial_robotics/tello_ros2_humble_driver/build/ros2_shared -- -j16 -l16
[1.132s] DEBUG:colcon.colcon_core.event_handler.log_command:Invoked command in '/home/user/aerial_robotics/tello_ros2_humble_driver/build/tello_description' returned '0': CMAKE_PREFIX_PATH=/opt/ros/humble /usr/bin/cmake /home/user/aerial_robotics/tello_ros2_humble_driver/tello_ros/tello_description -DAMENT_CMAKE_SYMLINK_INSTALL=1 -DCMAKE_INSTALL_PREFIX=/home/user/aerial_robotics/tello_ros2_humble_driver/install/tello_description
[1.133s] DEBUG:colcon.colcon_core.event_handler.log_command:Invoking command in '/home/user/aerial_robotics/tello_ros2_humble_driver/build/tello_description': CMAKE_PREFIX_PATH=/opt/ros/humble /usr/bin/cmake --build /home/user/aerial_robotics/tello_ros2_humble_driver/build/tello_description -- -j16 -l16
[1.137s] DEBUG:colcon.colcon_core.event_handler.log_command:Invoked command in '/home/user/aerial_robotics/tello_ros2_humble_driver/build/ros2_shared' returned '0': CMAKE_PREFIX_PATH=/opt/ros/humble /usr/bin/cmake --build /home/user/aerial_robotics/tello_ros2_humble_driver/build/ros2_shared -- -j16 -l16
[1.142s] DEBUG:colcon.colcon_core.event_handler.log_command:Invoking command in '/home/user/aerial_robotics/tello_ros2_humble_driver/build/ros2_shared': CMAKE_PREFIX_PATH=/opt/ros/humble /usr/bin/cmake --install /home/user/aerial_robotics/tello_ros2_humble_driver/build/ros2_shared
[1.201s] DEBUG:colcon.colcon_core.event_handler.log_command:Invoked command in '/home/user/aerial_robotics/tello_ros2_humble_driver/build/tello_description' returned '0': CMAKE_PREFIX_PATH=/opt/ros/humble /usr/bin/cmake --build /home/user/aerial_robotics/tello_ros2_humble_driver/build/tello_description -- -j16 -l16
[1.202s] DEBUG:colcon.colcon_core.event_handler.log_command:Invoking command in '/home/user/aerial_robotics/tello_ros2_humble_driver/build/tello_description': CMAKE_PREFIX_PATH=/opt/ros/humble /usr/bin/cmake --install /home/user/aerial_robotics/tello_ros2_humble_driver/build/tello_description
[1.247s] Level 1:colcon.colcon_core.environment:create_environment_scripts_only(ros2_shared)
[1.247s] DEBUG:colcon.colcon_core.event_handler.log_command:Invoked command in '/home/user/aerial_robotics/tello_ros2_humble_driver/build/ros2_shared' returned '0': CMAKE_PREFIX_PATH=/opt/ros/humble /usr/bin/cmake --install /home/user/aerial_robotics/tello_ros2_humble_driver/build/ros2_shared
[1.252s] Level 1:colcon.colcon_core.environment:checking '/home/user/aerial_robotics/tello_ros2_humble_driver/install/ros2_shared' for CMake module files
[1.252s] Level 1:colcon.colcon_core.environment:checking '/home/user/aerial_robotics/tello_ros2_humble_driver/install/ros2_shared' for CMake config files
[1.252s] Level 1:colcon.colcon_core.shell:create_environment_hook('ros2_shared', 'cmake_prefix_path')
[1.253s] INFO:colcon.colcon_core.shell:Creating environment hook '/home/user/aerial_robotics/tello_ros2_humble_driver/install/ros2_shared/share/ros2_shared/hook/cmake_prefix_path.ps1'
[1.253s] INFO:colcon.colcon_core.shell:Creating environment descriptor '/home/user/aerial_robotics/tello_ros2_humble_driver/install/ros2_shared/share/ros2_shared/hook/cmake_prefix_path.dsv'
[1.253s] INFO:colcon.colcon_core.shell:Creating environment hook '/home/user/aerial_robotics/tello_ros2_humble_driver/install/ros2_shared/share/ros2_shared/hook/cmake_prefix_path.sh'
[1.254s] Level 1:colcon.colcon_core.environment:checking '/home/user/aerial_robotics/tello_ros2_humble_driver/install/ros2_shared/bin'
[1.254s] Level 1:colcon.colcon_core.environment:checking '/home/user/aerial_robotics/tello_ros2_humble_driver/install/ros2_shared/lib/pkgconfig/ros2_shared.pc'
[1.254s] Level 1:colcon.colcon_core.environment:checking '/home/user/aerial_robotics/tello_ros2_humble_driver/install/ros2_shared/lib/python3.10/site-packages'
[1.255s] Level 1:colcon.colcon_core.environment:checking '/home/user/aerial_robotics/tello_ros2_humble_driver/install/ros2_shared/bin'
[1.255s] INFO:colcon.colcon_core.shell:Creating package script '/home/user/aerial_robotics/tello_ros2_humble_driver/install/ros2_shared/share/ros2_shared/package.ps1'
[1.255s] INFO:colcon.colcon_core.shell:Creating package descriptor '/home/user/aerial_robotics/tello_ros2_humble_driver/install/ros2_shared/share/ros2_shared/package.dsv'
[1.256s] INFO:colcon.colcon_core.shell:Creating package script '/home/user/aerial_robotics/tello_ros2_humble_driver/install/ros2_shared/share/ros2_shared/package.sh'
[1.256s] INFO:colcon.colcon_core.shell:Creating package script '/home/user/aerial_robotics/tello_ros2_humble_driver/install/ros2_shared/share/ros2_shared/package.bash'
[1.257s] INFO:colcon.colcon_core.shell:Creating package script '/home/user/aerial_robotics/tello_ros2_humble_driver/install/ros2_shared/share/ros2_shared/package.zsh'
[1.257s] Level 1:colcon.colcon_core.environment:create_file_with_runtime_dependencies(/home/user/aerial_robotics/tello_ros2_humble_driver/install/ros2_shared/share/colcon-core/packages/ros2_shared)
[1.258s] Level 1:colcon.colcon_core.environment:create_environment_scripts_only(ros2_shared)
[1.258s] Level 1:colcon.colcon_core.environment:checking '/home/user/aerial_robotics/tello_ros2_humble_driver/install/ros2_shared' for CMake module files
[1.258s] Level 1:colcon.colcon_core.environment:checking '/home/user/aerial_robotics/tello_ros2_humble_driver/install/ros2_shared' for CMake config files
[1.258s] Level 1:colcon.colcon_core.shell:create_environment_hook('ros2_shared', 'cmake_prefix_path')
[1.258s] INFO:colcon.colcon_core.shell:Creating environment hook '/home/user/aerial_robotics/tello_ros2_humble_driver/install/ros2_shared/share/ros2_shared/hook/cmake_prefix_path.ps1'
[1.258s] INFO:colcon.colcon_core.shell:Creating environment descriptor '/home/user/aerial_robotics/tello_ros2_humble_driver/install/ros2_shared/share/ros2_shared/hook/cmake_prefix_path.dsv'
[1.258s] INFO:colcon.colcon_core.shell:Creating environment hook '/home/user/aerial_robotics/tello_ros2_humble_driver/install/ros2_shared/share/ros2_shared/hook/cmake_prefix_path.sh'
[1.259s] Level 1:colcon.colcon_core.environment:checking '/home/user/aerial_robotics/tello_ros2_humble_driver/install/ros2_shared/bin'
[1.259s] Level 1:colcon.colcon_core.environment:checking '/home/user/aerial_robotics/tello_ros2_humble_driver/install/ros2_shared/lib/pkgconfig/ros2_shared.pc'
[1.259s] Level 1:colcon.colcon_core.environment:checking '/home/user/aerial_robotics/tello_ros2_humble_driver/install/ros2_shared/lib/python3.10/site-packages'
[1.259s] Level 1:colcon.colcon_core.environment:checking '/home/user/aerial_robotics/tello_ros2_humble_driver/install/ros2_shared/bin'
[1.259s] INFO:colcon.colcon_core.shell:Creating package script '/home/user/aerial_robotics/tello_ros2_humble_driver/install/ros2_shared/share/ros2_shared/package.ps1'
[1.260s] INFO:colcon.colcon_core.shell:Creating package descriptor '/home/user/aerial_robotics/tello_ros2_humble_driver/install/ros2_shared/share/ros2_shared/package.dsv'
[1.260s] INFO:colcon.colcon_core.shell:Creating package script '/home/user/aerial_robotics/tello_ros2_humble_driver/install/ros2_shared/share/ros2_shared/package.sh'
[1.260s] INFO:colcon.colcon_core.shell:Creating package script '/home/user/aerial_robotics/tello_ros2_humble_driver/install/ros2_shared/share/ros2_shared/package.bash'
[1.260s] INFO:colcon.colcon_core.shell:Creating package script '/home/user/aerial_robotics/tello_ros2_humble_driver/install/ros2_shared/share/ros2_shared/package.zsh'
[1.260s] Level 1:colcon.colcon_core.environment:create_file_with_runtime_dependencies(/home/user/aerial_robotics/tello_ros2_humble_driver/install/ros2_shared/share/colcon-core/packages/ros2_shared)
[1.316s] Level 1:colcon.colcon_core.environment:create_environment_scripts_only(tello_description)
[1.316s] Level 1:colcon.colcon_core.environment:checking '/home/user/aerial_robotics/tello_ros2_humble_driver/install/tello_description' for CMake module files
[1.316s] DEBUG:colcon.colcon_core.event_handler.log_command:Invoked command in '/home/user/aerial_robotics/tello_ros2_humble_driver/build/tello_description' returned '0': CMAKE_PREFIX_PATH=/opt/ros/humble /usr/bin/cmake --install /home/user/aerial_robotics/tello_ros2_humble_driver/build/tello_description
[1.316s] Level 1:colcon.colcon_core.environment:checking '/home/user/aerial_robotics/tello_ros2_humble_driver/install/tello_description' for CMake config files
[1.316s] Level 1:colcon.colcon_core.shell:create_environment_hook('tello_description', 'cmake_prefix_path')
[1.317s] INFO:colcon.colcon_core.shell:Creating environment hook '/home/user/aerial_robotics/tello_ros2_humble_driver/install/tello_description/share/tello_description/hook/cmake_prefix_path.ps1'
[1.317s] INFO:colcon.colcon_core.shell:Creating environment descriptor '/home/user/aerial_robotics/tello_ros2_humble_driver/install/tello_description/share/tello_description/hook/cmake_prefix_path.dsv'
[1.317s] INFO:colcon.colcon_core.shell:Creating environment hook '/home/user/aerial_robotics/tello_ros2_humble_driver/install/tello_description/share/tello_description/hook/cmake_prefix_path.sh'
[1.317s] Level 1:colcon.colcon_core.environment:checking '/home/user/aerial_robotics/tello_ros2_humble_driver/install/tello_description/bin'
[1.317s] Level 1:colcon.colcon_core.environment:checking '/home/user/aerial_robotics/tello_ros2_humble_driver/install/tello_description/lib/pkgconfig/tello_description.pc'
[1.317s] Level 1:colcon.colcon_core.environment:checking '/home/user/aerial_robotics/tello_ros2_humble_driver/install/tello_description/lib/python3.10/site-packages'
[1.318s] Level 1:colcon.colcon_core.environment:checking '/home/user/aerial_robotics/tello_ros2_humble_driver/install/tello_description/bin'
[1.318s] INFO:colcon.colcon_core.shell:Creating package script '/home/user/aerial_robotics/tello_ros2_humble_driver/install/tello_description/share/tello_description/package.ps1'
[1.318s] INFO:colcon.colcon_core.shell:Creating package descriptor '/home/user/aerial_robotics/tello_ros2_humble_driver/install/tello_description/share/tello_description/package.dsv'
[1.318s] INFO:colcon.colcon_core.shell:Creating package script '/home/user/aerial_robotics/tello_ros2_humble_driver/install/tello_description/share/tello_description/package.sh'
[1.318s] INFO:colcon.colcon_core.shell:Creating package script '/home/user/aerial_robotics/tello_ros2_humble_driver/install/tello_description/share/tello_description/package.bash'
[1.318s] INFO:colcon.colcon_core.shell:Creating package script '/home/user/aerial_robotics/tello_ros2_humble_driver/install/tello_description/share/tello_description/package.zsh'
[1.318s] Level 1:colcon.colcon_core.environment:create_file_with_runtime_dependencies(/home/user/aerial_robotics/tello_ros2_humble_driver/install/tello_description/share/colcon-core/packages/tello_description)
[1.319s] Level 1:colcon.colcon_core.environment:create_environment_scripts_only(tello_description)
[1.319s] Level 1:colcon.colcon_core.environment:checking '/home/user/aerial_robotics/tello_ros2_humble_driver/install/tello_description' for CMake module files
[1.319s] Level 1:colcon.colcon_core.environment:checking '/home/user/aerial_robotics/tello_ros2_humble_driver/install/tello_description' for CMake config files
[1.319s] Level 1:colcon.colcon_core.shell:create_environment_hook('tello_description', 'cmake_prefix_path')
[1.319s] INFO:colcon.colcon_core.shell:Creating environment hook '/home/user/aerial_robotics/tello_ros2_humble_driver/install/tello_description/share/tello_description/hook/cmake_prefix_path.ps1'
[1.319s] INFO:colcon.colcon_core.shell:Creating environment descriptor '/home/user/aerial_robotics/tello_ros2_humble_driver/install/tello_description/share/tello_description/hook/cmake_prefix_path.dsv'
[1.320s] INFO:colcon.colcon_core.shell:Creating environment hook '/home/user/aerial_robotics/tello_ros2_humble_driver/install/tello_description/share/tello_description/hook/cmake_prefix_path.sh'
[1.320s] Level 1:colcon.colcon_core.environment:checking '/home/user/aerial_robotics/tello_ros2_humble_driver/install/tello_description/bin'
[1.320s] Level 1:colcon.colcon_core.environment:checking '/home/user/aerial_robotics/tello_ros2_humble_driver/install/tello_description/lib/pkgconfig/tello_description.pc'
[1.320s] Level 1:colcon.colcon_core.environment:checking '/home/user/aerial_robotics/tello_ros2_humble_driver/install/tello_description/lib/python3.10/site-packages'
[1.320s] Level 1:colcon.colcon_core.environment:checking '/home/user/aerial_robotics/tello_ros2_humble_driver/install/tello_description/bin'
[1.320s] INFO:colcon.colcon_core.shell:Creating package script '/home/user/aerial_robotics/tello_ros2_humble_driver/install/tello_description/share/tello_description/package.ps1'
[1.320s] INFO:colcon.colcon_core.shell:Creating package descriptor '/home/user/aerial_robotics/tello_ros2_humble_driver/install/tello_description/share/tello_description/package.dsv'
[1.321s] INFO:colcon.colcon_core.shell:Creating package script '/home/user/aerial_robotics/tello_ros2_humble_driver/install/tello_description/share/tello_description/package.sh'
[1.321s] INFO:colcon.colcon_core.shell:Creating package script '/home/user/aerial_robotics/tello_ros2_humble_driver/install/tello_description/share/tello_description/package.bash'
[1.321s] INFO:colcon.colcon_core.shell:Creating package script '/home/user/aerial_robotics/tello_ros2_humble_driver/install/tello_description/share/tello_description/package.zsh'
[1.321s] Level 1:colcon.colcon_core.environment:create_file_with_runtime_dependencies(/home/user/aerial_robotics/tello_ros2_humble_driver/install/tello_description/share/colcon-core/packages/tello_description)
[1.961s] DEBUG:colcon.colcon_core.event_handler.log_command:Invoked command in '/home/user/aerial_robotics/tello_ros2_humble_driver/build/tello_msgs' returned '0': CMAKE_PREFIX_PATH=/opt/ros/humble /usr/bin/cmake /home/user/aerial_robotics/tello_ros2_humble_driver/tello_ros/tello_msgs -DAMENT_CMAKE_SYMLINK_INSTALL=1 -DCMAKE_INSTALL_PREFIX=/home/user/aerial_robotics/tello_ros2_humble_driver/install/tello_msgs
[1.962s] DEBUG:colcon.colcon_core.event_handler.log_command:Invoking command in '/home/user/aerial_robotics/tello_ros2_humble_driver/build/tello_msgs': CMAKE_PREFIX_PATH=/opt/ros/humble /usr/bin/cmake --build /home/user/aerial_robotics/tello_ros2_humble_driver/build/tello_msgs -- -j16 -l16
[3.926s] DEBUG:colcon.colcon_core.event_handler.log_command:Invoked command in '/home/user/aerial_robotics/tello_ros2_humble_driver/build/tello_msgs' returned '0': CMAKE_PREFIX_PATH=/opt/ros/humble /usr/bin/cmake --build /home/user/aerial_robotics/tello_ros2_humble_driver/build/tello_msgs -- -j16 -l16
[3.927s] DEBUG:colcon.colcon_core.event_handler.log_command:Invoking command in '/home/user/aerial_robotics/tello_ros2_humble_driver/build/tello_msgs': CMAKE_PREFIX_PATH=/opt/ros/humble /usr/bin/cmake --install /home/user/aerial_robotics/tello_ros2_humble_driver/build/tello_msgs
[4.393s] Level 1:colcon.colcon_core.environment:create_environment_scripts_only(tello_msgs)
[4.393s] Level 1:colcon.colcon_core.environment:checking '/home/user/aerial_robotics/tello_ros2_humble_driver/install/tello_msgs' for CMake module files
[4.393s] DEBUG:colcon.colcon_core.event_handler.log_command:Invoked command in '/home/user/aerial_robotics/tello_ros2_humble_driver/build/tello_msgs' returned '0': CMAKE_PREFIX_PATH=/opt/ros/humble /usr/bin/cmake --install /home/user/aerial_robotics/tello_ros2_humble_driver/build/tello_msgs
[4.393s] Level 1:colcon.colcon_core.environment:checking '/home/user/aerial_robotics/tello_ros2_humble_driver/install/tello_msgs' for CMake config files
[4.394s] Level 1:colcon.colcon_core.shell:create_environment_hook('tello_msgs', 'cmake_prefix_path')
[4.394s] INFO:colcon.colcon_core.shell:Creating environment hook '/home/user/aerial_robotics/tello_ros2_humble_driver/install/tello_msgs/share/tello_msgs/hook/cmake_prefix_path.ps1'
[4.394s] INFO:colcon.colcon_core.shell:Creating environment descriptor '/home/user/aerial_robotics/tello_ros2_humble_driver/install/tello_msgs/share/tello_msgs/hook/cmake_prefix_path.dsv'
[4.394s] INFO:colcon.colcon_core.shell:Creating environment hook '/home/user/aerial_robotics/tello_ros2_humble_driver/install/tello_msgs/share/tello_msgs/hook/cmake_prefix_path.sh'
[4.394s] Level 1:colcon.colcon_core.environment:checking '/home/user/aerial_robotics/tello_ros2_humble_driver/install/tello_msgs/lib'
[4.395s] Level 1:colcon.colcon_core.shell:create_environment_hook('tello_msgs', 'ld_library_path_lib')
[4.395s] INFO:colcon.colcon_core.shell:Creating environment hook '/home/user/aerial_robotics/tello_ros2_humble_driver/install/tello_msgs/share/tello_msgs/hook/ld_library_path_lib.ps1'
[4.395s] INFO:colcon.colcon_core.shell:Creating environment descriptor '/home/user/aerial_robotics/tello_ros2_humble_driver/install/tello_msgs/share/tello_msgs/hook/ld_library_path_lib.dsv'
[4.395s] INFO:colcon.colcon_core.shell:Creating environment hook '/home/user/aerial_robotics/tello_ros2_humble_driver/install/tello_msgs/share/tello_msgs/hook/ld_library_path_lib.sh'
[4.395s] Level 1:colcon.colcon_core.environment:checking '/home/user/aerial_robotics/tello_ros2_humble_driver/install/tello_msgs/bin'
[4.395s] Level 1:colcon.colcon_core.environment:checking '/home/user/aerial_robotics/tello_ros2_humble_driver/install/tello_msgs/lib/pkgconfig/tello_msgs.pc'
[4.395s] Level 1:colcon.colcon_core.environment:checking '/home/user/aerial_robotics/tello_ros2_humble_driver/install/tello_msgs/lib/python3.10/site-packages'
[4.395s] Level 1:colcon.colcon_core.environment:checking '/home/user/aerial_robotics/tello_ros2_humble_driver/install/tello_msgs/bin'
[4.395s] INFO:colcon.colcon_core.shell:Creating package script '/home/user/aerial_robotics/tello_ros2_humble_driver/install/tello_msgs/share/tello_msgs/package.ps1'
[4.396s] INFO:colcon.colcon_core.shell:Creating package descriptor '/home/user/aerial_robotics/tello_ros2_humble_driver/install/tello_msgs/share/tello_msgs/package.dsv'
[4.396s] INFO:colcon.colcon_core.shell:Creating package script '/home/user/aerial_robotics/tello_ros2_humble_driver/install/tello_msgs/share/tello_msgs/package.sh'
[4.396s] INFO:colcon.colcon_core.shell:Creating package script '/home/user/aerial_robotics/tello_ros2_humble_driver/install/tello_msgs/share/tello_msgs/package.bash'
[4.396s] INFO:colcon.colcon_core.shell:Creating package script '/home/user/aerial_robotics/tello_ros2_humble_driver/install/tello_msgs/share/tello_msgs/package.zsh'
[4.396s] Level 1:colcon.colcon_core.environment:create_file_with_runtime_dependencies(/home/user/aerial_robotics/tello_ros2_humble_driver/install/tello_msgs/share/colcon-core/packages/tello_msgs)
[4.397s] Level 1:colcon.colcon_core.environment:create_environment_scripts_only(tello_msgs)
[4.397s] Level 1:colcon.colcon_core.environment:checking '/home/user/aerial_robotics/tello_ros2_humble_driver/install/tello_msgs' for CMake module files
[4.397s] Level 1:colcon.colcon_core.environment:checking '/home/user/aerial_robotics/tello_ros2_humble_driver/install/tello_msgs' for CMake config files
[4.397s] Level 1:colcon.colcon_core.shell:create_environment_hook('tello_msgs', 'cmake_prefix_path')
[4.397s] INFO:colcon.colcon_core.shell:Creating environment hook '/home/user/aerial_robotics/tello_ros2_humble_driver/install/tello_msgs/share/tello_msgs/hook/cmake_prefix_path.ps1'
[4.398s] INFO:colcon.colcon_core.shell:Creating environment descriptor '/home/user/aerial_robotics/tello_ros2_humble_driver/install/tello_msgs/share/tello_msgs/hook/cmake_prefix_path.dsv'
[4.398s] INFO:colcon.colcon_core.shell:Creating environment hook '/home/user/aerial_robotics/tello_ros2_humble_driver/install/tello_msgs/share/tello_msgs/hook/cmake_prefix_path.sh'
[4.398s] Level 1:colcon.colcon_core.environment:checking '/home/user/aerial_robotics/tello_ros2_humble_driver/install/tello_msgs/lib'
[4.398s] Level 1:colcon.colcon_core.shell:create_environment_hook('tello_msgs', 'ld_library_path_lib')
[4.398s] INFO:colcon.colcon_core.shell:Creating environment hook '/home/user/aerial_robotics/tello_ros2_humble_driver/install/tello_msgs/share/tello_msgs/hook/ld_library_path_lib.ps1'
[4.398s] INFO:colcon.colcon_core.shell:Creating environment descriptor '/home/user/aerial_robotics/tello_ros2_humble_driver/install/tello_msgs/share/tello_msgs/hook/ld_library_path_lib.dsv'
[4.398s] INFO:colcon.colcon_core.shell:Creating environment hook '/home/user/aerial_robotics/tello_ros2_humble_driver/install/tello_msgs/share/tello_msgs/hook/ld_library_path_lib.sh'
[4.398s] Level 1:colcon.colcon_core.environment:checking '/home/user/aerial_robotics/tello_ros2_humble_driver/install/tello_msgs/bin'
[4.398s] Level 1:colcon.colcon_core.environment:checking '/home/user/aerial_robotics/tello_ros2_humble_driver/install/tello_msgs/lib/pkgconfig/tello_msgs.pc'
[4.399s] Level 1:colcon.colcon_core.environment:checking '/home/user/aerial_robotics/tello_ros2_humble_driver/install/tello_msgs/lib/python3.10/site-packages'
[4.399s] Level 1:colcon.colcon_core.environment:checking '/home/user/aerial_robotics/tello_ros2_humble_driver/install/tello_msgs/bin'
[4.399s] INFO:colcon.colcon_core.shell:Creating package script '/home/user/aerial_robotics/tello_ros2_humble_driver/install/tello_msgs/share/tello_msgs/package.ps1'
[4.399s] INFO:colcon.colcon_core.shell:Creating package descriptor '/home/user/aerial_robotics/tello_ros2_humble_driver/install/tello_msgs/share/tello_msgs/package.dsv'
[4.399s] INFO:colcon.colcon_core.shell:Creating package script '/home/user/aerial_robotics/tello_ros2_humble_driver/install/tello_msgs/share/tello_msgs/package.sh'
[4.399s] INFO:colcon.colcon_core.shell:Creating package script '/home/user/aerial_robotics/tello_ros2_humble_driver/install/tello_msgs/share/tello_msgs/package.bash'
[4.400s] INFO:colcon.colcon_core.shell:Creating package script '/home/user/aerial_robotics/tello_ros2_humble_driver/install/tello_msgs/share/tello_msgs/package.zsh'
[4.400s] Level 1:colcon.colcon_core.environment:create_file_with_runtime_dependencies(/home/user/aerial_robotics/tello_ros2_humble_driver/install/tello_msgs/share/colcon-core/packages/tello_msgs)
[4.400s] INFO:colcon.colcon_ros.task.ament_cmake.build:Building ROS package in '/home/user/aerial_robotics/tello_ros2_humble_driver/tello_ros/tello_driver' with build type 'ament_cmake'
[4.400s] INFO:colcon.colcon_cmake.task.cmake.build:Building CMake package in '/home/user/aerial_robotics/tello_ros2_humble_driver/tello_ros/tello_driver'
[4.400s] INFO:colcon.colcon_core.shell:Skip shell extension 'powershell' for command environment: Not usable outside of PowerShell
[4.400s] DEBUG:colcon.colcon_core.shell:Skip shell extension 'dsv' for command environment
[4.402s] INFO:colcon.colcon_ros.task.ament_cmake.build:Building ROS package in '/home/user/aerial_robotics/tello_ros2_humble_driver/tello_ros/tello_gazebo' with build type 'ament_cmake'
[4.402s] INFO:colcon.colcon_cmake.task.cmake.build:Building CMake package in '/home/user/aerial_robotics/tello_ros2_humble_driver/tello_ros/tello_gazebo'
[4.402s] INFO:colcon.colcon_core.shell:Skip shell extension 'powershell' for command environment: Not usable outside of PowerShell
[4.402s] DEBUG:colcon.colcon_core.shell:Skip shell extension 'dsv' for command environment
[4.420s] DEBUG:colcon.colcon_core.event_handler.log_command:Invoking command in '/home/user/aerial_robotics/tello_ros2_humble_driver/build/tello_gazebo': AMENT_PREFIX_PATH=/home/user/aerial_robotics/tello_ros2_humble_driver/install/tello_msgs:${AMENT_PREFIX_PATH} CMAKE_PREFIX_PATH=/home/user/aerial_robotics/tello_ros2_humble_driver/install/tello_msgs:/opt/ros/humble LD_LIBRARY_PATH=/home/user/aerial_robotics/tello_ros2_humble_driver/install/tello_msgs/lib:${LD_LIBRARY_PATH} PYTHONPATH=/home/user/aerial_robotics/tello_ros2_humble_driver/install/tello_msgs/local/lib/python3.10/dist-packages:${PYTHONPATH} /usr/bin/cmake /home/user/aerial_robotics/tello_ros2_humble_driver/tello_ros/tello_gazebo -DAMENT_CMAKE_SYMLINK_INSTALL=1 -DCMAKE_INSTALL_PREFIX=/home/user/aerial_robotics/tello_ros2_humble_driver/install/tello_gazebo
[4.431s] DEBUG:colcon.colcon_core.event_handler.log_command:Invoking command in '/home/user/aerial_robotics/tello_ros2_humble_driver/build/tello_driver': AMENT_PREFIX_PATH=/home/user/aerial_robotics/tello_ros2_humble_driver/install/tello_msgs:/home/user/aerial_robotics/tello_ros2_humble_driver/install/ros2_shared:${AMENT_PREFIX_PATH} CMAKE_PREFIX_PATH=/home/user/aerial_robotics/tello_ros2_humble_driver/install/tello_msgs:/home/user/aerial_robotics/tello_ros2_humble_driver/install/ros2_shared:/opt/ros/humble LD_LIBRARY_PATH=/home/user/aerial_robotics/tello_ros2_humble_driver/install/tello_msgs/lib:${LD_LIBRARY_PATH} PYTHONPATH=/home/user/aerial_robotics/tello_ros2_humble_driver/install/tello_msgs/local/lib/python3.10/dist-packages:${PYTHONPATH} /usr/bin/cmake /home/user/aerial_robotics/tello_ros2_humble_driver/tello_ros/tello_driver -DAMENT_CMAKE_SYMLINK_INSTALL=1 -DCMAKE_INSTALL_PREFIX=/home/user/aerial_robotics/tello_ros2_humble_driver/install/tello_driver
[6.866s] DEBUG:colcon.colcon_core.event_handler.log_command:Invoked command in '/home/user/aerial_robotics/tello_ros2_humble_driver/build/tello_driver' returned '0': AMENT_PREFIX_PATH=/home/user/aerial_robotics/tello_ros2_humble_driver/install/tello_msgs:/home/user/aerial_robotics/tello_ros2_humble_driver/install/ros2_shared:${AMENT_PREFIX_PATH} CMAKE_PREFIX_PATH=/home/user/aerial_robotics/tello_ros2_humble_driver/install/tello_msgs:/home/user/aerial_robotics/tello_ros2_humble_driver/install/ros2_shared:/opt/ros/humble LD_LIBRARY_PATH=/home/user/aerial_robotics/tello_ros2_humble_driver/install/tello_msgs/lib:${LD_LIBRARY_PATH} PYTHONPATH=/home/user/aerial_robotics/tello_ros2_humble_driver/install/tello_msgs/local/lib/python3.10/dist-packages:${PYTHONPATH} /usr/bin/cmake /home/user/aerial_robotics/tello_ros2_humble_driver/tello_ros/tello_driver -DAMENT_CMAKE_SYMLINK_INSTALL=1 -DCMAKE_INSTALL_PREFIX=/home/user/aerial_robotics/tello_ros2_humble_driver/install/tello_driver
[6.867s] DEBUG:colcon.colcon_core.event_handler.log_command:Invoking command in '/home/user/aerial_robotics/tello_ros2_humble_driver/build/tello_driver': AMENT_PREFIX_PATH=/home/user/aerial_robotics/tello_ros2_humble_driver/install/tello_msgs:/home/user/aerial_robotics/tello_ros2_humble_driver/install/ros2_shared:${AMENT_PREFIX_PATH} CMAKE_PREFIX_PATH=/home/user/aerial_robotics/tello_ros2_humble_driver/install/tello_msgs:/home/user/aerial_robotics/tello_ros2_humble_driver/install/ros2_shared:/opt/ros/humble LD_LIBRARY_PATH=/home/user/aerial_robotics/tello_ros2_humble_driver/install/tello_msgs/lib:${LD_LIBRARY_PATH} PYTHONPATH=/home/user/aerial_robotics/tello_ros2_humble_driver/install/tello_msgs/local/lib/python3.10/dist-packages:${PYTHONPATH} /usr/bin/cmake --build /home/user/aerial_robotics/tello_ros2_humble_driver/build/tello_driver -- -j16 -l16
[17.253s] DEBUG:colcon.colcon_core.event_handler.log_command:Invoked command in '/home/user/aerial_robotics/tello_ros2_humble_driver/build/tello_driver' returned '0': AMENT_PREFIX_PATH=/home/user/aerial_robotics/tello_ros2_humble_driver/install/tello_msgs:/home/user/aerial_robotics/tello_ros2_humble_driver/install/ros2_shared:${AMENT_PREFIX_PATH} CMAKE_PREFIX_PATH=/home/user/aerial_robotics/tello_ros2_humble_driver/install/tello_msgs:/home/user/aerial_robotics/tello_ros2_humble_driver/install/ros2_shared:/opt/ros/humble LD_LIBRARY_PATH=/home/user/aerial_robotics/tello_ros2_humble_driver/install/tello_msgs/lib:${LD_LIBRARY_PATH} PYTHONPATH=/home/user/aerial_robotics/tello_ros2_humble_driver/install/tello_msgs/local/lib/python3.10/dist-packages:${PYTHONPATH} /usr/bin/cmake --build /home/user/aerial_robotics/tello_ros2_humble_driver/build/tello_driver -- -j16 -l16
[17.254s] DEBUG:colcon.colcon_core.event_handler.log_command:Invoking command in '/home/user/aerial_robotics/tello_ros2_humble_driver/build/tello_driver': AMENT_PREFIX_PATH=/home/user/aerial_robotics/tello_ros2_humble_driver/install/tello_msgs:/home/user/aerial_robotics/tello_ros2_humble_driver/install/ros2_shared:${AMENT_PREFIX_PATH} CMAKE_PREFIX_PATH=/home/user/aerial_robotics/tello_ros2_humble_driver/install/tello_msgs:/home/user/aerial_robotics/tello_ros2_humble_driver/install/ros2_shared:/opt/ros/humble LD_LIBRARY_PATH=/home/user/aerial_robotics/tello_ros2_humble_driver/install/tello_msgs/lib:${LD_LIBRARY_PATH} PYTHONPATH=/home/user/aerial_robotics/tello_ros2_humble_driver/install/tello_msgs/local/lib/python3.10/dist-packages:${PYTHONPATH} /usr/bin/cmake --install /home/user/aerial_robotics/tello_ros2_humble_driver/build/tello_driver
[17.377s] Level 1:colcon.colcon_core.environment:create_environment_scripts_only(tello_driver)
[17.377s] Level 1:colcon.colcon_core.environment:checking '/home/user/aerial_robotics/tello_ros2_humble_driver/install/tello_driver' for CMake module files
[17.378s] DEBUG:colcon.colcon_core.event_handler.log_command:Invoked command in '/home/user/aerial_robotics/tello_ros2_humble_driver/build/tello_driver' returned '0': AMENT_PREFIX_PATH=/home/user/aerial_robotics/tello_ros2_humble_driver/install/tello_msgs:/home/user/aerial_robotics/tello_ros2_humble_driver/install/ros2_shared:${AMENT_PREFIX_PATH} CMAKE_PREFIX_PATH=/home/user/aerial_robotics/tello_ros2_humble_driver/install/tello_msgs:/home/user/aerial_robotics/tello_ros2_humble_driver/install/ros2_shared:/opt/ros/humble LD_LIBRARY_PATH=/home/user/aerial_robotics/tello_ros2_humble_driver/install/tello_msgs/lib:${LD_LIBRARY_PATH} PYTHONPATH=/home/user/aerial_robotics/tello_ros2_humble_driver/install/tello_msgs/local/lib/python3.10/dist-packages:${PYTHONPATH} /usr/bin/cmake --install /home/user/aerial_robotics/tello_ros2_humble_driver/build/tello_driver
[17.378s] Level 1:colcon.colcon_core.environment:checking '/home/user/aerial_robotics/tello_ros2_humble_driver/install/tello_driver' for CMake config files
[17.378s] Level 1:colcon.colcon_core.shell:create_environment_hook('tello_driver', 'cmake_prefix_path')
[17.378s] INFO:colcon.colcon_core.shell:Creating environment hook '/home/user/aerial_robotics/tello_ros2_humble_driver/install/tello_driver/share/tello_driver/hook/cmake_prefix_path.ps1'
[17.378s] INFO:colcon.colcon_core.shell:Creating environment descriptor '/home/user/aerial_robotics/tello_ros2_humble_driver/install/tello_driver/share/tello_driver/hook/cmake_prefix_path.dsv'
[17.378s] INFO:colcon.colcon_core.shell:Creating environment hook '/home/user/aerial_robotics/tello_ros2_humble_driver/install/tello_driver/share/tello_driver/hook/cmake_prefix_path.sh'
[17.379s] Level 1:colcon.colcon_core.environment:checking '/home/user/aerial_robotics/tello_ros2_humble_driver/install/tello_driver/lib'
[17.379s] Level 1:colcon.colcon_core.shell:create_environment_hook('tello_driver', 'ld_library_path_lib')
[17.379s] INFO:colcon.colcon_core.shell:Creating environment hook '/home/user/aerial_robotics/tello_ros2_humble_driver/install/tello_driver/share/tello_driver/hook/ld_library_path_lib.ps1'
[17.379s] INFO:colcon.colcon_core.shell:Creating environment descriptor '/home/user/aerial_robotics/tello_ros2_humble_driver/install/tello_driver/share/tello_driver/hook/ld_library_path_lib.dsv'
[17.379s] INFO:colcon.colcon_core.shell:Creating environment hook '/home/user/aerial_robotics/tello_ros2_humble_driver/install/tello_driver/share/tello_driver/hook/ld_library_path_lib.sh'
[17.379s] Level 1:colcon.colcon_core.environment:checking '/home/user/aerial_robotics/tello_ros2_humble_driver/install/tello_driver/bin'
[17.379s] Level 1:colcon.colcon_core.environment:checking '/home/user/aerial_robotics/tello_ros2_humble_driver/install/tello_driver/lib/pkgconfig/tello_driver.pc'
[17.379s] Level 1:colcon.colcon_core.environment:checking '/home/user/aerial_robotics/tello_ros2_humble_driver/install/tello_driver/lib/python3.10/site-packages'
[17.380s] Level 1:colcon.colcon_core.environment:checking '/home/user/aerial_robotics/tello_ros2_humble_driver/install/tello_driver/bin'
[17.380s] INFO:colcon.colcon_core.shell:Creating package script '/home/user/aerial_robotics/tello_ros2_humble_driver/install/tello_driver/share/tello_driver/package.ps1'
[17.380s] INFO:colcon.colcon_core.shell:Creating package descriptor '/home/user/aerial_robotics/tello_ros2_humble_driver/install/tello_driver/share/tello_driver/package.dsv'
[17.380s] INFO:colcon.colcon_core.shell:Creating package script '/home/user/aerial_robotics/tello_ros2_humble_driver/install/tello_driver/share/tello_driver/package.sh'
[17.380s] INFO:colcon.colcon_core.shell:Creating package script '/home/user/aerial_robotics/tello_ros2_humble_driver/install/tello_driver/share/tello_driver/package.bash'
[17.380s] INFO:colcon.colcon_core.shell:Creating package script '/home/user/aerial_robotics/tello_ros2_humble_driver/install/tello_driver/share/tello_driver/package.zsh'
[17.380s] Level 1:colcon.colcon_core.environment:create_file_with_runtime_dependencies(/home/user/aerial_robotics/tello_ros2_humble_driver/install/tello_driver/share/colcon-core/packages/tello_driver)
[17.381s] Level 1:colcon.colcon_core.environment:create_environment_scripts_only(tello_driver)
[17.381s] Level 1:colcon.colcon_core.environment:checking '/home/user/aerial_robotics/tello_ros2_humble_driver/install/tello_driver' for CMake module files
[17.381s] Level 1:colcon.colcon_core.environment:checking '/home/user/aerial_robotics/tello_ros2_humble_driver/install/tello_driver' for CMake config files
[17.381s] Level 1:colcon.colcon_core.shell:create_environment_hook('tello_driver', 'cmake_prefix_path')
[17.381s] INFO:colcon.colcon_core.shell:Creating environment hook '/home/user/aerial_robotics/tello_ros2_humble_driver/install/tello_driver/share/tello_driver/hook/cmake_prefix_path.ps1'
[17.382s] INFO:colcon.colcon_core.shell:Creating environment descriptor '/home/user/aerial_robotics/tello_ros2_humble_driver/install/tello_driver/share/tello_driver/hook/cmake_prefix_path.dsv'
[17.382s] INFO:colcon.colcon_core.shell:Creating environment hook '/home/user/aerial_robotics/tello_ros2_humble_driver/install/tello_driver/share/tello_driver/hook/cmake_prefix_path.sh'
[17.382s] Level 1:colcon.colcon_core.environment:checking '/home/user/aerial_robotics/tello_ros2_humble_driver/install/tello_driver/lib'
[17.382s] Level 1:colcon.colcon_core.shell:create_environment_hook('tello_driver', 'ld_library_path_lib')
[17.382s] INFO:colcon.colcon_core.shell:Creating environment hook '/home/user/aerial_robotics/tello_ros2_humble_driver/install/tello_driver/share/tello_driver/hook/ld_library_path_lib.ps1'
[17.382s] INFO:colcon.colcon_core.shell:Creating environment descriptor '/home/user/aerial_robotics/tello_ros2_humble_driver/install/tello_driver/share/tello_driver/hook/ld_library_path_lib.dsv'
[17.382s] INFO:colcon.colcon_core.shell:Creating environment hook '/home/user/aerial_robotics/tello_ros2_humble_driver/install/tello_driver/share/tello_driver/hook/ld_library_path_lib.sh'
[17.382s] Level 1:colcon.colcon_core.environment:checking '/home/user/aerial_robotics/tello_ros2_humble_driver/install/tello_driver/bin'
[17.382s] Level 1:colcon.colcon_core.environment:checking '/home/user/aerial_robotics/tello_ros2_humble_driver/install/tello_driver/lib/pkgconfig/tello_driver.pc'
[17.383s] Level 1:colcon.colcon_core.environment:checking '/home/user/aerial_robotics/tello_ros2_humble_driver/install/tello_driver/lib/python3.10/site-packages'
[17.383s] Level 1:colcon.colcon_core.environment:checking '/home/user/aerial_robotics/tello_ros2_humble_driver/install/tello_driver/bin'
[17.383s] INFO:colcon.colcon_core.shell:Creating package script '/home/user/aerial_robotics/tello_ros2_humble_driver/install/tello_driver/share/tello_driver/package.ps1'
[17.383s] INFO:colcon.colcon_core.shell:Creating package descriptor '/home/user/aerial_robotics/tello_ros2_humble_driver/install/tello_driver/share/tello_driver/package.dsv'
[17.383s] INFO:colcon.colcon_core.shell:Creating package script '/home/user/aerial_robotics/tello_ros2_humble_driver/install/tello_driver/share/tello_driver/package.sh'
[17.383s] INFO:colcon.colcon_core.shell:Creating package script '/home/user/aerial_robotics/tello_ros2_humble_driver/install/tello_driver/share/tello_driver/package.bash'
[17.384s] INFO:colcon.colcon_core.shell:Creating package script '/home/user/aerial_robotics/tello_ros2_humble_driver/install/tello_driver/share/tello_driver/package.zsh'
[17.384s] Level 1:colcon.colcon_core.environment:create_file_with_runtime_dependencies(/home/user/aerial_robotics/tello_ros2_humble_driver/install/tello_driver/share/colcon-core/packages/tello_driver)
[23.243s] DEBUG:colcon.colcon_core.event_handler.log_command:Invoked command in '/home/user/aerial_robotics/tello_ros2_humble_driver/build/tello_gazebo' returned '0': AMENT_PREFIX_PATH=/home/user/aerial_robotics/tello_ros2_humble_driver/install/tello_msgs:${AMENT_PREFIX_PATH} CMAKE_PREFIX_PATH=/home/user/aerial_robotics/tello_ros2_humble_driver/install/tello_msgs:/opt/ros/humble LD_LIBRARY_PATH=/home/user/aerial_robotics/tello_ros2_humble_driver/install/tello_msgs/lib:${LD_LIBRARY_PATH} PYTHONPATH=/home/user/aerial_robotics/tello_ros2_humble_driver/install/tello_msgs/local/lib/python3.10/dist-packages:${PYTHONPATH} /usr/bin/cmake /home/user/aerial_robotics/tello_ros2_humble_driver/tello_ros/tello_gazebo -DAMENT_CMAKE_SYMLINK_INSTALL=1 -DCMAKE_INSTALL_PREFIX=/home/user/aerial_robotics/tello_ros2_humble_driver/install/tello_gazebo
[23.244s] DEBUG:colcon.colcon_core.event_handler.log_command:Invoking command in '/home/user/aerial_robotics/tello_ros2_humble_driver/build/tello_gazebo': AMENT_PREFIX_PATH=/home/user/aerial_robotics/tello_ros2_humble_driver/install/tello_msgs:${AMENT_PREFIX_PATH} CMAKE_PREFIX_PATH=/home/user/aerial_robotics/tello_ros2_humble_driver/install/tello_msgs:/opt/ros/humble LD_LIBRARY_PATH=/home/user/aerial_robotics/tello_ros2_humble_driver/install/tello_msgs/lib:${LD_LIBRARY_PATH} PYTHONPATH=/home/user/aerial_robotics/tello_ros2_humble_driver/install/tello_msgs/local/lib/python3.10/dist-packages:${PYTHONPATH} /usr/bin/cmake --build /home/user/aerial_robotics/tello_ros2_humble_driver/build/tello_gazebo -- -j16 -l16
[35.053s] DEBUG:colcon.colcon_core.event_handler.log_command:Invoked command in '/home/user/aerial_robotics/tello_ros2_humble_driver/build/tello_gazebo' returned '0': AMENT_PREFIX_PATH=/home/user/aerial_robotics/tello_ros2_humble_driver/install/tello_msgs:${AMENT_PREFIX_PATH} CMAKE_PREFIX_PATH=/home/user/aerial_robotics/tello_ros2_humble_driver/install/tello_msgs:/opt/ros/humble LD_LIBRARY_PATH=/home/user/aerial_robotics/tello_ros2_humble_driver/install/tello_msgs/lib:${LD_LIBRARY_PATH} PYTHONPATH=/home/user/aerial_robotics/tello_ros2_humble_driver/install/tello_msgs/local/lib/python3.10/dist-packages:${PYTHONPATH} /usr/bin/cmake --build /home/user/aerial_robotics/tello_ros2_humble_driver/build/tello_gazebo -- -j16 -l16
[35.054s] DEBUG:colcon.colcon_core.event_handler.log_command:Invoking command in '/home/user/aerial_robotics/tello_ros2_humble_driver/build/tello_gazebo': AMENT_PREFIX_PATH=/home/user/aerial_robotics/tello_ros2_humble_driver/install/tello_msgs:${AMENT_PREFIX_PATH} CMAKE_PREFIX_PATH=/home/user/aerial_robotics/tello_ros2_humble_driver/install/tello_msgs:/opt/ros/humble LD_LIBRARY_PATH=/home/user/aerial_robotics/tello_ros2_humble_driver/install/tello_msgs/lib:${LD_LIBRARY_PATH} PYTHONPATH=/home/user/aerial_robotics/tello_ros2_humble_driver/install/tello_msgs/local/lib/python3.10/dist-packages:${PYTHONPATH} /usr/bin/cmake --install /home/user/aerial_robotics/tello_ros2_humble_driver/build/tello_gazebo
[35.365s] Level 1:colcon.colcon_core.environment:create_environment_scripts_only(tello_gazebo)
[35.365s] Level 1:colcon.colcon_core.environment:checking '/home/user/aerial_robotics/tello_ros2_humble_driver/install/tello_gazebo' for CMake module files
[35.366s] DEBUG:colcon.colcon_core.event_handler.log_command:Invoked command in '/home/user/aerial_robotics/tello_ros2_humble_driver/build/tello_gazebo' returned '0': AMENT_PREFIX_PATH=/home/user/aerial_robotics/tello_ros2_humble_driver/install/tello_msgs:${AMENT_PREFIX_PATH} CMAKE_PREFIX_PATH=/home/user/aerial_robotics/tello_ros2_humble_driver/install/tello_msgs:/opt/ros/humble LD_LIBRARY_PATH=/home/user/aerial_robotics/tello_ros2_humble_driver/install/tello_msgs/lib:${LD_LIBRARY_PATH} PYTHONPATH=/home/user/aerial_robotics/tello_ros2_humble_driver/install/tello_msgs/local/lib/python3.10/dist-packages:${PYTHONPATH} /usr/bin/cmake --install /home/user/aerial_robotics/tello_ros2_humble_driver/build/tello_gazebo
[35.366s] Level 1:colcon.colcon_core.environment:checking '/home/user/aerial_robotics/tello_ros2_humble_driver/install/tello_gazebo' for CMake config files
[35.366s] Level 1:colcon.colcon_core.shell:create_environment_hook('tello_gazebo', 'cmake_prefix_path')
[35.366s] INFO:colcon.colcon_core.shell:Creating environment hook '/home/user/aerial_robotics/tello_ros2_humble_driver/install/tello_gazebo/share/tello_gazebo/hook/cmake_prefix_path.ps1'
[35.367s] INFO:colcon.colcon_core.shell:Creating environment descriptor '/home/user/aerial_robotics/tello_ros2_humble_driver/install/tello_gazebo/share/tello_gazebo/hook/cmake_prefix_path.dsv'
[35.367s] INFO:colcon.colcon_core.shell:Creating environment hook '/home/user/aerial_robotics/tello_ros2_humble_driver/install/tello_gazebo/share/tello_gazebo/hook/cmake_prefix_path.sh'
[35.367s] Level 1:colcon.colcon_core.environment:checking '/home/user/aerial_robotics/tello_ros2_humble_driver/install/tello_gazebo/lib'
[35.367s] Level 1:colcon.colcon_core.shell:create_environment_hook('tello_gazebo', 'ld_library_path_lib')
[35.367s] INFO:colcon.colcon_core.shell:Creating environment hook '/home/user/aerial_robotics/tello_ros2_humble_driver/install/tello_gazebo/share/tello_gazebo/hook/ld_library_path_lib.ps1'
[35.367s] INFO:colcon.colcon_core.shell:Creating environment descriptor '/home/user/aerial_robotics/tello_ros2_humble_driver/install/tello_gazebo/share/tello_gazebo/hook/ld_library_path_lib.dsv'
[35.367s] INFO:colcon.colcon_core.shell:Creating environment hook '/home/user/aerial_robotics/tello_ros2_humble_driver/install/tello_gazebo/share/tello_gazebo/hook/ld_library_path_lib.sh'
[35.368s] Level 1:colcon.colcon_core.environment:checking '/home/user/aerial_robotics/tello_ros2_humble_driver/install/tello_gazebo/bin'
[35.368s] Level 1:colcon.colcon_core.environment:checking '/home/user/aerial_robotics/tello_ros2_humble_driver/install/tello_gazebo/lib/pkgconfig/tello_gazebo.pc'
[35.368s] Level 1:colcon.colcon_core.environment:checking '/home/user/aerial_robotics/tello_ros2_humble_driver/install/tello_gazebo/lib/python3.10/site-packages'
[35.368s] Level 1:colcon.colcon_core.environment:checking '/home/user/aerial_robotics/tello_ros2_humble_driver/install/tello_gazebo/bin'
[35.368s] INFO:colcon.colcon_core.shell:Creating package script '/home/user/aerial_robotics/tello_ros2_humble_driver/install/tello_gazebo/share/tello_gazebo/package.ps1'
[35.368s] INFO:colcon.colcon_core.shell:Creating package descriptor '/home/user/aerial_robotics/tello_ros2_humble_driver/install/tello_gazebo/share/tello_gazebo/package.dsv'
[35.369s] INFO:colcon.colcon_core.shell:Creating package script '/home/user/aerial_robotics/tello_ros2_humble_driver/install/tello_gazebo/share/tello_gazebo/package.sh'
[35.369s] INFO:colcon.colcon_core.shell:Creating package script '/home/user/aerial_robotics/tello_ros2_humble_driver/install/tello_gazebo/share/tello_gazebo/package.bash'
[35.369s] INFO:colcon.colcon_core.shell:Creating package script '/home/user/aerial_robotics/tello_ros2_humble_driver/install/tello_gazebo/share/tello_gazebo/package.zsh'
[35.370s] Level 1:colcon.colcon_core.environment:create_file_with_runtime_dependencies(/home/user/aerial_robotics/tello_ros2_humble_driver/install/tello_gazebo/share/colcon-core/packages/tello_gazebo)
[35.370s] Level 1:colcon.colcon_core.environment:create_environment_scripts_only(tello_gazebo)
[35.370s] Level 1:colcon.colcon_core.environment:checking '/home/user/aerial_robotics/tello_ros2_humble_driver/install/tello_gazebo' for CMake module files
[35.370s] Level 1:colcon.colcon_core.environment:checking '/home/user/aerial_robotics/tello_ros2_humble_driver/install/tello_gazebo' for CMake config files
[35.370s] Level 1:colcon.colcon_core.shell:create_environment_hook('tello_gazebo', 'cmake_prefix_path')
[35.371s] INFO:colcon.colcon_core.shell:Creating environment hook '/home/user/aerial_robotics/tello_ros2_humble_driver/install/tello_gazebo/share/tello_gazebo/hook/cmake_prefix_path.ps1'
[35.371s] INFO:colcon.colcon_core.shell:Creating environment descriptor '/home/user/aerial_robotics/tello_ros2_humble_driver/install/tello_gazebo/share/tello_gazebo/hook/cmake_prefix_path.dsv'
[35.371s] INFO:colcon.colcon_core.shell:Creating environment hook '/home/user/aerial_robotics/tello_ros2_humble_driver/install/tello_gazebo/share/tello_gazebo/hook/cmake_prefix_path.sh'
[35.371s] Level 1:colcon.colcon_core.environment:checking '/home/user/aerial_robotics/tello_ros2_humble_driver/install/tello_gazebo/lib'
[35.371s] Level 1:colcon.colcon_core.shell:create_environment_hook('tello_gazebo', 'ld_library_path_lib')
[35.371s] INFO:colcon.colcon_core.shell:Creating environment hook '/home/user/aerial_robotics/tello_ros2_humble_driver/install/tello_gazebo/share/tello_gazebo/hook/ld_library_path_lib.ps1'
[35.371s] INFO:colcon.colcon_core.shell:Creating environment descriptor '/home/user/aerial_robotics/tello_ros2_humble_driver/install/tello_gazebo/share/tello_gazebo/hook/ld_library_path_lib.dsv'
[35.371s] INFO:colcon.colcon_core.shell:Creating environment hook '/home/user/aerial_robotics/tello_ros2_humble_driver/install/tello_gazebo/share/tello_gazebo/hook/ld_library_path_lib.sh'
[35.372s] Level 1:colcon.colcon_core.environment:checking '/home/user/aerial_robotics/tello_ros2_humble_driver/install/tello_gazebo/bin'
[35.372s] Level 1:colcon.colcon_core.environment:checking '/home/user/aerial_robotics/tello_ros2_humble_driver/install/tello_gazebo/lib/pkgconfig/tello_gazebo.pc'
[35.372s] Level 1:colcon.colcon_core.environment:checking '/home/user/aerial_robotics/tello_ros2_humble_driver/install/tello_gazebo/lib/python3.10/site-packages'
[35.372s] Level 1:colcon.colcon_core.environment:checking '/home/user/aerial_robotics/tello_ros2_humble_driver/install/tello_gazebo/bin'
[35.372s] INFO:colcon.colcon_core.shell:Creating package script '/home/user/aerial_robotics/tello_ros2_humble_driver/install/tello_gazebo/share/tello_gazebo/package.ps1'
[35.372s] INFO:colcon.colcon_core.shell:Creating package descriptor '/home/user/aerial_robotics/tello_ros2_humble_driver/install/tello_gazebo/share/tello_gazebo/package.dsv'
[35.372s] INFO:colcon.colcon_core.shell:Creating package script '/home/user/aerial_robotics/tello_ros2_humble_driver/install/tello_gazebo/share/tello_gazebo/package.sh'
[35.373s] INFO:colcon.colcon_core.shell:Creating package script '/home/user/aerial_robotics/tello_ros2_humble_driver/install/tello_gazebo/share/tello_gazebo/package.bash'
[35.373s] INFO:colcon.colcon_core.shell:Creating package script '/home/user/aerial_robotics/tello_ros2_humble_driver/install/tello_gazebo/share/tello_gazebo/package.zsh'
[35.373s] Level 1:colcon.colcon_core.environment:create_file_with_runtime_dependencies(/home/user/aerial_robotics/tello_ros2_humble_driver/install/tello_gazebo/share/colcon-core/packages/tello_gazebo)
[35.373s] DEBUG:colcon.colcon_parallel_executor.executor.parallel:closing loop
[35.373s] DEBUG:colcon.colcon_parallel_executor.executor.parallel:loop closed
[35.373s] DEBUG:colcon.colcon_parallel_executor.executor.parallel:run_until_complete finished with '0'
[35.373s] DEBUG:colcon.colcon_core.event_reactor:joining thread
[35.397s] INFO:colcon.colcon_core.plugin_system:Skipping extension 'colcon_notification.desktop_notification.notify_send': Could not find 'notify-send'
[35.397s] INFO:colcon.colcon_core.plugin_system:Skipping extension 'colcon_notification.desktop_notification.terminal_notifier': Not used on non-Darwin systems
[35.397s] INFO:colcon.colcon_core.plugin_system:Skipping extension 'colcon_notification.desktop_notification.win32': Not used on non-Windows systems
[35.397s] INFO:colcon.colcon_notification.desktop_notification:Sending desktop notification using 'notify2'
[35.397s] DEBUG:colcon.colcon_notification.desktop_notification.notify2:Failed to initialize notify2: org.freedesktop.DBus.Error.FileNotFound: Failed to connect to socket /run/user/1000/bus: No such file or directory
[35.397s] DEBUG:colcon.colcon_core.event_reactor:joined thread
[35.397s] INFO:colcon.colcon_core.shell:Creating prefix script '/home/user/aerial_robotics/tello_ros2_humble_driver/install/local_setup.ps1'
[35.398s] INFO:colcon.colcon_core.shell:Creating prefix util module '/home/user/aerial_robotics/tello_ros2_humble_driver/install/_local_setup_util_ps1.py'
[35.399s] INFO:colcon.colcon_core.shell:Creating prefix chain script '/home/user/aerial_robotics/tello_ros2_humble_driver/install/setup.ps1'
[35.400s] INFO:colcon.colcon_core.shell:Creating prefix script '/home/user/aerial_robotics/tello_ros2_humble_driver/install/local_setup.sh'
[35.400s] INFO:colcon.colcon_core.shell:Creating prefix util module '/home/user/aerial_robotics/tello_ros2_humble_driver/install/_local_setup_util_sh.py'
[35.400s] INFO:colcon.colcon_core.shell:Creating prefix chain script '/home/user/aerial_robotics/tello_ros2_humble_driver/install/setup.sh'
[35.401s] INFO:colcon.colcon_core.shell:Creating prefix script '/home/user/aerial_robotics/tello_ros2_humble_driver/install/local_setup.bash'
[35.401s] INFO:colcon.colcon_core.shell:Creating prefix chain script '/home/user/aerial_robotics/tello_ros2_humble_driver/install/setup.bash'
[35.402s] INFO:colcon.colcon_core.shell:Creating prefix script '/home/user/aerial_robotics/tello_ros2_humble_driver/install/local_setup.zsh'
[35.402s] INFO:colcon.colcon_core.shell:Creating prefix chain script '/home/user/aerial_robotics/tello_ros2_humble_driver/install/setup.zsh'
