[0.018s] Invoking command in '/home/user/aerial_robotics/tello_ros2_humble_driver/build/tello_gazebo': AMENT_PREFIX_PATH=/home/user/aerial_robotics/tello_ros2_humble_driver/install/tello_msgs:${AMENT_PREFIX_PATH} CMAKE_PREFIX_PATH=/home/user/aerial_robotics/tello_ros2_humble_driver/install/tello_msgs:/opt/ros/humble LD_LIBRARY_PATH=/home/user/aerial_robotics/tello_ros2_humble_driver/install/tello_msgs/lib:${LD_LIBRARY_PATH} PYTHONPATH=/home/user/aerial_robotics/tello_ros2_humble_driver/install/tello_msgs/local/lib/python3.10/dist-packages:${PYTHONPATH} /usr/bin/cmake /home/user/aerial_robotics/tello_ros2_humble_driver/tello_ros/tello_gazebo -DAMENT_CMAKE_SYMLINK_INSTALL=1 -DCMAKE_INSTALL_PREFIX=/home/user/aerial_robotics/tello_ros2_humble_driver/install/tello_gazebo
[0.071s] -- The C compiler identification is GNU 11.4.0
[0.198s] -- The CXX compiler identification is GNU 11.4.0
[0.298s] -- Detecting C compiler ABI info
[0.349s] -- Detecting C compiler ABI info - done
[0.352s] -- Check for working C compiler: /usr/bin/cc - skipped
[0.352s] -- Detecting C compile features
[0.353s] -- Detecting C compile features - done
[0.354s] -- Detecting CXX compiler ABI info
[0.412s] -- Detecting CXX compiler ABI info - done
[0.415s] -- Check for working CXX compiler: /usr/bin/c++ - skipped
[0.416s] -- Detecting CXX compile features
[0.416s] -- Detecting CXX compile features - done
[0.417s] -- Found ament_cmake: 1.3.14 (/opt/ros/humble/share/ament_cmake/cmake)
[0.490s] -- Found Python3: /usr/bin/python3 (found version "3.10.12") found components: Interpreter 
[0.521s] -- Override CMake install command with custom implementation using symlinks instead of copying resources
[0.537s] [33mCMake Warning (dev) at /usr/share/cmake-3.22/Modules/FindPackageHandleStandardArgs.cmake:438 (message):
[0.537s]   The package name passed to `find_package_handle_standard_args` (PkgConfig)
[0.537s]   does not match the name of the calling package (gazebo).  This can lead to
[0.537s]   problems in calling code that expects `find_package` result variables
[0.537s]   (e.g., `_FOUND`) to follow a certain pattern.
[0.537s] Call Stack (most recent call first):
[0.537s]   /usr/share/cmake-3.22/Modules/FindPkgConfig.cmake:99 (find_package_handle_standard_args)
[0.537s]   /usr/lib/x86_64-linux-gnu/cmake/gazebo/gazebo-config.cmake:72 (include)
[0.537s]   CMakeLists.txt:27 (find_package)
[0.537s] This warning is for project developers.  Use -Wno-dev to suppress it.
[0.537s] [0m
[0.537s] -- Found PkgConfig: /usr/bin/pkg-config (found version "0.29.2") 
[0.538s] -- Checking for module 'bullet>=2.82'
[0.545s] --   Found bullet, version 3.05
[0.608s] -- Found fcl: /usr/include (found suitable version "0.7.0", minimum required is "0.5.0") 
[0.632s] -- Found assimp: /usr/include (found version "5.2.0") 
[0.645s] -- Found DART: /usr/include (Required is at least version "6.6") found components: dart 
[0.781s] -- Found Boost: /usr/lib/x86_64-linux-gnu/cmake/Boost-1.74.0/BoostConfig.cmake (found suitable version "1.74.0", minimum required is "1.40.0") found components: thread system filesystem program_options regex iostreams date_time 
[0.944s] -- Found Protobuf: /usr/lib/x86_64-linux-gnu/libprotobuf.so (found version "3.12.4") 
[0.947s] -- Looking for ignition-math6 -- found version 6.15.1
[0.955s] -- Searching for dependencies of ignition-math6
[0.957s] -- Looking for OGRE...
[0.957s] -- OGRE_PREFIX_WATCH changed.
[0.960s] -- Checking for module 'OGRE'
[0.967s] --   Found OGRE, version 1.9.0
[0.985s] -- Found Ogre Ghadamon (1.9.0)
[1.115s] -- Found OGRE: optimized;/usr/lib/x86_64-linux-gnu/libOgreMain.so;debug;/usr/lib/x86_64-linux-gnu/libOgreMain.so
[1.120s] -- Looking for OGRE_Paging...
[1.233s] -- Found OGRE_Paging: optimized;/usr/lib/x86_64-linux-gnu/libOgrePaging.so;debug;/usr/lib/x86_64-linux-gnu/libOgrePaging.so
[1.233s] -- Looking for OGRE_Terrain...
[1.321s] -- Found OGRE_Terrain: optimized;/usr/lib/x86_64-linux-gnu/libOgreTerrain.so;debug;/usr/lib/x86_64-linux-gnu/libOgreTerrain.so
[1.321s] -- Looking for OGRE_Property...
[1.403s] -- Found OGRE_Property: optimized;/usr/lib/x86_64-linux-gnu/libOgreProperty.so;debug;/usr/lib/x86_64-linux-gnu/libOgreProperty.so
[1.403s] -- Looking for OGRE_RTShaderSystem...
[1.483s] -- Found OGRE_RTShaderSystem: optimized;/usr/lib/x86_64-linux-gnu/libOgreRTShaderSystem.so;debug;/usr/lib/x86_64-linux-gnu/libOgreRTShaderSystem.so
[1.483s] -- Looking for OGRE_Volume...
[1.575s] -- Found OGRE_Volume: optimized;/usr/lib/x86_64-linux-gnu/libOgreVolume.so;debug;/usr/lib/x86_64-linux-gnu/libOgreVolume.so
[1.575s] -- Looking for OGRE_Overlay...
[1.665s] -- Found OGRE_Overlay: optimized;/usr/lib/x86_64-linux-gnu/libOgreOverlay.so;debug;/usr/lib/x86_64-linux-gnu/libOgreOverlay.so
[11.770s] -- Looking for ignition-math6 -- found version 6.15.1
[11.773s] -- Looking for ignition-transport8 -- found version 8.2.1
[11.773s] -- Searching for dependencies of ignition-transport8
[12.201s] -- Found Protobuf: /usr/lib/x86_64-linux-gnu/libprotobuf.so (found suitable version "3.12.4", minimum required is "3") 
[12.654s] -- Config-file not installed for ZeroMQ -- checking for pkg-config
[12.658s] -- Checking for module 'libzmq >= 4'
[12.668s] --   Found libzmq , version 4.3.4
[12.690s] -- Found ZeroMQ: TRUE (Required is at least version "4") 
[12.712s] -- Checking for module 'uuid'
[12.720s] --   Found uuid, version 2.37.2
[12.743s] -- Found UUID: TRUE  
[12.744s] -- Looking for ignition-msgs5 -- found version 5.8.1
[12.744s] -- Searching for dependencies of ignition-msgs5
[13.245s] -- Looking for ignition-math6 -- found version 6.15.1
[13.249s] -- Checking for module 'tinyxml2'
[13.255s] --   Found tinyxml2, version 9.0.0
[13.273s] -- Looking for ignition-msgs5 -- found version 5.8.1
[13.274s] -- Looking for ignition-common3 -- found version 3.14.0
[13.274s] -- Searching for dependencies of ignition-common3
[13.286s] -- Looking for dlfcn.h - found
[13.297s] -- Looking for libdl - found
[13.297s] -- Found DL: TRUE  
[13.327s] -- Found tinyobjloader: /usr/lib/x86_64-linux-gnu/cmake/tinyobjloader/tinyobjloader-config.cmake (found version "2.0.0") 
[13.328s] -- Searching for <ignition-common3> component [graphics]
[13.329s] -- Looking for ignition-common3-graphics -- found version 3.14.0
[13.329s] -- Searching for dependencies of ignition-common3-graphics
[13.329s] -- Looking for ignition-math6 -- found version 6.15.1
[13.331s] -- Looking for ignition-fuel_tools4 -- found version 4.4.0
[13.331s] -- Searching for dependencies of ignition-fuel_tools4
[13.765s] -- Found CURL: /usr/lib/x86_64-linux-gnu/libcurl.so (found version "7.81.0")  
[13.770s] -- Checking for module 'jsoncpp'
[13.777s] --   Found jsoncpp, version 1.9.5
[13.793s] -- Found JSONCPP: TRUE  
[13.797s] -- Checking for module 'libzip'
[13.803s] --   Found libzip, version 1.7.3
[13.818s] -- Found ZIP: TRUE  
[13.818s] -- Looking for ignition-common3 -- found version 3.14.0
[13.818s] -- Looking for ignition-math6 -- found version 6.15.1
[13.818s] -- Looking for ignition-msgs5 -- found version 5.8.1
[13.823s] -- Found gazebo_dev: 3.9.0 (/opt/ros/humble/share/gazebo_dev/cmake)
[13.823s] -- Gazebo version: 11.10
[13.823s] -- Checking for module 'tbb'
[13.829s] --   Found tbb, version 2021.5.0
[13.844s] -- Found gazebo_ros: 3.9.0 (/opt/ros/humble/share/gazebo_ros/cmake)
[13.877s] -- Found rosidl_generator_c: 3.1.8 (/opt/ros/humble/share/rosidl_generator_c/cmake)
[13.878s] -- Found rosidl_adapter: 3.1.8 (/opt/ros/humble/share/rosidl_adapter/cmake)
[13.882s] -- Found rosidl_generator_cpp: 3.1.8 (/opt/ros/humble/share/rosidl_generator_cpp/cmake)
[13.887s] -- Using all available rosidl_typesupport_c: rosidl_typesupport_fastrtps_c;rosidl_typesupport_introspection_c
[13.894s] -- Using all available rosidl_typesupport_cpp: rosidl_typesupport_fastrtps_cpp;rosidl_typesupport_introspection_cpp
[13.912s] -- Found rmw_implementation_cmake: 6.1.2 (/opt/ros/humble/share/rmw_implementation_cmake/cmake)
[13.913s] -- Found rmw_fastrtps_cpp: 6.2.10 (/opt/ros/humble/share/rmw_fastrtps_cpp/cmake)
[14.290s] -- Found OpenSSL: /usr/lib/x86_64-linux-gnu/libcrypto.so (found version "3.0.2")  
[14.947s] -- Found FastRTPS: /opt/ros/humble/include  
[15.797s] -- Using RMW implementation 'rmw_fastrtps_cpp' as default
[15.801s] -- Found Threads: TRUE  
[15.823s] -- Found geometry_msgs: 4.9.1 (/opt/ros/humble/share/geometry_msgs/cmake)
[15.828s] -- Found sensor_msgs: 4.9.1 (/opt/ros/humble/share/sensor_msgs/cmake)
[15.836s] -- Found tello_msgs: 0.1.0 (/home/user/aerial_robotics/tello_ros2_humble_driver/install/tello_msgs/share/tello_msgs/cmake)
[15.875s] -- Configuring done
[15.902s] -- Generating done
[15.904s] -- Build files have been written to: /home/user/aerial_robotics/tello_ros2_humble_driver/build/tello_gazebo
[15.911s] Invoked command in '/home/user/aerial_robotics/tello_ros2_humble_driver/build/tello_gazebo' returned '0': AMENT_PREFIX_PATH=/home/user/aerial_robotics/tello_ros2_humble_driver/install/tello_msgs:${AMENT_PREFIX_PATH} CMAKE_PREFIX_PATH=/home/user/aerial_robotics/tello_ros2_humble_driver/install/tello_msgs:/opt/ros/humble LD_LIBRARY_PATH=/home/user/aerial_robotics/tello_ros2_humble_driver/install/tello_msgs/lib:${LD_LIBRARY_PATH} PYTHONPATH=/home/user/aerial_robotics/tello_ros2_humble_driver/install/tello_msgs/local/lib/python3.10/dist-packages:${PYTHONPATH} /usr/bin/cmake /home/user/aerial_robotics/tello_ros2_humble_driver/tello_ros/tello_gazebo -DAMENT_CMAKE_SYMLINK_INSTALL=1 -DCMAKE_INSTALL_PREFIX=/home/user/aerial_robotics/tello_ros2_humble_driver/install/tello_gazebo
[15.912s] Invoking command in '/home/user/aerial_robotics/tello_ros2_humble_driver/build/tello_gazebo': AMENT_PREFIX_PATH=/home/user/aerial_robotics/tello_ros2_humble_driver/install/tello_msgs:${AMENT_PREFIX_PATH} CMAKE_PREFIX_PATH=/home/user/aerial_robotics/tello_ros2_humble_driver/install/tello_msgs:/opt/ros/humble LD_LIBRARY_PATH=/home/user/aerial_robotics/tello_ros2_humble_driver/install/tello_msgs/lib:${LD_LIBRARY_PATH} PYTHONPATH=/home/user/aerial_robotics/tello_ros2_humble_driver/install/tello_msgs/local/lib/python3.10/dist-packages:${PYTHONPATH} /usr/bin/cmake --build /home/user/aerial_robotics/tello_ros2_humble_driver/build/tello_gazebo -- -j16 -l16
[15.938s] [ 50%] [32mBuilding CXX object CMakeFiles/TelloPlugin.dir/src/tello_plugin.cpp.o[0m
[27.216s] [100%] [32m[1mLinking CXX shared library libTelloPlugin.so[0m
[27.715s] [100%] Built target TelloPlugin
[27.721s] Invoked command in '/home/user/aerial_robotics/tello_ros2_humble_driver/build/tello_gazebo' returned '0': AMENT_PREFIX_PATH=/home/user/aerial_robotics/tello_ros2_humble_driver/install/tello_msgs:${AMENT_PREFIX_PATH} CMAKE_PREFIX_PATH=/home/user/aerial_robotics/tello_ros2_humble_driver/install/tello_msgs:/opt/ros/humble LD_LIBRARY_PATH=/home/user/aerial_robotics/tello_ros2_humble_driver/install/tello_msgs/lib:${LD_LIBRARY_PATH} PYTHONPATH=/home/user/aerial_robotics/tello_ros2_humble_driver/install/tello_msgs/local/lib/python3.10/dist-packages:${PYTHONPATH} /usr/bin/cmake --build /home/user/aerial_robotics/tello_ros2_humble_driver/build/tello_gazebo -- -j16 -l16
[27.722s] Invoking command in '/home/user/aerial_robotics/tello_ros2_humble_driver/build/tello_gazebo': AMENT_PREFIX_PATH=/home/user/aerial_robotics/tello_ros2_humble_driver/install/tello_msgs:${AMENT_PREFIX_PATH} CMAKE_PREFIX_PATH=/home/user/aerial_robotics/tello_ros2_humble_driver/install/tello_msgs:/opt/ros/humble LD_LIBRARY_PATH=/home/user/aerial_robotics/tello_ros2_humble_driver/install/tello_msgs/lib:${LD_LIBRARY_PATH} PYTHONPATH=/home/user/aerial_robotics/tello_ros2_humble_driver/install/tello_msgs/local/lib/python3.10/dist-packages:${PYTHONPATH} /usr/bin/cmake --install /home/user/aerial_robotics/tello_ros2_humble_driver/build/tello_gazebo
[27.726s] -- Install configuration: ""
[27.726s] -- Execute custom install script
[27.726s] -- Symlinking: /home/user/aerial_robotics/tello_ros2_humble_driver/install/tello_gazebo/lib/libTelloPlugin.so
[27.737s] -- Symlinking: /home/user/aerial_robotics/tello_ros2_humble_driver/install/tello_gazebo/share/tello_gazebo/models/asphalt_plane/materials/scripts/asphalt.material
[27.742s] -- Symlinking: /home/user/aerial_robotics/tello_ros2_humble_driver/install/tello_gazebo/share/tello_gazebo/models/asphalt_plane/materials/textures/tarmac.png
[27.746s] -- Symlinking: /home/user/aerial_robotics/tello_ros2_humble_driver/install/tello_gazebo/share/tello_gazebo/models/asphalt_plane/model-1_4.sdf
[27.750s] -- Symlinking: /home/user/aerial_robotics/tello_ros2_humble_driver/install/tello_gazebo/share/tello_gazebo/models/asphalt_plane/model.config
[27.754s] -- Symlinking: /home/user/aerial_robotics/tello_ros2_humble_driver/install/tello_gazebo/share/tello_gazebo/models/asphalt_plane/model.sdf
[27.759s] -- Symlinking: /home/user/aerial_robotics/tello_ros2_humble_driver/install/tello_gazebo/share/tello_gazebo/models/circle_gate_blue/circle_gate.dae
[27.763s] -- Symlinking: /home/user/aerial_robotics/tello_ros2_humble_driver/install/tello_gazebo/share/tello_gazebo/models/circle_gate_blue/model.config
[27.767s] -- Symlinking: /home/user/aerial_robotics/tello_ros2_humble_driver/install/tello_gazebo/share/tello_gazebo/models/circle_gate_blue/model.sdf
[27.772s] -- Symlinking: /home/user/aerial_robotics/tello_ros2_humble_driver/install/tello_gazebo/share/tello_gazebo/models/circle_gate_green/circle_gate.dae
[27.776s] -- Symlinking: /home/user/aerial_robotics/tello_ros2_humble_driver/install/tello_gazebo/share/tello_gazebo/models/circle_gate_green/model.config
[27.780s] -- Symlinking: /home/user/aerial_robotics/tello_ros2_humble_driver/install/tello_gazebo/share/tello_gazebo/models/circle_gate_green/model.sdf
[27.784s] -- Symlinking: /home/user/aerial_robotics/tello_ros2_humble_driver/install/tello_gazebo/share/tello_gazebo/models/circle_gate_green_short/circle_gate_short.dae
[27.788s] -- Symlinking: /home/user/aerial_robotics/tello_ros2_humble_driver/install/tello_gazebo/share/tello_gazebo/models/circle_gate_green_short/model.config
[27.793s] -- Symlinking: /home/user/aerial_robotics/tello_ros2_humble_driver/install/tello_gazebo/share/tello_gazebo/models/circle_gate_green_short/model.sdf
[27.797s] -- Symlinking: /home/user/aerial_robotics/tello_ros2_humble_driver/install/tello_gazebo/share/tello_gazebo/models/circle_gate_green_tall/circle_gate_tall.dae
[27.802s] -- Symlinking: /home/user/aerial_robotics/tello_ros2_humble_driver/install/tello_gazebo/share/tello_gazebo/models/circle_gate_green_tall/model.config
[27.806s] -- Symlinking: /home/user/aerial_robotics/tello_ros2_humble_driver/install/tello_gazebo/share/tello_gazebo/models/circle_gate_green_tall/model.sdf
[27.810s] -- Symlinking: /home/user/aerial_robotics/tello_ros2_humble_driver/install/tello_gazebo/share/tello_gazebo/models/circle_gate_red/circle_gate.dae
[27.814s] -- Symlinking: /home/user/aerial_robotics/tello_ros2_humble_driver/install/tello_gazebo/share/tello_gazebo/models/circle_gate_red/model.config
[27.819s] -- Symlinking: /home/user/aerial_robotics/tello_ros2_humble_driver/install/tello_gazebo/share/tello_gazebo/models/circle_gate_red/model.sdf
[27.823s] -- Symlinking: /home/user/aerial_robotics/tello_ros2_humble_driver/install/tello_gazebo/share/tello_gazebo/models/euro_pallet/meshes/pallet.dae
[27.827s] -- Symlinking: /home/user/aerial_robotics/tello_ros2_humble_driver/install/tello_gazebo/share/tello_gazebo/models/euro_pallet/model.config
[27.831s] -- Symlinking: /home/user/aerial_robotics/tello_ros2_humble_driver/install/tello_gazebo/share/tello_gazebo/models/euro_pallet/model.sdf
[27.835s] -- Symlinking: /home/user/aerial_robotics/tello_ros2_humble_driver/install/tello_gazebo/share/tello_gazebo/models/square_gate_blue/model.config
[27.840s] -- Symlinking: /home/user/aerial_robotics/tello_ros2_humble_driver/install/tello_gazebo/share/tello_gazebo/models/square_gate_blue/model.sdf
[27.844s] -- Symlinking: /home/user/aerial_robotics/tello_ros2_humble_driver/install/tello_gazebo/share/tello_gazebo/models/square_gate_blue/square_gate.dae
[27.848s] -- Symlinking: /home/user/aerial_robotics/tello_ros2_humble_driver/install/tello_gazebo/share/tello_gazebo/models/square_gate_green/model.config
[27.853s] -- Symlinking: /home/user/aerial_robotics/tello_ros2_humble_driver/install/tello_gazebo/share/tello_gazebo/models/square_gate_green/model.sdf
[27.857s] -- Symlinking: /home/user/aerial_robotics/tello_ros2_humble_driver/install/tello_gazebo/share/tello_gazebo/models/square_gate_green/square_gate.dae
[27.862s] -- Symlinking: /home/user/aerial_robotics/tello_ros2_humble_driver/install/tello_gazebo/share/tello_gazebo/models/square_gate_green_short/model.config
[27.866s] -- Symlinking: /home/user/aerial_robotics/tello_ros2_humble_driver/install/tello_gazebo/share/tello_gazebo/models/square_gate_green_short/model.sdf
[27.871s] -- Symlinking: /home/user/aerial_robotics/tello_ros2_humble_driver/install/tello_gazebo/share/tello_gazebo/models/square_gate_green_short/square_gate_short.dae
[27.875s] -- Symlinking: /home/user/aerial_robotics/tello_ros2_humble_driver/install/tello_gazebo/share/tello_gazebo/models/square_gate_green_tall/model.config
[27.879s] -- Symlinking: /home/user/aerial_robotics/tello_ros2_humble_driver/install/tello_gazebo/share/tello_gazebo/models/square_gate_green_tall/model.sdf
[27.883s] -- Symlinking: /home/user/aerial_robotics/tello_ros2_humble_driver/install/tello_gazebo/share/tello_gazebo/models/square_gate_green_tall/square_gate_tall.dae
[27.888s] -- Symlinking: /home/user/aerial_robotics/tello_ros2_humble_driver/install/tello_gazebo/share/tello_gazebo/models/square_gate_red/model.config
[27.892s] -- Symlinking: /home/user/aerial_robotics/tello_ros2_humble_driver/install/tello_gazebo/share/tello_gazebo/models/square_gate_red/model.sdf
[27.897s] -- Symlinking: /home/user/aerial_robotics/tello_ros2_humble_driver/install/tello_gazebo/share/tello_gazebo/models/square_gate_red/square_gate.dae
[27.902s] -- Symlinking: /home/user/aerial_robotics/tello_ros2_humble_driver/install/tello_gazebo/share/tello_gazebo/models/stop_sign/materials/scripts/stopsign.material
[27.907s] -- Symlinking: /home/user/aerial_robotics/tello_ros2_humble_driver/install/tello_gazebo/share/tello_gazebo/models/stop_sign/materials/textures/StopSign_Diffuse.png
[27.912s] -- Symlinking: /home/user/aerial_robotics/tello_ros2_humble_driver/install/tello_gazebo/share/tello_gazebo/models/stop_sign/materials/textures/StopSign_Spec.png
[27.916s] -- Symlinking: /home/user/aerial_robotics/tello_ros2_humble_driver/install/tello_gazebo/share/tello_gazebo/models/stop_sign/meshes/stop_sign.dae
[27.921s] -- Symlinking: /home/user/aerial_robotics/tello_ros2_humble_driver/install/tello_gazebo/share/tello_gazebo/models/stop_sign/model-1_3.sdf
[27.925s] -- Symlinking: /home/user/aerial_robotics/tello_ros2_humble_driver/install/tello_gazebo/share/tello_gazebo/models/stop_sign/model-1_4.sdf
[27.930s] -- Symlinking: /home/user/aerial_robotics/tello_ros2_humble_driver/install/tello_gazebo/share/tello_gazebo/models/stop_sign/model.config
[27.934s] -- Symlinking: /home/user/aerial_robotics/tello_ros2_humble_driver/install/tello_gazebo/share/tello_gazebo/models/stop_sign/model.sdf
[27.940s] -- Symlinking: /home/user/aerial_robotics/tello_ros2_humble_driver/install/tello_gazebo/share/tello_gazebo/worlds/demo_track.world
[27.944s] -- Symlinking: /home/user/aerial_robotics/tello_ros2_humble_driver/install/tello_gazebo/share/tello_gazebo/worlds/simple.world
[27.950s] -- Symlinking: /home/user/aerial_robotics/tello_ros2_humble_driver/install/tello_gazebo/share/tello_gazebo/launch/__pycache__/vlam_launch.cpython-38.pyc
[27.954s] -- Symlinking: /home/user/aerial_robotics/tello_ros2_humble_driver/install/tello_gazebo/share/tello_gazebo/launch/demo_track_launch.py
[27.958s] -- Symlinking: /home/user/aerial_robotics/tello_ros2_humble_driver/install/tello_gazebo/share/tello_gazebo/launch/simple_launch.py
[27.962s] -- Symlinking: /home/user/aerial_robotics/tello_ros2_humble_driver/install/tello_gazebo/lib/tello_gazebo/inject_entity.py
[27.967s] -- Symlinking: /home/user/aerial_robotics/tello_ros2_humble_driver/install/tello_gazebo/share/ament_index/resource_index/package_run_dependencies/tello_gazebo
[27.971s] -- Symlinking: /home/user/aerial_robotics/tello_ros2_humble_driver/install/tello_gazebo/share/ament_index/resource_index/parent_prefix_path/tello_gazebo
[27.976s] -- Symlinking: /home/user/aerial_robotics/tello_ros2_humble_driver/install/tello_gazebo/share/tello_gazebo/environment/ament_prefix_path.sh
[27.980s] -- Symlinking: /home/user/aerial_robotics/tello_ros2_humble_driver/install/tello_gazebo/share/tello_gazebo/environment/ament_prefix_path.dsv
[27.984s] -- Symlinking: /home/user/aerial_robotics/tello_ros2_humble_driver/install/tello_gazebo/share/tello_gazebo/environment/path.sh
[27.988s] -- Symlinking: /home/user/aerial_robotics/tello_ros2_humble_driver/install/tello_gazebo/share/tello_gazebo/environment/path.dsv
[27.993s] -- Symlinking: /home/user/aerial_robotics/tello_ros2_humble_driver/install/tello_gazebo/share/tello_gazebo/local_setup.bash
[27.997s] -- Symlinking: /home/user/aerial_robotics/tello_ros2_humble_driver/install/tello_gazebo/share/tello_gazebo/local_setup.sh
[28.002s] -- Symlinking: /home/user/aerial_robotics/tello_ros2_humble_driver/install/tello_gazebo/share/tello_gazebo/local_setup.zsh
[28.006s] -- Symlinking: /home/user/aerial_robotics/tello_ros2_humble_driver/install/tello_gazebo/share/tello_gazebo/local_setup.dsv
[28.010s] -- Symlinking: /home/user/aerial_robotics/tello_ros2_humble_driver/install/tello_gazebo/share/tello_gazebo/package.dsv
[28.015s] -- Symlinking: /home/user/aerial_robotics/tello_ros2_humble_driver/install/tello_gazebo/share/ament_index/resource_index/packages/tello_gazebo
[28.019s] -- Symlinking: /home/user/aerial_robotics/tello_ros2_humble_driver/install/tello_gazebo/share/tello_gazebo/cmake/tello_gazeboConfig.cmake
[28.023s] -- Symlinking: /home/user/aerial_robotics/tello_ros2_humble_driver/install/tello_gazebo/share/tello_gazebo/cmake/tello_gazeboConfig-version.cmake
[28.027s] -- Symlinking: /home/user/aerial_robotics/tello_ros2_humble_driver/install/tello_gazebo/share/tello_gazebo/package.xml
[28.033s] Invoked command in '/home/user/aerial_robotics/tello_ros2_humble_driver/build/tello_gazebo' returned '0': AMENT_PREFIX_PATH=/home/user/aerial_robotics/tello_ros2_humble_driver/install/tello_msgs:${AMENT_PREFIX_PATH} CMAKE_PREFIX_PATH=/home/user/aerial_robotics/tello_ros2_humble_driver/install/tello_msgs:/opt/ros/humble LD_LIBRARY_PATH=/home/user/aerial_robotics/tello_ros2_humble_driver/install/tello_msgs/lib:${LD_LIBRARY_PATH} PYTHONPATH=/home/user/aerial_robotics/tello_ros2_humble_driver/install/tello_msgs/local/lib/python3.10/dist-packages:${PYTHONPATH} /usr/bin/cmake --install /home/user/aerial_robotics/tello_ros2_humble_driver/build/tello_gazebo
