-- The C compiler identification is GNU 11.4.0
-- The CXX compiler identification is GNU 11.4.0
-- Detecting C compiler ABI info
-- Detecting C compiler ABI info - done
-- Check for working C compiler: /usr/bin/cc - skipped
-- Detecting C compile features
-- Detecting C compile features - done
-- Detecting CXX compiler ABI info
-- Detecting CXX compiler ABI info - done
-- Check for working CXX compiler: /usr/bin/c++ - skipped
-- Detecting CXX compile features
-- Detecting CXX compile features - done
-- Found ament_cmake: 1.3.14 (/opt/ros/humble/share/ament_cmake/cmake)
-- Found Python3: /usr/bin/python3 (found version "3.10.12") found components: Interpreter 
-- Override CMake install command with custom implementation using symlinks instead of copying resources
-- Found rosidl_default_generators: 1.2.1 (/opt/ros/humble/share/rosidl_default_generators/cmake)
-- Using all available rosidl_typesupport_c: rosidl_typesupport_fastrtps_c;rosidl_typesupport_introspection_c
-- Found rosidl_adapter: 3.1.8 (/opt/ros/humble/share/rosidl_adapter/cmake)
-- Using all available rosidl_typesupport_cpp: rosidl_typesupport_fastrtps_cpp;rosidl_typesupport_introspection_cpp
-- Found std_msgs: 4.9.1 (/opt/ros/humble/share/std_msgs/cmake)
-- Found ament_cmake_ros: 0.10.0 (/opt/ros/humble/share/ament_cmake_ros/cmake)
-- Using all available rosidl_typesupport_c: rosidl_typesupport_fastrtps_c;rosidl_typesupport_introspection_c
-- Using all available rosidl_typesupport_cpp: rosidl_typesupport_fastrtps_cpp;rosidl_typesupport_introspection_cpp
-- Found PythonInterp: /usr/bin/python3 (found suitable version "3.10.12", minimum required is "3.6") 
-- Found python_cmake_module: 0.10.0 (/opt/ros/humble/share/python_cmake_module/cmake)
-- Found PythonLibs: /usr/lib/x86_64-linux-gnu/libpython3.10.so (found suitable version "3.10.12", minimum required is "3.5") 
-- Using PYTHON_EXECUTABLE: /usr/bin/python3
-- Using PYTHON_INCLUDE_DIRS: /usr/include/python3.10
-- Using PYTHON_LIBRARIES: /usr/lib/x86_64-linux-gnu/libpython3.10.so
-- Found PythonExtra: .so  
-- Configuring done
-- Generating done
-- Build files have been written to: /home/user/aerial_robotics/tello_ros2_humble_driver/build/tello_msgs
[  2%] [34m[1mGenerating C code for ROS interfaces[0m
[  4%] [34m[1mGenerating C++ code for ROS interfaces[0m
[  6%] [34m[1mGenerating Rust code for ROS interfaces[0m
[  6%] Built target ament_cmake_python_symlink_tello_msgs
running egg_info
creating tello_msgs.egg-info
writing tello_msgs.egg-info/PKG-INFO
writing dependency_links to tello_msgs.egg-info/dependency_links.txt
writing top-level names to tello_msgs.egg-info/top_level.txt
writing manifest file 'tello_msgs.egg-info/SOURCES.txt'
reading manifest file 'tello_msgs.egg-info/SOURCES.txt'
writing manifest file 'tello_msgs.egg-info/SOURCES.txt'
[  6%] Built target ament_cmake_python_build_tello_msgs_egg
[  6%] Built target tello_msgs__rs
[  6%] Built target tello_msgs__cpp
[  8%] [32mBuilding C object CMakeFiles/tello_msgs__rosidl_generator_c.dir/rosidl_generator_c/tello_msgs/msg/detail/flight_data__functions.c.o[0m
[ 10%] [32mBuilding C object CMakeFiles/tello_msgs__rosidl_generator_c.dir/rosidl_generator_c/tello_msgs/srv/detail/tello_action__functions.c.o[0m
[ 12%] [32mBuilding C object CMakeFiles/tello_msgs__rosidl_generator_c.dir/rosidl_generator_c/tello_msgs/msg/detail/tello_response__functions.c.o[0m
[ 14%] [34m[1mGenerating C++ type support dispatch for ROS interfaces[0m
[ 16%] [34m[1mGenerating C++ introspection for ROS interfaces[0m
[ 18%] [34m[1mGenerating C++ type support for eProsima Fast-RTPS[0m
[ 20%] [32m[1mLinking C shared library libtello_msgs__rosidl_generator_c.so[0m
[ 20%] Built target tello_msgs__rosidl_generator_c
[ 22%] [34m[1mGenerating C introspection for ROS interfaces[0m
[ 25%] [34m[1mGenerating C type support dispatch for ROS interfaces[0m
[ 27%] [34m[1mGenerating C type support for eProsima Fast-RTPS[0m
[ 29%] [32mBuilding CXX object CMakeFiles/tello_msgs__rosidl_typesupport_cpp.dir/rosidl_typesupport_cpp/tello_msgs/msg/tello_response__type_support.cpp.o[0m
[ 31%] [32mBuilding CXX object CMakeFiles/tello_msgs__rosidl_typesupport_cpp.dir/rosidl_typesupport_cpp/tello_msgs/msg/flight_data__type_support.cpp.o[0m
[ 33%] [32mBuilding CXX object CMakeFiles/tello_msgs__rosidl_typesupport_cpp.dir/rosidl_typesupport_cpp/tello_msgs/srv/tello_action__type_support.cpp.o[0m
[ 35%] [32mBuilding CXX object CMakeFiles/tello_msgs__rosidl_typesupport_introspection_cpp.dir/rosidl_typesupport_introspection_cpp/tello_msgs/msg/detail/tello_response__type_support.cpp.o[0m
[ 37%] [32mBuilding CXX object CMakeFiles/tello_msgs__rosidl_typesupport_introspection_cpp.dir/rosidl_typesupport_introspection_cpp/tello_msgs/msg/detail/flight_data__type_support.cpp.o[0m
[ 39%] [32mBuilding CXX object CMakeFiles/tello_msgs__rosidl_typesupport_introspection_cpp.dir/rosidl_typesupport_introspection_cpp/tello_msgs/srv/detail/tello_action__type_support.cpp.o[0m
[ 41%] [32mBuilding CXX object CMakeFiles/tello_msgs__rosidl_typesupport_fastrtps_cpp.dir/rosidl_typesupport_fastrtps_cpp/tello_msgs/msg/detail/dds_fastrtps/tello_response__type_support.cpp.o[0m
[ 45%] [32mBuilding CXX object CMakeFiles/tello_msgs__rosidl_typesupport_fastrtps_cpp.dir/rosidl_typesupport_fastrtps_cpp/tello_msgs/srv/detail/dds_fastrtps/tello_action__type_support.cpp.o[0m
[ 45%] [32mBuilding CXX object CMakeFiles/tello_msgs__rosidl_typesupport_fastrtps_cpp.dir/rosidl_typesupport_fastrtps_cpp/tello_msgs/msg/detail/dds_fastrtps/flight_data__type_support.cpp.o[0m
[ 50%] [32mBuilding CXX object CMakeFiles/tello_msgs__rosidl_typesupport_c.dir/rosidl_typesupport_c/tello_msgs/srv/tello_action__type_support.cpp.o[0m
[ 50%] [32mBuilding CXX object CMakeFiles/tello_msgs__rosidl_typesupport_c.dir/rosidl_typesupport_c/tello_msgs/msg/flight_data__type_support.cpp.o[0m
[ 52%] [32mBuilding CXX object CMakeFiles/tello_msgs__rosidl_typesupport_c.dir/rosidl_typesupport_c/tello_msgs/msg/tello_response__type_support.cpp.o[0m
[ 54%] [32m[1mLinking CXX shared library libtello_msgs__rosidl_typesupport_c.so[0m
[ 56%] [32mBuilding C object CMakeFiles/tello_msgs__rosidl_typesupport_introspection_c.dir/rosidl_typesupport_introspection_c/tello_msgs/msg/detail/tello_response__type_support.c.o[0m
[ 58%] [32mBuilding C object CMakeFiles/tello_msgs__rosidl_typesupport_introspection_c.dir/rosidl_typesupport_introspection_c/tello_msgs/msg/detail/flight_data__type_support.c.o[0m
[ 60%] [32mBuilding C object CMakeFiles/tello_msgs__rosidl_typesupport_introspection_c.dir/rosidl_typesupport_introspection_c/tello_msgs/srv/detail/tello_action__type_support.c.o[0m
[ 64%] [32mBuilding CXX object CMakeFiles/tello_msgs__rosidl_typesupport_fastrtps_c.dir/rosidl_typesupport_fastrtps_c/tello_msgs/msg/detail/flight_data__type_support_c.cpp.o[0m
[ 64%] [32mBuilding CXX object CMakeFiles/tello_msgs__rosidl_typesupport_fastrtps_c.dir/rosidl_typesupport_fastrtps_c/tello_msgs/msg/detail/tello_response__type_support_c.cpp.o[0m
[ 66%] [32mBuilding CXX object CMakeFiles/tello_msgs__rosidl_typesupport_fastrtps_c.dir/rosidl_typesupport_fastrtps_c/tello_msgs/srv/detail/tello_action__type_support_c.cpp.o[0m
[ 68%] [32m[1mLinking C shared library libtello_msgs__rosidl_typesupport_introspection_c.so[0m
[ 70%] [32m[1mLinking CXX shared library libtello_msgs__rosidl_typesupport_cpp.so[0m
[ 70%] Built target tello_msgs__rosidl_typesupport_c
[ 70%] Built target tello_msgs__rosidl_typesupport_introspection_c
[ 70%] Built target tello_msgs__rosidl_typesupport_cpp
[ 72%] [32m[1mLinking CXX shared library libtello_msgs__rosidl_typesupport_introspection_cpp.so[0m
[ 75%] [32m[1mLinking CXX shared library libtello_msgs__rosidl_typesupport_fastrtps_cpp.so[0m
[ 75%] Built target tello_msgs__rosidl_typesupport_introspection_cpp
[ 77%] [32m[1mLinking CXX shared library libtello_msgs__rosidl_typesupport_fastrtps_c.so[0m
[ 77%] Built target tello_msgs__rosidl_typesupport_fastrtps_cpp
[ 77%] Built target tello_msgs__rosidl_typesupport_fastrtps_c
[ 77%] Built target tello_msgs
[ 79%] [34m[1mGenerating Python code for ROS interfaces[0m
[ 79%] Built target tello_msgs__py
[ 81%] [32mBuilding C object CMakeFiles/tello_msgs__rosidl_generator_py.dir/rosidl_generator_py/tello_msgs/msg/_flight_data_s.c.o[0m
[ 83%] [32mBuilding C object CMakeFiles/tello_msgs__rosidl_generator_py.dir/rosidl_generator_py/tello_msgs/srv/_tello_action_s.c.o[0m
[ 85%] [32mBuilding C object CMakeFiles/tello_msgs__rosidl_generator_py.dir/rosidl_generator_py/tello_msgs/msg/_tello_response_s.c.o[0m
[ 87%] [32m[1mLinking C shared library rosidl_generator_py/tello_msgs/libtello_msgs__rosidl_generator_py.so[0m
[ 87%] Built target tello_msgs__rosidl_generator_py
[ 91%] [32mBuilding C object CMakeFiles/tello_msgs__rosidl_typesupport_fastrtps_c__pyext.dir/rosidl_generator_py/tello_msgs/_tello_msgs_s.ep.rosidl_typesupport_fastrtps_c.c.o[0m
[ 91%] [32mBuilding C object CMakeFiles/tello_msgs__rosidl_typesupport_c__pyext.dir/rosidl_generator_py/tello_msgs/_tello_msgs_s.ep.rosidl_typesupport_c.c.o[0m
[ 93%] [32mBuilding C object CMakeFiles/tello_msgs__rosidl_typesupport_introspection_c__pyext.dir/rosidl_generator_py/tello_msgs/_tello_msgs_s.ep.rosidl_typesupport_introspection_c.c.o[0m
[100%] [32m[1mLinking C shared library rosidl_generator_py/tello_msgs/tello_msgs_s__rosidl_typesupport_c.cpython-310-x86_64-linux-gnu.so[0m
[100%] [32m[1mLinking C shared library rosidl_generator_py/tello_msgs/tello_msgs_s__rosidl_typesupport_fastrtps_c.cpython-310-x86_64-linux-gnu.so[0m
[100%] [32m[1mLinking C shared library rosidl_generator_py/tello_msgs/tello_msgs_s__rosidl_typesupport_introspection_c.cpython-310-x86_64-linux-gnu.so[0m
[100%] Built target tello_msgs__rosidl_typesupport_introspection_c__pyext
[100%] Built target tello_msgs__rosidl_typesupport_c__pyext
[100%] Built target tello_msgs__rosidl_typesupport_fastrtps_c__pyext
-- Install configuration: ""
-- Execute custom install script
-- Symlinking: /home/user/aerial_robotics/tello_ros2_humble_driver/install/tello_msgs/share/ament_index/resource_index/rosidl_interfaces/tello_msgs
-- Symlinking: /home/user/aerial_robotics/tello_ros2_humble_driver/install/tello_msgs/include/tello_msgs/tello_msgs/msg/detail/flight_data__functions.h
-- Symlinking: /home/user/aerial_robotics/tello_ros2_humble_driver/install/tello_msgs/include/tello_msgs/tello_msgs/msg/detail/flight_data__struct.h
-- Symlinking: /home/user/aerial_robotics/tello_ros2_humble_driver/install/tello_msgs/include/tello_msgs/tello_msgs/msg/detail/flight_data__type_support.h
-- Symlinking: /home/user/aerial_robotics/tello_ros2_humble_driver/install/tello_msgs/include/tello_msgs/tello_msgs/msg/detail/tello_response__functions.h
-- Symlinking: /home/user/aerial_robotics/tello_ros2_humble_driver/install/tello_msgs/include/tello_msgs/tello_msgs/msg/detail/tello_response__struct.h
-- Symlinking: /home/user/aerial_robotics/tello_ros2_humble_driver/install/tello_msgs/include/tello_msgs/tello_msgs/msg/detail/tello_response__type_support.h
-- Symlinking: /home/user/aerial_robotics/tello_ros2_humble_driver/install/tello_msgs/include/tello_msgs/tello_msgs/msg/flight_data.h
-- Symlinking: /home/user/aerial_robotics/tello_ros2_humble_driver/install/tello_msgs/include/tello_msgs/tello_msgs/msg/rosidl_generator_c__visibility_control.h
-- Symlinking: /home/user/aerial_robotics/tello_ros2_humble_driver/install/tello_msgs/include/tello_msgs/tello_msgs/msg/tello_response.h
-- Symlinking: /home/user/aerial_robotics/tello_ros2_humble_driver/install/tello_msgs/include/tello_msgs/tello_msgs/srv/detail/tello_action__functions.h
-- Symlinking: /home/user/aerial_robotics/tello_ros2_humble_driver/install/tello_msgs/include/tello_msgs/tello_msgs/srv/detail/tello_action__struct.h
-- Symlinking: /home/user/aerial_robotics/tello_ros2_humble_driver/install/tello_msgs/include/tello_msgs/tello_msgs/srv/detail/tello_action__type_support.h
-- Symlinking: /home/user/aerial_robotics/tello_ros2_humble_driver/install/tello_msgs/include/tello_msgs/tello_msgs/srv/tello_action.h
-- Symlinking: /home/user/aerial_robotics/tello_ros2_humble_driver/install/tello_msgs/share/tello_msgs/environment/library_path.sh
-- Symlinking: /home/user/aerial_robotics/tello_ros2_humble_driver/install/tello_msgs/share/tello_msgs/environment/library_path.dsv
-- Symlinking: /home/user/aerial_robotics/tello_ros2_humble_driver/install/tello_msgs/include/tello_msgs/tello_msgs/msg/detail/flight_data__rosidl_typesupport_fastrtps_c.h
-- Symlinking: /home/user/aerial_robotics/tello_ros2_humble_driver/install/tello_msgs/include/tello_msgs/tello_msgs/msg/detail/tello_response__rosidl_typesupport_fastrtps_c.h
-- Symlinking: /home/user/aerial_robotics/tello_ros2_humble_driver/install/tello_msgs/include/tello_msgs/tello_msgs/msg/rosidl_typesupport_fastrtps_c__visibility_control.h
-- Symlinking: /home/user/aerial_robotics/tello_ros2_humble_driver/install/tello_msgs/include/tello_msgs/tello_msgs/srv/detail/tello_action__rosidl_typesupport_fastrtps_c.h
-- Symlinking: /home/user/aerial_robotics/tello_ros2_humble_driver/install/tello_msgs/include/tello_msgs/tello_msgs/msg/detail/flight_data__rosidl_typesupport_introspection_c.h
-- Symlinking: /home/user/aerial_robotics/tello_ros2_humble_driver/install/tello_msgs/include/tello_msgs/tello_msgs/msg/detail/tello_response__rosidl_typesupport_introspection_c.h
-- Symlinking: /home/user/aerial_robotics/tello_ros2_humble_driver/install/tello_msgs/include/tello_msgs/tello_msgs/msg/rosidl_typesupport_introspection_c__visibility_control.h
-- Symlinking: /home/user/aerial_robotics/tello_ros2_humble_driver/install/tello_msgs/include/tello_msgs/tello_msgs/srv/detail/tello_action__rosidl_typesupport_introspection_c.h
-- Symlinking: /home/user/aerial_robotics/tello_ros2_humble_driver/install/tello_msgs/include/tello_msgs/tello_msgs/msg/detail/flight_data__builder.hpp
-- Symlinking: /home/user/aerial_robotics/tello_ros2_humble_driver/install/tello_msgs/include/tello_msgs/tello_msgs/msg/detail/flight_data__struct.hpp
-- Symlinking: /home/user/aerial_robotics/tello_ros2_humble_driver/install/tello_msgs/include/tello_msgs/tello_msgs/msg/detail/flight_data__traits.hpp
-- Symlinking: /home/user/aerial_robotics/tello_ros2_humble_driver/install/tello_msgs/include/tello_msgs/tello_msgs/msg/detail/flight_data__type_support.hpp
-- Symlinking: /home/user/aerial_robotics/tello_ros2_humble_driver/install/tello_msgs/include/tello_msgs/tello_msgs/msg/detail/tello_response__builder.hpp
-- Symlinking: /home/user/aerial_robotics/tello_ros2_humble_driver/install/tello_msgs/include/tello_msgs/tello_msgs/msg/detail/tello_response__struct.hpp
-- Symlinking: /home/user/aerial_robotics/tello_ros2_humble_driver/install/tello_msgs/include/tello_msgs/tello_msgs/msg/detail/tello_response__traits.hpp
-- Symlinking: /home/user/aerial_robotics/tello_ros2_humble_driver/install/tello_msgs/include/tello_msgs/tello_msgs/msg/detail/tello_response__type_support.hpp
-- Symlinking: /home/user/aerial_robotics/tello_ros2_humble_driver/install/tello_msgs/include/tello_msgs/tello_msgs/msg/flight_data.hpp
-- Symlinking: /home/user/aerial_robotics/tello_ros2_humble_driver/install/tello_msgs/include/tello_msgs/tello_msgs/msg/rosidl_generator_cpp__visibility_control.hpp
-- Symlinking: /home/user/aerial_robotics/tello_ros2_humble_driver/install/tello_msgs/include/tello_msgs/tello_msgs/msg/tello_response.hpp
-- Symlinking: /home/user/aerial_robotics/tello_ros2_humble_driver/install/tello_msgs/include/tello_msgs/tello_msgs/srv/detail/tello_action__builder.hpp
-- Symlinking: /home/user/aerial_robotics/tello_ros2_humble_driver/install/tello_msgs/include/tello_msgs/tello_msgs/srv/detail/tello_action__struct.hpp
-- Symlinking: /home/user/aerial_robotics/tello_ros2_humble_driver/install/tello_msgs/include/tello_msgs/tello_msgs/srv/detail/tello_action__traits.hpp
-- Symlinking: /home/user/aerial_robotics/tello_ros2_humble_driver/install/tello_msgs/include/tello_msgs/tello_msgs/srv/detail/tello_action__type_support.hpp
-- Symlinking: /home/user/aerial_robotics/tello_ros2_humble_driver/install/tello_msgs/include/tello_msgs/tello_msgs/srv/tello_action.hpp
-- Symlinking: /home/user/aerial_robotics/tello_ros2_humble_driver/install/tello_msgs/include/tello_msgs/tello_msgs/msg/detail/flight_data__rosidl_typesupport_fastrtps_cpp.hpp
-- Symlinking: /home/user/aerial_robotics/tello_ros2_humble_driver/install/tello_msgs/include/tello_msgs/tello_msgs/msg/detail/tello_response__rosidl_typesupport_fastrtps_cpp.hpp
-- Symlinking: /home/user/aerial_robotics/tello_ros2_humble_driver/install/tello_msgs/include/tello_msgs/tello_msgs/msg/rosidl_typesupport_fastrtps_cpp__visibility_control.h
-- Symlinking: /home/user/aerial_robotics/tello_ros2_humble_driver/install/tello_msgs/include/tello_msgs/tello_msgs/srv/detail/tello_action__rosidl_typesupport_fastrtps_cpp.hpp
-- Symlinking: /home/user/aerial_robotics/tello_ros2_humble_driver/install/tello_msgs/include/tello_msgs/tello_msgs/msg/detail/flight_data__rosidl_typesupport_introspection_cpp.hpp
-- Symlinking: /home/user/aerial_robotics/tello_ros2_humble_driver/install/tello_msgs/include/tello_msgs/tello_msgs/msg/detail/tello_response__rosidl_typesupport_introspection_cpp.hpp
-- Symlinking: /home/user/aerial_robotics/tello_ros2_humble_driver/install/tello_msgs/include/tello_msgs/tello_msgs/srv/detail/tello_action__rosidl_typesupport_introspection_cpp.hpp
-- Symlinking: /home/user/aerial_robotics/tello_ros2_humble_driver/install/tello_msgs/share/tello_msgs/environment/pythonpath.sh
-- Symlinking: /home/user/aerial_robotics/tello_ros2_humble_driver/install/tello_msgs/share/tello_msgs/environment/pythonpath.dsv
-- Symlinking: /home/user/aerial_robotics/tello_ros2_humble_driver/install/tello_msgs/local/lib/python3.10/dist-packages/tello_msgs-0.1.0-py3.10.egg-info/PKG-INFO
-- Symlinking: /home/user/aerial_robotics/tello_ros2_humble_driver/install/tello_msgs/local/lib/python3.10/dist-packages/tello_msgs-0.1.0-py3.10.egg-info/SOURCES.txt
-- Symlinking: /home/user/aerial_robotics/tello_ros2_humble_driver/install/tello_msgs/local/lib/python3.10/dist-packages/tello_msgs-0.1.0-py3.10.egg-info/dependency_links.txt
-- Symlinking: /home/user/aerial_robotics/tello_ros2_humble_driver/install/tello_msgs/local/lib/python3.10/dist-packages/tello_msgs-0.1.0-py3.10.egg-info/top_level.txt
-- Symlinking: /home/user/aerial_robotics/tello_ros2_humble_driver/install/tello_msgs/local/lib/python3.10/dist-packages/tello_msgs/__init__.py
-- Symlinking: /home/user/aerial_robotics/tello_ros2_humble_driver/install/tello_msgs/local/lib/python3.10/dist-packages/tello_msgs/_tello_msgs_s.ep.rosidl_typesupport_c.c
-- Symlinking: /home/user/aerial_robotics/tello_ros2_humble_driver/install/tello_msgs/local/lib/python3.10/dist-packages/tello_msgs/_tello_msgs_s.ep.rosidl_typesupport_fastrtps_c.c
-- Symlinking: /home/user/aerial_robotics/tello_ros2_humble_driver/install/tello_msgs/local/lib/python3.10/dist-packages/tello_msgs/_tello_msgs_s.ep.rosidl_typesupport_introspection_c.c
-- Symlinking: /home/user/aerial_robotics/tello_ros2_humble_driver/install/tello_msgs/local/lib/python3.10/dist-packages/tello_msgs/libtello_msgs__rosidl_generator_py.so
-- Symlinking: /home/user/aerial_robotics/tello_ros2_humble_driver/install/tello_msgs/local/lib/python3.10/dist-packages/tello_msgs/msg/__init__.py
-- Symlinking: /home/user/aerial_robotics/tello_ros2_humble_driver/install/tello_msgs/local/lib/python3.10/dist-packages/tello_msgs/msg/_flight_data.py
-- Symlinking: /home/user/aerial_robotics/tello_ros2_humble_driver/install/tello_msgs/local/lib/python3.10/dist-packages/tello_msgs/msg/_flight_data_s.c
-- Symlinking: /home/user/aerial_robotics/tello_ros2_humble_driver/install/tello_msgs/local/lib/python3.10/dist-packages/tello_msgs/msg/_tello_response.py
-- Symlinking: /home/user/aerial_robotics/tello_ros2_humble_driver/install/tello_msgs/local/lib/python3.10/dist-packages/tello_msgs/msg/_tello_response_s.c
-- Symlinking: /home/user/aerial_robotics/tello_ros2_humble_driver/install/tello_msgs/local/lib/python3.10/dist-packages/tello_msgs/srv/__init__.py
-- Symlinking: /home/user/aerial_robotics/tello_ros2_humble_driver/install/tello_msgs/local/lib/python3.10/dist-packages/tello_msgs/srv/_tello_action.py
-- Symlinking: /home/user/aerial_robotics/tello_ros2_humble_driver/install/tello_msgs/local/lib/python3.10/dist-packages/tello_msgs/srv/_tello_action_s.c
-- Symlinking: /home/user/aerial_robotics/tello_ros2_humble_driver/install/tello_msgs/local/lib/python3.10/dist-packages/tello_msgs/tello_msgs_s__rosidl_typesupport_c.cpython-310-x86_64-linux-gnu.so
-- Symlinking: /home/user/aerial_robotics/tello_ros2_humble_driver/install/tello_msgs/local/lib/python3.10/dist-packages/tello_msgs/tello_msgs_s__rosidl_typesupport_fastrtps_c.cpython-310-x86_64-linux-gnu.so
-- Symlinking: /home/user/aerial_robotics/tello_ros2_humble_driver/install/tello_msgs/local/lib/python3.10/dist-packages/tello_msgs/tello_msgs_s__rosidl_typesupport_introspection_c.cpython-310-x86_64-linux-gnu.so
-- Up-to-date symlink: /home/user/aerial_robotics/tello_ros2_humble_driver/install/tello_msgs/local/lib/python3.10/dist-packages/tello_msgs/tello_msgs_s__rosidl_typesupport_fastrtps_c.cpython-310-x86_64-linux-gnu.so
-- Up-to-date symlink: /home/user/aerial_robotics/tello_ros2_humble_driver/install/tello_msgs/local/lib/python3.10/dist-packages/tello_msgs/tello_msgs_s__rosidl_typesupport_introspection_c.cpython-310-x86_64-linux-gnu.so
-- Up-to-date symlink: /home/user/aerial_robotics/tello_ros2_humble_driver/install/tello_msgs/local/lib/python3.10/dist-packages/tello_msgs/tello_msgs_s__rosidl_typesupport_c.cpython-310-x86_64-linux-gnu.so
-- Symlinking: /home/user/aerial_robotics/tello_ros2_humble_driver/install/tello_msgs/share/ament_index/resource_index/rust_packages/tello_msgs
-- Symlinking: /home/user/aerial_robotics/tello_ros2_humble_driver/install/tello_msgs/share/tello_msgs/rust/Cargo.toml
-- Symlinking: /home/user/aerial_robotics/tello_ros2_humble_driver/install/tello_msgs/share/tello_msgs/rust/build.rs
-- Symlinking: /home/user/aerial_robotics/tello_ros2_humble_driver/install/tello_msgs/share/tello_msgs/rust/src/lib.rs
-- Symlinking: /home/user/aerial_robotics/tello_ros2_humble_driver/install/tello_msgs/share/tello_msgs/rust/src/msg.rs
-- Symlinking: /home/user/aerial_robotics/tello_ros2_humble_driver/install/tello_msgs/share/tello_msgs/rust/src/msg/rmw.rs
-- Symlinking: /home/user/aerial_robotics/tello_ros2_humble_driver/install/tello_msgs/share/tello_msgs/rust/src/srv.rs
-- Symlinking: /home/user/aerial_robotics/tello_ros2_humble_driver/install/tello_msgs/share/tello_msgs/rust/src/srv/rmw.rs
-- Symlinking: /home/user/aerial_robotics/tello_ros2_humble_driver/install/tello_msgs/share/tello_msgs/msg/FlightData.idl
-- Symlinking: /home/user/aerial_robotics/tello_ros2_humble_driver/install/tello_msgs/share/tello_msgs/msg/TelloResponse.idl
-- Symlinking: /home/user/aerial_robotics/tello_ros2_humble_driver/install/tello_msgs/share/tello_msgs/srv/TelloAction.idl
-- Symlinking: /home/user/aerial_robotics/tello_ros2_humble_driver/install/tello_msgs/share/tello_msgs/msg/FlightData.msg
-- Symlinking: /home/user/aerial_robotics/tello_ros2_humble_driver/install/tello_msgs/share/tello_msgs/msg/TelloResponse.msg
-- Symlinking: /home/user/aerial_robotics/tello_ros2_humble_driver/install/tello_msgs/share/tello_msgs/srv/TelloAction.srv
-- Symlinking: /home/user/aerial_robotics/tello_ros2_humble_driver/install/tello_msgs/share/tello_msgs/srv/TelloAction_Request.msg
-- Symlinking: /home/user/aerial_robotics/tello_ros2_humble_driver/install/tello_msgs/share/tello_msgs/srv/TelloAction_Response.msg
-- Symlinking: /home/user/aerial_robotics/tello_ros2_humble_driver/install/tello_msgs/share/ament_index/resource_index/package_run_dependencies/tello_msgs
-- Symlinking: /home/user/aerial_robotics/tello_ros2_humble_driver/install/tello_msgs/share/ament_index/resource_index/parent_prefix_path/tello_msgs
-- Symlinking: /home/user/aerial_robotics/tello_ros2_humble_driver/install/tello_msgs/share/tello_msgs/environment/ament_prefix_path.sh
-- Symlinking: /home/user/aerial_robotics/tello_ros2_humble_driver/install/tello_msgs/share/tello_msgs/environment/ament_prefix_path.dsv
-- Symlinking: /home/user/aerial_robotics/tello_ros2_humble_driver/install/tello_msgs/share/tello_msgs/environment/path.sh
-- Symlinking: /home/user/aerial_robotics/tello_ros2_humble_driver/install/tello_msgs/share/tello_msgs/environment/path.dsv
-- Symlinking: /home/user/aerial_robotics/tello_ros2_humble_driver/install/tello_msgs/share/tello_msgs/local_setup.bash
-- Symlinking: /home/user/aerial_robotics/tello_ros2_humble_driver/install/tello_msgs/share/tello_msgs/local_setup.sh
-- Symlinking: /home/user/aerial_robotics/tello_ros2_humble_driver/install/tello_msgs/share/tello_msgs/local_setup.zsh
-- Symlinking: /home/user/aerial_robotics/tello_ros2_humble_driver/install/tello_msgs/share/tello_msgs/local_setup.dsv
-- Symlinking: /home/user/aerial_robotics/tello_ros2_humble_driver/install/tello_msgs/share/tello_msgs/package.dsv
-- Symlinking: /home/user/aerial_robotics/tello_ros2_humble_driver/install/tello_msgs/share/ament_index/resource_index/packages/tello_msgs
-- Symlinking: /home/user/aerial_robotics/tello_ros2_humble_driver/install/tello_msgs/share/tello_msgs/cmake/rosidl_cmake-extras.cmake
-- Symlinking: /home/user/aerial_robotics/tello_ros2_humble_driver/install/tello_msgs/share/tello_msgs/cmake/ament_cmake_export_dependencies-extras.cmake
-- Symlinking: /home/user/aerial_robotics/tello_ros2_humble_driver/install/tello_msgs/share/tello_msgs/cmake/ament_cmake_export_include_directories-extras.cmake
-- Symlinking: /home/user/aerial_robotics/tello_ros2_humble_driver/install/tello_msgs/share/tello_msgs/cmake/ament_cmake_export_libraries-extras.cmake
-- Symlinking: /home/user/aerial_robotics/tello_ros2_humble_driver/install/tello_msgs/share/tello_msgs/cmake/ament_cmake_export_targets-extras.cmake
-- Symlinking: /home/user/aerial_robotics/tello_ros2_humble_driver/install/tello_msgs/share/tello_msgs/cmake/rosidl_cmake_export_typesupport_targets-extras.cmake
-- Symlinking: /home/user/aerial_robotics/tello_ros2_humble_driver/install/tello_msgs/share/tello_msgs/cmake/rosidl_cmake_export_typesupport_libraries-extras.cmake
-- Symlinking: /home/user/aerial_robotics/tello_ros2_humble_driver/install/tello_msgs/share/tello_msgs/cmake/tello_msgsConfig.cmake
-- Symlinking: /home/user/aerial_robotics/tello_ros2_humble_driver/install/tello_msgs/share/tello_msgs/cmake/tello_msgsConfig-version.cmake
-- Symlinking: /home/user/aerial_robotics/tello_ros2_humble_driver/install/tello_msgs/share/tello_msgs/package.xml
-- Installing: /home/user/aerial_robotics/tello_ros2_humble_driver/install/tello_msgs/lib/libtello_msgs__rosidl_generator_c.so
-- Set runtime path of "/home/user/aerial_robotics/tello_ros2_humble_driver/install/tello_msgs/lib/libtello_msgs__rosidl_generator_c.so" to ""
-- Installing: /home/user/aerial_robotics/tello_ros2_humble_driver/install/tello_msgs/lib/libtello_msgs__rosidl_typesupport_fastrtps_c.so
-- Set runtime path of "/home/user/aerial_robotics/tello_ros2_humble_driver/install/tello_msgs/lib/libtello_msgs__rosidl_typesupport_fastrtps_c.so" to ""
-- Installing: /home/user/aerial_robotics/tello_ros2_humble_driver/install/tello_msgs/lib/libtello_msgs__rosidl_typesupport_introspection_c.so
-- Set runtime path of "/home/user/aerial_robotics/tello_ros2_humble_driver/install/tello_msgs/lib/libtello_msgs__rosidl_typesupport_introspection_c.so" to ""
-- Installing: /home/user/aerial_robotics/tello_ros2_humble_driver/install/tello_msgs/lib/libtello_msgs__rosidl_typesupport_c.so
-- Set runtime path of "/home/user/aerial_robotics/tello_ros2_humble_driver/install/tello_msgs/lib/libtello_msgs__rosidl_typesupport_c.so" to ""
-- Installing: /home/user/aerial_robotics/tello_ros2_humble_driver/install/tello_msgs/lib/libtello_msgs__rosidl_typesupport_fastrtps_cpp.so
-- Set runtime path of "/home/user/aerial_robotics/tello_ros2_humble_driver/install/tello_msgs/lib/libtello_msgs__rosidl_typesupport_fastrtps_cpp.so" to ""
-- Installing: /home/user/aerial_robotics/tello_ros2_humble_driver/install/tello_msgs/lib/libtello_msgs__rosidl_typesupport_introspection_cpp.so
-- Set runtime path of "/home/user/aerial_robotics/tello_ros2_humble_driver/install/tello_msgs/lib/libtello_msgs__rosidl_typesupport_introspection_cpp.so" to ""
-- Installing: /home/user/aerial_robotics/tello_ros2_humble_driver/install/tello_msgs/lib/libtello_msgs__rosidl_typesupport_cpp.so
-- Set runtime path of "/home/user/aerial_robotics/tello_ros2_humble_driver/install/tello_msgs/lib/libtello_msgs__rosidl_typesupport_cpp.so" to ""
Listing '/home/user/aerial_robotics/tello_ros2_humble_driver/install/tello_msgs/local/lib/python3.10/dist-packages/tello_msgs'...
Compiling '/home/user/aerial_robotics/tello_ros2_humble_driver/install/tello_msgs/local/lib/python3.10/dist-packages/tello_msgs/__init__.py'...
Listing '/home/user/aerial_robotics/tello_ros2_humble_driver/install/tello_msgs/local/lib/python3.10/dist-packages/tello_msgs/msg'...
Compiling '/home/user/aerial_robotics/tello_ros2_humble_driver/install/tello_msgs/local/lib/python3.10/dist-packages/tello_msgs/msg/__init__.py'...
Compiling '/home/user/aerial_robotics/tello_ros2_humble_driver/install/tello_msgs/local/lib/python3.10/dist-packages/tello_msgs/msg/_flight_data.py'...
Compiling '/home/user/aerial_robotics/tello_ros2_humble_driver/install/tello_msgs/local/lib/python3.10/dist-packages/tello_msgs/msg/_tello_response.py'...
Listing '/home/user/aerial_robotics/tello_ros2_humble_driver/install/tello_msgs/local/lib/python3.10/dist-packages/tello_msgs/srv'...
Compiling '/home/user/aerial_robotics/tello_ros2_humble_driver/install/tello_msgs/local/lib/python3.10/dist-packages/tello_msgs/srv/__init__.py'...
Compiling '/home/user/aerial_robotics/tello_ros2_humble_driver/install/tello_msgs/local/lib/python3.10/dist-packages/tello_msgs/srv/_tello_action.py'...
-- Installing: /home/user/aerial_robotics/tello_ros2_humble_driver/install/tello_msgs/lib/libtello_msgs__rosidl_generator_py.so
-- Set runtime path of "/home/user/aerial_robotics/tello_ros2_humble_driver/install/tello_msgs/lib/libtello_msgs__rosidl_generator_py.so" to ""
-- Installing: /home/user/aerial_robotics/tello_ros2_humble_driver/install/tello_msgs/share/tello_msgs/cmake/export_tello_msgs__rosidl_generator_cExport.cmake
-- Installing: /home/user/aerial_robotics/tello_ros2_humble_driver/install/tello_msgs/share/tello_msgs/cmake/export_tello_msgs__rosidl_generator_cExport-noconfig.cmake
-- Installing: /home/user/aerial_robotics/tello_ros2_humble_driver/install/tello_msgs/share/tello_msgs/cmake/export_tello_msgs__rosidl_typesupport_fastrtps_cExport.cmake
-- Installing: /home/user/aerial_robotics/tello_ros2_humble_driver/install/tello_msgs/share/tello_msgs/cmake/export_tello_msgs__rosidl_typesupport_fastrtps_cExport-noconfig.cmake
-- Installing: /home/user/aerial_robotics/tello_ros2_humble_driver/install/tello_msgs/share/tello_msgs/cmake/tello_msgs__rosidl_typesupport_introspection_cExport.cmake
-- Installing: /home/user/aerial_robotics/tello_ros2_humble_driver/install/tello_msgs/share/tello_msgs/cmake/tello_msgs__rosidl_typesupport_introspection_cExport-noconfig.cmake
-- Installing: /home/user/aerial_robotics/tello_ros2_humble_driver/install/tello_msgs/share/tello_msgs/cmake/tello_msgs__rosidl_typesupport_cExport.cmake
-- Installing: /home/user/aerial_robotics/tello_ros2_humble_driver/install/tello_msgs/share/tello_msgs/cmake/tello_msgs__rosidl_typesupport_cExport-noconfig.cmake
-- Installing: /home/user/aerial_robotics/tello_ros2_humble_driver/install/tello_msgs/share/tello_msgs/cmake/export_tello_msgs__rosidl_generator_cppExport.cmake
-- Installing: /home/user/aerial_robotics/tello_ros2_humble_driver/install/tello_msgs/share/tello_msgs/cmake/export_tello_msgs__rosidl_typesupport_fastrtps_cppExport.cmake
-- Installing: /home/user/aerial_robotics/tello_ros2_humble_driver/install/tello_msgs/share/tello_msgs/cmake/export_tello_msgs__rosidl_typesupport_fastrtps_cppExport-noconfig.cmake
-- Installing: /home/user/aerial_robotics/tello_ros2_humble_driver/install/tello_msgs/share/tello_msgs/cmake/tello_msgs__rosidl_typesupport_introspection_cppExport.cmake
-- Installing: /home/user/aerial_robotics/tello_ros2_humble_driver/install/tello_msgs/share/tello_msgs/cmake/tello_msgs__rosidl_typesupport_introspection_cppExport-noconfig.cmake
-- Installing: /home/user/aerial_robotics/tello_ros2_humble_driver/install/tello_msgs/share/tello_msgs/cmake/tello_msgs__rosidl_typesupport_cppExport.cmake
-- Installing: /home/user/aerial_robotics/tello_ros2_humble_driver/install/tello_msgs/share/tello_msgs/cmake/tello_msgs__rosidl_typesupport_cppExport-noconfig.cmake
-- Installing: /home/user/aerial_robotics/tello_ros2_humble_driver/install/tello_msgs/share/tello_msgs/cmake/export_tello_msgs__rosidl_generator_pyExport.cmake
-- Installing: /home/user/aerial_robotics/tello_ros2_humble_driver/install/tello_msgs/share/tello_msgs/cmake/export_tello_msgs__rosidl_generator_pyExport-noconfig.cmake
